Component: ARM Compiler 5.06 update 7 (build 960) Tool: armlink [4d3601]

==============================================================================

Section Cross References

    event_groups.o(i.vEventGroupClearBitsCallback) refers to event_groups.o(i.xEventGroupClearBits) for xEventGroupClearBits
    event_groups.o(i.vEventGroupDelete) refers to tasks.o(i.vTaskSuspendAll) for vTaskSuspendAll
    event_groups.o(i.vEventGroupDelete) refers to tasks.o(i.vTaskRemoveFromUnorderedEventList) for vTaskRemoveFromUnorderedEventList
    event_groups.o(i.vEventGroupDelete) refers to heap_4.o(i.vPortFree) for vPortFree
    event_groups.o(i.vEventGroupDelete) refers to tasks.o(i.xTaskResumeAll) for xTaskResumeAll
    event_groups.o(i.vEventGroupSetBitsCallback) refers to event_groups.o(i.xEventGroupSetBits) for xEventGroupSetBits
    event_groups.o(i.xEventGroupClearBits) refers to port.o(i.vPortEnterCritical) for vPortEnterCritical
    event_groups.o(i.xEventGroupClearBits) refers to port.o(i.vPortExitCritical) for vPortExitCritical
    event_groups.o(i.xEventGroupClearBitsFromISR) refers to timers.o(i.xTimerPendFunctionCallFromISR) for xTimerPendFunctionCallFromISR
    event_groups.o(i.xEventGroupClearBitsFromISR) refers to event_groups.o(i.vEventGroupClearBitsCallback) for vEventGroupClearBitsCallback
    event_groups.o(i.xEventGroupCreate) refers to heap_4.o(i.pvPortMalloc) for pvPortMalloc
    event_groups.o(i.xEventGroupCreate) refers to list.o(i.vListInitialise) for vListInitialise
    event_groups.o(i.xEventGroupCreateStatic) refers to list.o(i.vListInitialise) for vListInitialise
    event_groups.o(i.xEventGroupSetBits) refers to tasks.o(i.vTaskSuspendAll) for vTaskSuspendAll
    event_groups.o(i.xEventGroupSetBits) refers to tasks.o(i.vTaskRemoveFromUnorderedEventList) for vTaskRemoveFromUnorderedEventList
    event_groups.o(i.xEventGroupSetBits) refers to tasks.o(i.xTaskResumeAll) for xTaskResumeAll
    event_groups.o(i.xEventGroupSetBitsFromISR) refers to timers.o(i.xTimerPendFunctionCallFromISR) for xTimerPendFunctionCallFromISR
    event_groups.o(i.xEventGroupSetBitsFromISR) refers to event_groups.o(i.vEventGroupSetBitsCallback) for vEventGroupSetBitsCallback
    event_groups.o(i.xEventGroupSync) refers to tasks.o(i.xTaskGetSchedulerState) for xTaskGetSchedulerState
    event_groups.o(i.xEventGroupSync) refers to tasks.o(i.vTaskSuspendAll) for vTaskSuspendAll
    event_groups.o(i.xEventGroupSync) refers to event_groups.o(i.xEventGroupSetBits) for xEventGroupSetBits
    event_groups.o(i.xEventGroupSync) refers to tasks.o(i.vTaskPlaceOnUnorderedEventList) for vTaskPlaceOnUnorderedEventList
    event_groups.o(i.xEventGroupSync) refers to tasks.o(i.xTaskResumeAll) for xTaskResumeAll
    event_groups.o(i.xEventGroupSync) refers to tasks.o(i.uxTaskResetEventItemValue) for uxTaskResetEventItemValue
    event_groups.o(i.xEventGroupSync) refers to port.o(i.vPortEnterCritical) for vPortEnterCritical
    event_groups.o(i.xEventGroupSync) refers to port.o(i.vPortExitCritical) for vPortExitCritical
    event_groups.o(i.xEventGroupWaitBits) refers to tasks.o(i.xTaskGetSchedulerState) for xTaskGetSchedulerState
    event_groups.o(i.xEventGroupWaitBits) refers to tasks.o(i.vTaskSuspendAll) for vTaskSuspendAll
    event_groups.o(i.xEventGroupWaitBits) refers to event_groups.o(i.prvTestWaitCondition) for prvTestWaitCondition
    event_groups.o(i.xEventGroupWaitBits) refers to tasks.o(i.vTaskPlaceOnUnorderedEventList) for vTaskPlaceOnUnorderedEventList
    event_groups.o(i.xEventGroupWaitBits) refers to tasks.o(i.xTaskResumeAll) for xTaskResumeAll
    event_groups.o(i.xEventGroupWaitBits) refers to tasks.o(i.uxTaskResetEventItemValue) for uxTaskResetEventItemValue
    event_groups.o(i.xEventGroupWaitBits) refers to port.o(i.vPortEnterCritical) for vPortEnterCritical
    event_groups.o(i.xEventGroupWaitBits) refers to port.o(i.vPortExitCritical) for vPortExitCritical
    queue.o(i.pcQueueGetName) refers to queue.o(.bss) for xQueueRegistry
    queue.o(i.prvCopyDataFromQueue) refers to memcpya.o(.text) for __aeabi_memcpy
    queue.o(i.prvCopyDataToQueue) refers to tasks.o(i.xTaskPriorityDisinherit) for xTaskPriorityDisinherit
    queue.o(i.prvCopyDataToQueue) refers to memcpya.o(.text) for __aeabi_memcpy
    queue.o(i.prvInitialiseMutex) refers to queue.o(i.xQueueGenericSend) for xQueueGenericSend
    queue.o(i.prvInitialiseNewQueue) refers to queue.o(i.xQueueGenericReset) for xQueueGenericReset
    queue.o(i.prvIsQueueEmpty) refers to port.o(i.vPortEnterCritical) for vPortEnterCritical
    queue.o(i.prvIsQueueEmpty) refers to port.o(i.vPortExitCritical) for vPortExitCritical
    queue.o(i.prvIsQueueFull) refers to port.o(i.vPortEnterCritical) for vPortEnterCritical
    queue.o(i.prvIsQueueFull) refers to port.o(i.vPortExitCritical) for vPortExitCritical
    queue.o(i.prvUnlockQueue) refers to port.o(i.vPortEnterCritical) for vPortEnterCritical
[...]
    LPTIM3_IRQHandler                        0x080003bf   Thumb Code     0  startup_stm32h723xx.o(.text)
    LPTIM4_IRQHandler                        0x080003bf   Thumb Code     0  startup_stm32h723xx.o(.text)
    LPTIM5_IRQHandler                        0x080003bf   Thumb Code     0  startup_stm32h723xx.o(.text)
    LPUART1_IRQHandler                       0x080003bf   Thumb Code     0  startup_stm32h723xx.o(.text)
    LTDC_ER_IRQHandler                       0x080003bf   Thumb Code     0  startup_stm32h723xx.o(.text)
    LTDC_IRQHandler                          0x080003bf   Thumb Code     0  startup_stm32h723xx.o(.text)
    MDIOS_IRQHandler                         0x080003bf   Thumb Code     0  startup_stm32h723xx.o(.text)
    MDIOS_WKUP_IRQHandler                    0x080003bf   Thumb Code     0  startup_stm32h723xx.o(.text)
    MDMA_IRQHandler                          0x080003bf   Thumb Code     0  startup_stm32h723xx.o(.text)
    OCTOSPI1_IRQHandler                      0x080003bf   Thumb Code     0  startup_stm32h723xx.o(.text)
    OCTOSPI2_IRQHandler                      0x080003bf   Thumb Code     0  startup_stm32h723xx.o(.text)
    OTG_HS_EP1_IN_IRQHandler                 0x080003bf   Thumb Code     0  startup_stm32h723xx.o(.text)
    OTG_HS_EP1_OUT_IRQHandler                0x080003bf   Thumb Code     0  startup_stm32h723xx.o(.text)
    OTG_HS_IRQHandler                        0x080003bf   Thumb Code     0  startup_stm32h723xx.o(.text)
    OTG_HS_WKUP_IRQHandler                   0x080003bf   Thumb Code     0  startup_stm32h723xx.o(.text)
    PVD_AVD_IRQHandler                       0x080003bf   Thumb Code     0  startup_stm32h723xx.o(.text)
    RCC_IRQHandler                           0x080003bf   Thumb Code     0  startup_stm32h723xx.o(.text)
    RNG_IRQHandler                           0x080003bf   Thumb Code     0  startup_stm32h723xx.o(.text)
    RTC_Alarm_IRQHandler                     0x080003bf   Thumb Code     0  startup_stm32h723xx.o(.text)
    RTC_WKUP_IRQHandler                      0x080003bf   Thumb Code     0  startup_stm32h723xx.o(.text)
    SAI1_IRQHandler                          0x080003bf   Thumb Code     0  startup_stm32h723xx.o(.text)
    SAI4_IRQHandler                          0x080003bf   Thumb Code     0  startup_stm32h723xx.o(.text)
    SDMMC1_IRQHandler                        0x080003bf   Thumb Code     0  startup_stm32h723xx.o(.text)
    SDMMC2_IRQHandler                        0x080003bf   Thumb Code     0  startup_stm32h723xx.o(.text)
    SPDIF_RX_IRQHandler                      0x080003bf   Thumb Code     0  startup_stm32h723xx.o(.text)
    SPI1_IRQHandler                          0x080003bf   Thumb Code     0  startup_stm32h723xx.o(.text)
    SPI3_IRQHandler                          0x080003bf   Thumb Code     0  startup_stm32h723xx.o(.text)
    SPI4_IRQHandler                          0x080003bf   Thumb Code     0  startup_stm32h723xx.o(.text)
    SPI5_IRQHandler                          0x080003bf   Thumb Code     0  startup_stm32h723xx.o(.text)
    SPI6_IRQHandler                          0x080003bf   Thumb Code     0  startup_stm32h723xx.o(.text)
    SWPMI1_IRQHandler                        0x080003bf   Thumb Code     0  startup_stm32h723xx.o(.text)
    TAMP_STAMP_IRQHandler                    0x080003bf   Thumb Code     0  startup_stm32h723xx.o(.text)
    TIM15_IRQHandler                         0x080003bf   Thumb Code     0  startup_stm32h723xx.o(.text)
    TIM16_IRQHandler                         0x080003bf   Thumb Code     0  startup_stm32h723xx.o(.text)
    TIM17_IRQHandler                         0x080003bf   Thumb Code     0  startup_stm32h723xx.o(.text)
    TIM1_BRK_IRQHandler                      0x080003bf   Thumb Code     0  startup_stm32h723xx.o(.text)
    TIM1_CC_IRQHandler                       0x080003bf   Thumb Code     0  startup_stm32h723xx.o(.text)
    TIM1_TRG_COM_IRQHandler                  0x080003bf   Thumb Code     0  startup_stm32h723xx.o(.text)
    TIM1_UP_IRQHandler                       0x080003bf   Thumb Code     0  startup_stm32h723xx.o(.text)
    TIM23_IRQHandler                         0x080003bf   Thumb Code     0  startup_stm32h723xx.o(.text)
    TIM24_IRQHandler                         0x080003bf   Thumb Code     0  startup_stm32h723xx.o(.text)
    TIM3_IRQHandler                          0x080003bf   Thumb Code     0  startup_stm32h723xx.o(.text)
    TIM4_IRQHandler                          0x080003bf   Thumb Code     0  startup_stm32h723xx.o(.text)
    TIM5_IRQHandler                          0x080003bf   Thumb Code     0  startup_stm32h723xx.o(.text)
    TIM6_DAC_IRQHandler                      0x080003bf   Thumb Code     0  startup_stm32h723xx.o(.text)
    TIM7_IRQHandler                          0x080003bf   Thumb Code     0  startup_stm32h723xx.o(.text)
    TIM8_BRK_TIM12_IRQHandler                0x080003bf   Thumb Code     0  startup_stm32h723xx.o(.text)
    TIM8_CC_IRQHandler                       0x080003bf   Thumb Code     0  startup_stm32h723xx.o(.text)
    TIM8_TRG_COM_TIM14_IRQHandler            0x080003bf   Thumb Code     0  startup_stm32h723xx.o(.text)
    TIM8_UP_TIM13_IRQHandler                 0x080003bf   Thumb Code     0  startup_stm32h723xx.o(.text)
    UART4_IRQHandler                         0x080003bf   Thumb Code     0  startup_stm32h723xx.o(.text)
    UART7_IRQHandler                         0x080003bf   Thumb Code     0  startup_stm32h723xx.o(.text)
    UART8_IRQHandler                         0x080003bf   Thumb Code     0  startup_stm32h723xx.o(.text)
    UART9_IRQHandler                         0x080003bf   Thumb Code     0  startup_stm32h723xx.o(.text)
    USART10_IRQHandler                       0x080003bf   Thumb Code     0  startup_stm32h723xx.o(.text)
    USART3_IRQHandler                        0x080003bf   Thumb Code     0  startup_stm32h723xx.o(.text)
    USART6_IRQHandler                        0x080003bf   Thumb Code     0  startup_stm32h723xx.o(.text)
    WAKEUP_PIN_IRQHandler                    0x080003bf   Thumb Code     0  startup_stm32h723xx.o(.text)
    WWDG_IRQHandler                          0x080003bf   Thumb Code     0  startup_stm32h723xx.o(.text)
    __aeabi_uldivmod                         0x080003c9   Thumb Code    98  uldiv.o(.text)
    __aeabi_memcpy                           0x0800042b   Thumb Code    36  memcpya.o(.text)
    __aeabi_memcpy4                          0x0800042b   Thumb Code     0  memcpya.o(.text)
    __aeabi_memcpy8                          0x0800042b   Thumb Code     0  memcpya.o(.text)
    __aeabi_memset                           0x0800044f   Thumb Code    14  memseta.o(.text)
    __aeabi_memset4                          0x0800044f   Thumb Code     0  memseta.o(.text)
    __aeabi_memset8                          0x0800044f   Thumb Code     0  memseta.o(.text)
    __aeabi_memclr                           0x0800045d   Thumb Code     4  memseta.o(.text)
    __aeabi_memclr4                          0x0800045d   Thumb Code     0  memseta.o(.text)
    __aeabi_memclr8                          0x0800045d   Thumb Code     0  memseta.o(.text)
    memset                                   0x08000461   Thumb Code    18  memseta.o(.text)
    __aeabi_llsl                             0x08000473   Thumb Code    30  llshl.o(.text)
    _ll_shift_l                              0x08000473   Thumb Code     0  llshl.o(.text)
    __aeabi_llsr                             0x08000491   Thumb Code    32  llushr.o(.text)
    _ll_ushift_r                             0x08000491   Thumb Code     0  llushr.o(.text)
    __scatterload                            0x080004b1   Thumb Code    28  init.o(.text)
    __scatterload_rt2                        0x080004b1   Thumb Code     0  init.o(.text)
    BusFault_Handler                         0x080004d5   Thumb Code     4  stm32h7xx_it.o(i.BusFault_Handler)
    DMA1_Stream0_IRQHandler                  0x080004d9   Thumb Code    10  stm32h7xx_it.o(i.DMA1_Stream0_IRQHandler)
    DMA1_Stream1_IRQHandler                  0x080004e9   Thumb Code    10  stm32h7xx_it.o(i.DMA1_Stream1_IRQHandler)
    DMA1_Stream2_IRQHandler                  0x080004f9   Thumb Code    10  stm32h7xx_it.o(i.DMA1_Stream2_IRQHandler)
    DMA1_Stream3_IRQHandler                  0x08000509   Thumb Code    10  stm32h7xx_it.o(i.DMA1_Stream3_IRQHandler)
    DMA1_Stream4_IRQHandler                  0x08000519   Thumb Code    10  stm32h7xx_it.o(i.DMA1_Stream4_IRQHandler)
    DMA1_Stream5_IRQHandler                  0x08000529   Thumb Code    10  stm32h7xx_it.o(i.DMA1_Stream5_IRQHandler)
    DebugMon_Handler                         0x08000aa5   Thumb Code     2  stm32h7xx_it.o(i.DebugMon_Handler)
    EXTI15_10_IRQHandler                     0x08000aa7   Thumb Code    28  stm32h7xx_it.o(i.EXTI15_10_IRQHandler)
    Error_Handler                            0x08000ac3   Thumb Code     6  main.o(i.Error_Handler)
    FDCAN1_Config                            0x08000ac9   Thumb Code    92  can_bsp.o(i.FDCAN1_Config)
    FDCAN1_IT0_IRQHandler                    0x08000b29   Thumb Code    10  stm32h7xx_it.o(i.FDCAN1_IT0_IRQHandler)
    FDCAN2_Config                            0x08000b39   Thumb Code    92  can_bsp.o(i.FDCAN2_Config)
    FDCAN2_IT0_IRQHandler                    0x08000b99   Thumb Code    10  stm32h7xx_it.o(i.FDCAN2_IT0_IRQHandler)
    HAL_CRCEx_Polynomial_Set                 0x08000dc9   Thumb Code   112  stm32h7xx_hal_crc_ex.o(i.HAL_CRCEx_Polynomial_Set)
    HAL_CRC_Init                             0x08000e39   Thumb Code   128  stm32h7xx_hal_crc.o(i.HAL_CRC_Init)
    HAL_CRC_MspInit                          0x08000ebd   Thumb Code    40  crc.o(i.HAL_CRC_MspInit)
    HAL_DCMI_Init                            0x08000eed   Thumb Code   156  stm32h7xx_hal_dcmi.o(i.HAL_DCMI_Init)
    HAL_DCMI_MspInit                         0x08000f8d   Thumb Code   322  dcmi.o(i.HAL_DCMI_MspInit)
    HAL_DMA_Abort                            0x080010ed   Thumb Code  1236  stm32h7xx_hal_dma.o(i.HAL_DMA_Abort)
    HAL_DMA_Abort_IT                         0x080015c9   Thumb Code   906  stm32h7xx_hal_dma.o(i.HAL_DMA_Abort_IT)
    HAL_DMA_IRQHandler                       0x08001961   Thumb Code  2798  stm32h7xx_hal_dma.o(i.HAL_DMA_IRQHandler)
    HAL_DMA_Init                             0x08002459   Thumb Code  1292  stm32h7xx_hal_dma.o(i.HAL_DMA_Init)
    HAL_DMA_Start_IT                         0x0800296d   Thumb Code   980  stm32h7xx_hal_dma.o(i.HAL_DMA_Start_IT)
    HAL_Delay                                0x08002d4d   Thumb Code    36  stm32h7xx_hal.o(i.HAL_Delay)
    HAL_FDCAN_ActivateNotification           0x08002d75   Thumb Code   158  stm32h7xx_hal_fdcan.o(i.HAL_FDCAN_ActivateNotification)
    HAL_FDCAN_ClockCalibrationCallback       0x08002e1d   Thumb Code     2  stm32h7xx_hal_fdcan.o(i.HAL_FDCAN_ClockCalibrationCallback)
    HAL_FDCAN_ConfigFilter                   0x08002e1f   Thumb Code   168  stm32h7xx_hal_fdcan.o(i.HAL_FDCAN_ConfigFilter)
    HAL_FDCAN_ConfigGlobalFilter             0x08002ec7   Thumb Code    52  stm32h7xx_hal_fdcan.o(i.HAL_FDCAN_ConfigGlobalFilter)
    HAL_FDCAN_ErrorCallback                  0x08002efb   Thumb Code     2  stm32h7xx_hal_fdcan.o(i.HAL_FDCAN_ErrorCallback)
    HAL_FDCAN_ErrorStatusCallback            0x08002efd   Thumb Code     2  stm32h7xx_hal_fdcan.o(i.HAL_FDCAN_ErrorStatusCallback)
    HAL_FDCAN_GetRxMessage                   0x08002f01   Thumb Code   496  stm32h7xx_hal_fdcan.o(i.HAL_FDCAN_GetRxMessage)
    HAL_FDCAN_HighPriorityMessageCallback    0x080030f5   Thumb Code     2  stm32h7xx_hal_fdcan.o(i.HAL_FDCAN_HighPriorityMessageCallback)
    HAL_FDCAN_IRQHandler                     0x080030f9   Thumb Code   966  stm32h7xx_hal_fdcan.o(i.HAL_FDCAN_IRQHandler)
    HAL_FDCAN_Init                           0x080034cd   Thumb Code   726  stm32h7xx_hal_fdcan.o(i.HAL_FDCAN_Init)
    HAL_FDCAN_MspInit                        0x080037ad   Thumb Code   478  fdcan.o(i.HAL_FDCAN_MspInit)
    HAL_FDCAN_RxBufferNewMessageCallback     0x080039a9   Thumb Code     2  stm32h7xx_hal_fdcan.o(i.HAL_FDCAN_RxBufferNewMessageCallback)
    HAL_FDCAN_RxFifo0Callback                0x080039ad   Thumb Code    72  can_bsp.o(i.HAL_FDCAN_RxFifo0Callback)
    HAL_FDCAN_RxFifo1Callback                0x08003a09   Thumb Code    62  can_bsp.o(i.HAL_FDCAN_RxFifo1Callback)
    HAL_FDCAN_Start                          0x08003a59   Thumb Code    52  stm32h7xx_hal_fdcan.o(i.HAL_FDCAN_Start)
    HAL_FDCAN_TT_GlobalTimeCallback          0x08003a8d   Thumb Code     2  stm32h7xx_hal_fdcan.o(i.HAL_FDCAN_TT_GlobalTimeCallback)
    HAL_FDCAN_TT_ScheduleSyncCallback        0x08003a8f   Thumb Code     2  stm32h7xx_hal_fdcan.o(i.HAL_FDCAN_TT_ScheduleSyncCallback)
    HAL_FDCAN_TT_StopWatchCallback           0x08003a91   Thumb Code     2  stm32h7xx_hal_fdcan.o(i.HAL_FDCAN_TT_StopWatchCallback)
    HAL_FDCAN_TT_TimeMarkCallback            0x08003a93   Thumb Code     2  stm32h7xx_hal_fdcan.o(i.HAL_FDCAN_TT_TimeMarkCallback)
    HAL_FDCAN_TimeoutOccurredCallback        0x08003a95   Thumb Code     2  stm32h7xx_hal_fdcan.o(i.HAL_FDCAN_TimeoutOccurredCallback)
    HAL_FDCAN_TimestampWraparoundCallback    0x08003a97   Thumb Code     2  stm32h7xx_hal_fdcan.o(i.HAL_FDCAN_TimestampWraparoundCallback)
    HAL_FDCAN_TxBufferAbortCallback          0x08003a99   Thumb Code     2  stm32h7xx_hal_fdcan.o(i.HAL_FDCAN_TxBufferAbortCallback)
    HAL_FDCAN_TxBufferCompleteCallback       0x08003a9b   Thumb Code     2  stm32h7xx_hal_fdcan.o(i.HAL_FDCAN_TxBufferCompleteCallback)
    HAL_FDCAN_TxEventFifoCallback            0x08003a9d   Thumb Code     2  stm32h7xx_hal_fdcan.o(i.HAL_FDCAN_TxEventFifoCallback)
    HAL_FDCAN_TxFifoEmptyCallback            0x08003a9f   Thumb Code     2  stm32h7xx_hal_fdcan.o(i.HAL_FDCAN_TxFifoEmptyCallback)
    HAL_GPIO_EXTI_Callback                   0x08003aa1   Thumb Code    58  main_control.o(i.HAL_GPIO_EXTI_Callback)
    HAL_GPIO_EXTI_IRQHandler                 0x08003ae5   Thumb Code    24  stm32h7xx_hal_gpio.o(i.HAL_GPIO_EXTI_IRQHandler)
    HAL_GPIO_Init                            0x08003b01   Thumb Code   446  stm32h7xx_hal_gpio.o(i.HAL_GPIO_Init)
    HAL_GPIO_WritePin                        0x08003cf1   Thumb Code    12  stm32h7xx_hal_gpio.o(i.HAL_GPIO_WritePin)
    HAL_GetTick                              0x08003cfd   Thumb Code     6  stm32h7xx_hal.o(i.HAL_GetTick)
    HAL_I2CEx_ConfigAnalogFilter             0x08003d09   Thumb Code   106  stm32h7xx_hal_i2c_ex.o(i.HAL_I2CEx_ConfigAnalogFilter)
    HAL_I2CEx_ConfigDigitalFilter            0x08003d73   Thumb Code   104  stm32h7xx_hal_i2c_ex.o(i.HAL_I2CEx_ConfigDigitalFilter)
    HAL_I2C_Init                             0x08003ddd   Thumb Code   192  stm32h7xx_hal_i2c.o(i.HAL_I2C_Init)
    HAL_I2C_MspInit                          0x08003ea1   Thumb Code   146  i2c.o(i.HAL_I2C_MspInit)
    HAL_IncTick                              0x08003f41   Thumb Code    16  stm32h7xx_hal.o(i.HAL_IncTick)
    HAL_Init                                 0x08003f59   Thumb Code    80  stm32h7xx_hal.o(i.HAL_Init)
    HAL_InitTick                             0x08003fb9   Thumb Code    74  stm32h7xx_hal.o(i.HAL_InitTick)
    HAL_MspInit                              0x08004011   Thumb Code    42  stm32h7xx_hal_msp.o(i.HAL_MspInit)
    HAL_NVIC_EnableIRQ                       0x08004041   Thumb Code    40  stm32h7xx_hal_cortex.o(i.HAL_NVIC_EnableIRQ)
    HAL_NVIC_SetPriority                     0x08004069   Thumb Code   122  stm32h7xx_hal_cortex.o(i.HAL_NVIC_SetPriority)
    HAL_NVIC_SetPriorityGrouping             0x080040e5   Thumb Code    32  stm32h7xx_hal_cortex.o(i.HAL_NVIC_SetPriorityGrouping)
    HAL_OSPIM_Config                         0x0800410d   Thumb Code  1772  stm32h7xx_hal_ospi.o(i.HAL_OSPIM_Config)
    HAL_OSPI_Init                            0x08004805   Thumb Code   268  stm32h7xx_hal_ospi.o(i.HAL_OSPI_Init)
    HAL_OSPI_MspInit                         0x08004915   Thumb Code   396  octospi.o(i.HAL_OSPI_MspInit)
    HAL_OSPI_SetTimeout                      0x08004ab9   Thumb Code     8  stm32h7xx_hal_ospi.o(i.HAL_OSPI_SetTimeout)
    HAL_PCDEx_ActivateLPM                    0x08004ac1   Thumb Code    36  stm32h7xx_hal_pcd_ex.o(i.HAL_PCDEx_ActivateLPM)
    HAL_PCD_Init                             0x08004ae9   Thumb Code   370  stm32h7xx_hal_pcd.o(i.HAL_PCD_Init)
    HAL_PCD_MspInit                          0x08004c5d   Thumb Code    86  usb_otg.o(i.HAL_PCD_MspInit)
    HAL_PWREx_ConfigSupply                   0x08004cbd   Thumb Code    90  stm32h7xx_hal_pwr_ex.o(i.HAL_PWREx_ConfigSupply)
    HAL_PWREx_EnableUSBVoltageDetector       0x08004d1d   Thumb Code    14  stm32h7xx_hal_pwr_ex.o(i.HAL_PWREx_EnableUSBVoltageDetector)
    HAL_RCCEx_GetD3PCLK1Freq                 0x08004d31   Thumb Code    26  stm32h7xx_hal_rcc_ex.o(i.HAL_RCCEx_GetD3PCLK1Freq)
    HAL_RCCEx_GetPLL2ClockFreq               0x08004d55   Thumb Code   536  stm32h7xx_hal_rcc_ex.o(i.HAL_RCCEx_GetPLL2ClockFreq)
    HAL_RCCEx_GetPLL3ClockFreq               0x08004f85   Thumb Code   536  stm32h7xx_hal_rcc_ex.o(i.HAL_RCCEx_GetPLL3ClockFreq)
    HAL_RCCEx_PeriphCLKConfig                0x080051b5   Thumb Code  3272  stm32h7xx_hal_rcc_ex.o(i.HAL_RCCEx_PeriphCLKConfig)
    HAL_RCC_ClockConfig                      0x08005e7d   Thumb Code   774  stm32h7xx_hal_rcc.o(i.HAL_RCC_ClockConfig)
    HAL_RCC_GetHCLKFreq                      0x0800619d   Thumb Code    60  stm32h7xx_hal_rcc.o(i.HAL_RCC_GetHCLKFreq)
    HAL_RCC_GetPCLK1Freq                     0x080061e9   Thumb Code    26  stm32h7xx_hal_rcc.o(i.HAL_RCC_GetPCLK1Freq)
    HAL_RCC_GetPCLK2Freq                     0x0800620d   Thumb Code    26  stm32h7xx_hal_rcc.o(i.HAL_RCC_GetPCLK2Freq)
    HAL_RCC_GetSysClockFreq                  0x08006231   Thumb Code   524  stm32h7xx_hal_rcc.o(i.HAL_RCC_GetSysClockFreq)
    HAL_RCC_MCOConfig                        0x0800645d   Thumb Code   174  stm32h7xx_hal_rcc.o(i.HAL_RCC_MCOConfig)
    HAL_RCC_OscConfig                        0x08006519   Thumb Code  1874  stm32h7xx_hal_rcc.o(i.HAL_RCC_OscConfig)
    HAL_RS485Ex_Init                         0x08006c75   Thumb Code   148  stm32h7xx_hal_uart_ex.o(i.HAL_RS485Ex_Init)
    HAL_SPI_ErrorCallback                    0x08006d0d   Thumb Code     2  stm32h7xx_hal_spi.o(i.HAL_SPI_ErrorCallback)
    HAL_SPI_IRQHandler                       0x08006d11   Thumb Code   654  stm32h7xx_hal_spi.o(i.HAL_SPI_IRQHandler)
    HAL_SPI_Init                             0x08006fa5   Thumb Code   420  stm32h7xx_hal_spi.o(i.HAL_SPI_Init)
    HAL_SPI_MspInit                          0x08007155   Thumb Code   514  spi.o(i.HAL_SPI_MspInit)
    HAL_SPI_RxCpltCallback                   0x0800737d   Thumb Code     2  stm32h7xx_hal_spi.o(i.HAL_SPI_RxCpltCallback)
    HAL_SPI_SuspendCallback                  0x0800737f   Thumb Code     2  stm32h7xx_hal_spi.o(i.HAL_SPI_SuspendCallback)
    HAL_SPI_TxCpltCallback                   0x08007381   Thumb Code     2  stm32h7xx_hal_spi.o(i.HAL_SPI_TxCpltCallback)
    HAL_SPI_TxRxCpltCallback                 0x08007383   Thumb Code     2  stm32h7xx_hal_spi.o(i.HAL_SPI_TxRxCpltCallback)
    HAL_SYSTICK_Config                       0x08007385   Thumb Code    52  stm32h7xx_hal_cortex.o(i.HAL_SYSTICK_Config)
    HAL_TIMEx_Break2Callback                 0x080073b9   Thumb Code     2  stm32h7xx_hal_tim_ex.o(i.HAL_TIMEx_Break2Callback)
    HAL_TIMEx_BreakCallback                  0x080073bb   Thumb Code     2  stm32h7xx_hal_tim_ex.o(i.HAL_TIMEx_BreakCallback)
    HAL_TIMEx_CommutCallback                 0x080073bd   Thumb Code     2  stm32h7xx_hal_tim_ex.o(i.HAL_TIMEx_CommutCallback)
    HAL_TIMEx_ConfigBreakDeadTime            0x080073c1   Thumb Code   224  stm32h7xx_hal_tim_ex.o(i.HAL_TIMEx_ConfigBreakDeadTime)
    HAL_TIMEx_MasterConfigSynchronization    0x080074a9   Thumb Code   190  stm32h7xx_hal_tim_ex.o(i.HAL_TIMEx_MasterConfigSynchronization)
    HAL_TIM_Base_Init                        0x0800758d   Thumb Code   110  stm32h7xx_hal_tim.o(i.HAL_TIM_Base_Init)
    HAL_TIM_Base_MspInit                     0x080075fd   Thumb Code   128  tim.o(i.HAL_TIM_Base_MspInit)
    HAL_TIM_Base_Start_IT                    0x08007685   Thumb Code   162  stm32h7xx_hal_tim.o(i.HAL_TIM_Base_Start_IT)
    HAL_TIM_ConfigClockSource                0x08007751   Thumb Code   304  stm32h7xx_hal_tim.o(i.HAL_TIM_ConfigClockSource)
    HAL_TIM_IC_CaptureCallback               0x08007885   Thumb Code     2  stm32h7xx_hal_tim.o(i.HAL_TIM_IC_CaptureCallback)
    HAL_TIM_IRQHandler                       0x08007887   Thumb Code   440  stm32h7xx_hal_tim.o(i.HAL_TIM_IRQHandler)
    HAL_TIM_MspPostInit                      0x08007a41   Thumb Code   144  tim.o(i.HAL_TIM_MspPostInit)
    HAL_TIM_OC_DelayElapsedCallback          0x08007ae5   Thumb Code     2  stm32h7xx_hal_tim.o(i.HAL_TIM_OC_DelayElapsedCallback)
    HAL_TIM_PWM_ConfigChannel                0x08007ae7   Thumb Code   368  stm32h7xx_hal_tim.o(i.HAL_TIM_PWM_ConfigChannel)
    HAL_TIM_PWM_Init                         0x08007c57   Thumb Code   110  stm32h7xx_hal_tim.o(i.HAL_TIM_PWM_Init)
    HAL_TIM_PWM_MspInit                      0x08007cc5   Thumb Code   156  tim.o(i.HAL_TIM_PWM_MspInit)
    HAL_TIM_PWM_PulseFinishedCallback        0x08007d71   Thumb Code     2  stm32h7xx_hal_tim.o(i.HAL_TIM_PWM_PulseFinishedCallback)
    HAL_TIM_PeriodElapsedCallback            0x08007d73   Thumb Code     2  stm32h7xx_hal_tim.o(i.HAL_TIM_PeriodElapsedCallback)
    HAL_TIM_TriggerCallback                  0x08007d75   Thumb Code     2  stm32h7xx_hal_tim.o(i.HAL_TIM_TriggerCallback)
    HAL_UARTEx_DisableFifoMode               0x08007d77   Thumb Code    78  stm32h7xx_hal_uart_ex.o(i.HAL_UARTEx_DisableFifoMode)
    HAL_UARTEx_RxEventCallback               0x08007dc5   Thumb Code     2  stm32h7xx_hal_uart.o(i.HAL_UARTEx_RxEventCallback)
    HAL_UARTEx_RxFifoFullCallback            0x08007dc7   Thumb Code     2  stm32h7xx_hal_uart_ex.o(i.HAL_UARTEx_RxFifoFullCallback)
    HAL_UARTEx_SetRxFifoThreshold            0x08007dc9   Thumb Code    94  stm32h7xx_hal_uart_ex.o(i.HAL_UARTEx_SetRxFifoThreshold)
    HAL_UARTEx_SetTxFifoThreshold            0x08007e27   Thumb Code    94  stm32h7xx_hal_uart_ex.o(i.HAL_UARTEx_SetTxFifoThreshold)
    HAL_UARTEx_TxFifoEmptyCallback           0x08007e85   Thumb Code     2  stm32h7xx_hal_uart_ex.o(i.HAL_UARTEx_TxFifoEmptyCallback)
    HAL_UARTEx_WakeupCallback                0x08007e87   Thumb Code     2  stm32h7xx_hal_uart_ex.o(i.HAL_UARTEx_WakeupCallback)
    HAL_UART_ErrorCallback                   0x08007e89   Thumb Code     2  stm32h7xx_hal_uart.o(i.HAL_UART_ErrorCallback)
    HAL_UART_IRQHandler                      0x08007e8d   Thumb Code  1172  stm32h7xx_hal_uart.o(i.HAL_UART_IRQHandler)
    HAL_UART_Init                            0x08008321   Thumb Code   120  stm32h7xx_hal_uart.o(i.HAL_UART_Init)
    HAL_UART_MspInit                         0x08008399   Thumb Code  1382  usart.o(i.HAL_UART_MspInit)
    HAL_UART_Receive_DMA                     0x08008919   Thumb Code    88  stm32h7xx_hal_uart.o(i.HAL_UART_Receive_DMA)
    HAL_UART_Receive_IT                      0x08008975   Thumb Code    88  stm32h7xx_hal_uart.o(i.HAL_UART_Receive_IT)
    HAL_UART_RxCpltCallback                  0x080089d1   Thumb Code    38  unitree_motor.o(i.HAL_UART_RxCpltCallback)
    HAL_UART_RxHalfCpltCallback              0x08008a05   Thumb Code     2  stm32h7xx_hal_uart.o(i.HAL_UART_RxHalfCpltCallback)
    HAL_UART_Transmit_DMA                    0x08008a09   Thumb Code   148  stm32h7xx_hal_uart.o(i.HAL_UART_Transmit_DMA)
    HAL_UART_TxCpltCallback                  0x08008aa9   Thumb Code    32  unitree_motor.o(i.HAL_UART_TxCpltCallback)
    HAL_UART_TxHalfCpltCallback              0x08008ad1   Thumb Code     2  stm32h7xx_hal_uart.o(i.HAL_UART_TxHalfCpltCallback)
    HardFault_Handler                        0x08008ad3   Thumb Code     4  stm32h7xx_it.o(i.HardFault_Handler)
    MX_CRC_Init                              0x08008ad9   Thumb Code    42  crc.o(i.MX_CRC_Init)
    MX_DCMI_Init                             0x08008b0d   Thumb Code    48  dcmi.o(i.MX_DCMI_Init)
    MX_DMA_Init                              0x08008b45   Thumb Code   128  dma.o(i.MX_DMA_Init)
    MX_FDCAN1_Init                           0x08008bc9   Thumb Code   122  fdcan.o(i.MX_FDCAN1_Init)
    MX_FDCAN2_Init                           0x08008c4d   Thumb Code   120  fdcan.o(i.MX_FDCAN2_Init)
    MX_FDCAN3_Init                           0x08008ccd   Thumb Code   104  fdcan.o(i.MX_FDCAN3_Init)
    MX_FREERTOS_Init                         0x08008d3d   Thumb Code    74  freertos.o(i.MX_FREERTOS_Init)
    MX_GPIO_Init                             0x08008dc1   Thumb Code   584  gpio.o(i.MX_GPIO_Init)
    MX_I2C1_Init                             0x08009021   Thumb Code    74  i2c.o(i.MX_I2C1_Init)
    MX_OCTOSPI1_Init                         0x08009079   Thumb Code   112  octospi.o(i.MX_OCTOSPI1_Init)
    MX_SPI1_Init                             0x080090f1   Thumb Code    86  spi.o(i.MX_SPI1_Init)
    MX_SPI2_Init                             0x08009151   Thumb Code    90  spi.o(i.MX_SPI2_Init)
    MX_TIM1_Init                             0x080091b5   Thumb Code   184  tim.o(i.MX_TIM1_Init)
    MX_TIM2_Init                             0x08009275   Thumb Code   104  tim.o(i.MX_TIM2_Init)
    MX_TIM3_Init                             0x080092e1   Thumb Code   116  tim.o(i.MX_TIM3_Init)
    MX_UART5_Init                            0x0800935d   Thumb Code   102  usart.o(i.MX_UART5_Init)
    MX_UART7_Init                            0x080093d1   Thumb Code    98  usart.o(i.MX_UART7_Init)
    MX_UART9_Init                            0x0800943d   Thumb Code    98  usart.o(i.MX_UART9_Init)
    MX_USART10_UART_Init                     0x080094a9   Thumb Code    98  usart.o(i.MX_USART10_UART_Init)
    MX_USART1_UART_Init                      0x08009515   Thumb Code    98  usart.o(i.MX_USART1_UART_Init)
    MX_USART2_UART_Init                      0x08009581   Thumb Code   102  usart.o(i.MX_USART2_UART_Init)
    MX_USART3_UART_Init                      0x080095f5   Thumb Code   102  usart.o(i.MX_USART3_UART_Init)
    MX_USB_OTG_HS_PCD_Init                   0x08009669   Thumb Code    52  usb_otg.o(i.MX_USB_OTG_HS_PCD_Init)
    MemManage_Handler                        0x080096a5   Thumb Code     4  stm32h7xx_it.o(i.MemManage_Handler)
    NMI_Handler                              0x080096a9   Thumb Code     4  stm32h7xx_it.o(i.NMI_Handler)
    SPI2_IRQHandler                          0x08009aa9   Thumb Code    10  stm32h7xx_it.o(i.SPI2_IRQHandler)
    StartDefaultTask                         0x08009bc5   Thumb Code    10  freertos.o(i.StartDefaultTask)
    SysTick_Handler                          0x08009bcf   Thumb Code    20  stm32h7xx_it.o(i.SysTick_Handler)
    SystemClock_Config                       0x08009be5   Thumb Code   200  main.o(i.SystemClock_Config)
    SystemInit                               0x08009cb1   Thumb Code   192  system_stm32h7xx.o(i.SystemInit)
    TIM2_IRQHandler                          0x08009d91   Thumb Code    10  stm32h7xx_it.o(i.TIM2_IRQHandler)
    TIM_Base_SetConfig                       0x08009da1   Thumb Code   182  stm32h7xx_hal_tim.o(i.TIM_Base_SetConfig)
    TIM_ETR_SetConfig                        0x08009e81   Thumb Code    22  stm32h7xx_hal_tim.o(i.TIM_ETR_SetConfig)
    TIM_OC2_SetConfig                        0x08009f5d   Thumb Code   156  stm32h7xx_hal_tim.o(i.TIM_OC2_SetConfig)
    UART5_IRQHandler                         0x0800a269   Thumb Code    10  stm32h7xx_it.o(i.UART5_IRQHandler)
    UART_AdvFeatureConfig                    0x0800a2d1   Thumb Code   248  stm32h7xx_hal_uart.o(i.UART_AdvFeatureConfig)
    UART_CheckIdleState                      0x0800a3c9   Thumb Code   234  stm32h7xx_hal_uart.o(i.UART_CheckIdleState)
    UART_SetConfig                           0x0800ad39   Thumb Code  1558  stm32h7xx_hal_uart.o(i.UART_SetConfig)
    UART_Start_Receive_DMA                   0x0800b361   Thumb Code   186  stm32h7xx_hal_uart.o(i.UART_Start_Receive_DMA)
    UART_Start_Receive_IT                    0x0800b429   Thumb Code   332  stm32h7xx_hal_uart.o(i.UART_Start_Receive_IT)
    UART_WaitOnFlagUntilTimeout              0x0800b585   Thumb Code   162  stm32h7xx_hal_uart.o(i.UART_WaitOnFlagUntilTimeout)
    USART1_IRQHandler                        0x0800b629   Thumb Code    10  stm32h7xx_it.o(i.USART1_IRQHandler)
    USART2_IRQHandler                        0x0800b639   Thumb Code    10  stm32h7xx_it.o(i.USART2_IRQHandler)
    USART_Init                               0x0800b649   Thumb Code    14  controller.o(i.USART_Init)
    USB_CoreInit                             0x0800b661   Thumb Code   142  stm32h7xx_ll_usb.o(i.USB_CoreInit)
    USB_DevDisconnect                        0x0800b751   Thumb Code    36  stm32h7xx_ll_usb.o(i.USB_DevDisconnect)
    USB_DevInit                              0x0800b775   Thumb Code   464  stm32h7xx_ll_usb.o(i.USB_DevInit)
    USB_DisableGlobalInt                     0x0800b94d   Thumb Code    14  stm32h7xx_ll_usb.o(i.USB_DisableGlobalInt)
    USB_FlushRxFifo                          0x0800b95d   Thumb Code    80  stm32h7xx_ll_usb.o(i.USB_FlushRxFifo)
    USB_FlushTxFifo                          0x0800b9b1   Thumb Code    84  stm32h7xx_ll_usb.o(i.USB_FlushTxFifo)
    USB_GetMode                              0x0800ba09   Thumb Code    10  stm32h7xx_ll_usb.o(i.USB_GetMode)
    USB_SetCurrentMode                       0x0800ba13   Thumb Code   104  stm32h7xx_ll_usb.o(i.USB_SetCurrentMode)
    USB_SetDevSpeed                          0x0800ba7b   Thumb Code    18  stm32h7xx_ll_usb.o(i.USB_SetDevSpeed)
    UnitreeMotor_Info_initialize             0x0800ba8d   Thumb Code   128  unitree_motor.o(i.UnitreeMotor_Info_initialize)
    UnitreeMotor_ReceiveCommand              0x0800bb25   Thumb Code   144  unitree_motor.o(i.UnitreeMotor_ReceiveCommand)
    UnitreeMotor_SendCommand                 0x0800bbcd   Thumb Code    90  unitree_motor.o(i.UnitreeMotor_SendCommand)
    UnitreeMotor_SetCurrent                  0x0800bc35   Thumb Code    76  unitree_motor.o(i.UnitreeMotor_SetCurrent)
    UnitreeMotor_SetOutputMode               0x0800bc85   Thumb Code    36  unitree_motor.o(i.UnitreeMotor_SetOutputMode)
    UsageFault_Handler                       0x0800bcad   Thumb Code     4  stm32h7xx_it.o(i.UsageFault_Handler)
    __scatterload_copy                       0x0800bcef   Thumb Code    14  handlers.o(i.__scatterload_copy)
    __scatterload_null                       0x0800bcfd   Thumb Code     2  handlers.o(i.__scatterload_null)
    __scatterload_zeroinit                   0x0800bcff   Thumb Code    14  handlers.o(i.__scatterload_zeroinit)
    controller_Handle                        0x0800bd0d   Thumb Code    48  controller.o(i.controller_Handle)
    controller_solve                         0x0800bef1   Thumb Code   152  controller.o(i.controller_solve)
    crc32_core                               0x0800bf91   Thumb Code    88  unitree_motor.o(i.crc32_core)
    dm_fbdata                                0x0800bfed   Thumb Code   210  dm_drv.o(i.dm_fbdata)
    imu_Task                                 0x0800c0c9   Thumb Code     4  imu.o(i.imu_Task)
    main                                     0x0800c0cd   Thumb Code   180  main.o(i.main)
    mainTask                                 0x0800c189   Thumb Code    10  main_control.o(i.mainTask)
    osDelay                                  0x0800c193   Thumb Code    30  cmsis_os2.o(i.osDelay)
    osKernelInitialize                       0x0800c1b1   Thumb Code    38  cmsis_os2.o(i.osKernelInitialize)
    osKernelStart                            0x0800c1dd   Thumb Code    82  cmsis_os2.o(i.osKernelStart)
    osThreadNew                              0x0800c23d   Thumb Code   184  cmsis_os2.o(i.osThreadNew)
    pvPortMalloc                             0x0800cd19   Thumb Code   306  heap_4.o(i.pvPortMalloc)
    pxPortInitialiseStack                    0x0800ce65   Thumb Code    38  port.o(i.pxPortInitialiseStack)
    uint_to_float                            0x0800ce91   Thumb Code    52  dm_drv.o(i.uint_to_float)
    unitree_motorTask                        0x0800cec5   Thumb Code    66  unitree_motor.o(i.unitree_motorTask)
    uxListRemove                             0x0800cf0d   Thumb Code    40  list.o(i.uxListRemove)
    vApplicationGetIdleTaskMemory            0x0800cf35   Thumb Code    14  cmsis_os2.o(i.vApplicationGetIdleTaskMemory)
    vApplicationGetTimerTaskMemory           0x0800cf4d   Thumb Code    16  cmsis_os2.o(i.vApplicationGetTimerTaskMemory)
    vListInitialise                          0x0800cf65   Thumb Code    26  list.o(i.vListInitialise)
    vListInitialiseItem                      0x0800cf7f   Thumb Code     6  list.o(i.vListInitialiseItem)
    vListInsert                              0x0800cf85   Thumb Code    52  list.o(i.vListInsert)
    vListInsertEnd                           0x0800cfb9   Thumb Code    24  list.o(i.vListInsertEnd)
    vPortEnterCritical                       0x0800cfd1   Thumb Code    76  port.o(i.vPortEnterCritical)
    vPortExitCritical                        0x0800d025   Thumb Code    56  port.o(i.vPortExitCritical)
    vPortFree                                0x0800d061   Thumb Code   150  heap_4.o(i.vPortFree)
    vPortSetupTimerInterrupt                 0x0800d105   Thumb Code    36  port.o(i.vPortSetupTimerInterrupt)
    vPortValidateInterruptPriority           0x0800d12d   Thumb Code   106  port.o(i.vPortValidateInterruptPriority)
    vQueueAddToRegistry                      0x0800d1a5   Thumb Code    38  queue.o(i.vQueueAddToRegistry)
    vQueueWaitForMessageRestricted           0x0800d1d1   Thumb Code    74  queue.o(i.vQueueWaitForMessageRestricted)
    vTaskDelay                               0x0800d21d   Thumb Code    82  tasks.o(i.vTaskDelay)
    vTaskInternalSetTimeOutState             0x0800d279   Thumb Code    14  tasks.o(i.vTaskInternalSetTimeOutState)
    vTaskMissedYield                         0x0800d291   Thumb Code     8  tasks.o(i.vTaskMissedYield)
    vTaskPlaceOnEventList                    0x0800d29d   Thumb Code    52  tasks.o(i.vTaskPlaceOnEventList)
    vTaskPlaceOnEventListRestricted          0x0800d2d5   Thumb Code    60  tasks.o(i.vTaskPlaceOnEventListRestricted)
    vTaskStartScheduler                      0x0800d315   Thumb Code   156  tasks.o(i.vTaskStartScheduler)
    vTaskSuspendAll                          0x0800d3cd   Thumb Code    12  tasks.o(i.vTaskSuspendAll)
    vTaskSwitchContext                       0x0800d3dd   Thumb Code   122  tasks.o(i.vTaskSwitchContext)
    xPortStartScheduler                      0x0800d46d   Thumb Code   330  port.o(i.xPortStartScheduler)
    xPortSysTickHandler                      0x0800d5d5   Thumb Code    46  port.o(i.xPortSysTickHandler)
    xQueueGenericCreateStatic                0x0800d609   Thumb Code   224  queue.o(i.xQueueGenericCreateStatic)
    xQueueGenericReset                       0x0800d6e9   Thumb Code   146  queue.o(i.xQueueGenericReset)
    xQueueGenericSend                        0x0800d781   Thumb Code   420  queue.o(i.xQueueGenericSend)
    xQueueGenericSendFromISR                 0x0800d929   Thumb Code   252  queue.o(i.xQueueGenericSendFromISR)
    xQueueReceive                            0x0800da25   Thumb Code   356  queue.o(i.xQueueReceive)
    xTaskCheckForTimeOut                     0x0800db8d   Thumb Code   132  tasks.o(i.xTaskCheckForTimeOut)
    xTaskCreate                              0x0800dc19   Thumb Code   100  tasks.o(i.xTaskCreate)
    xTaskCreateStatic                        0x0800dc7d   Thumb Code   186  tasks.o(i.xTaskCreateStatic)
    xTaskGetSchedulerState                   0x0800dd39   Thumb Code    24  tasks.o(i.xTaskGetSchedulerState)
    xTaskGetTickCount                        0x0800dd59   Thumb Code     6  tasks.o(i.xTaskGetTickCount)
    xTaskIncrementTick                       0x0800dd65   Thumb Code   280  tasks.o(i.xTaskIncrementTick)
    xTaskPriorityDisinherit                  0x0800dea9   Thumb Code   152  tasks.o(i.xTaskPriorityDisinherit)
    xTaskRemoveFromEventList                 0x0800df4d   Thumb Code   126  tasks.o(i.xTaskRemoveFromEventList)
    xTaskResumeAll                           0x0800dfe5   Thumb Code   222  tasks.o(i.xTaskResumeAll)
    xTimerCreateTimerTask                    0x0800e0e9   Thumb Code   100  timers.o(i.xTimerCreateTimerTask)
    xTimerGenericCommand                     0x0800e161   Thumb Code   128  timers.o(i.xTimerGenericCommand)
    defaultTask_attributes                   0x0800e1e4   Data          36  freertos.o(.constdata)
    main_control_attributes                  0x0800e208   Data          36  freertos.o(.constdata)
    controller_attributes                    0x0800e22c   Data          36  freertos.o(.constdata)
    imu_attributes                           0x0800e250   Data          36  freertos.o(.constdata)
    unitree_motor_attributes                 0x0800e274   Data          36  freertos.o(.constdata)
    UARTPrescTable                           0x0800e2fc   Data          24  stm32h7xx_hal_uart.o(.constdata)
    D1CorePrescTable                         0x0800e324   Data          16  system_stm32h7xx.o(.constdata)
    Region$$Table$$Base                      0x0800e378   Number         0  anon$$obj.o(Region$$Table)
    Region$$Table$$Limit                     0x0800e398   Number         0  anon$$obj.o(Region$$Table)
    pxCurrentTCB                             0x24000000   Data           4  tasks.o(.data)
    defaultTaskHandle                        0x24000080   Data           4  freertos.o(.data)
    main_control_Handle                      0x24000084   Data           4  freertos.o(.data)
    controllerHandle                         0x24000088   Data           4  freertos.o(.data)
    imuHandle                                0x2400008c   Data           4  freertos.o(.data)
    unitree_motorHandle                      0x24000090   Data           4  freertos.o(.data)
    uwTick                                   0x24000098   Data           4  stm32h7xx_hal.o(.data)
    uwTickPrio                               0x2400009c   Data           4  stm32h7xx_hal.o(.data)
    uwTickFreq                               0x240000a0   Data           1  stm32h7xx_hal.o(.data)
    SystemCoreClock                          0x240000a4   Data           4  system_stm32h7xx.o(.data)
    SystemD2Clock                            0x240000a8   Data           4  system_stm32h7xx.o(.data)
    a2                                       0x240000ac   Data           4  can_bsp.o(.data)
    sbus_start                               0x240000b0   Data           1  controller.o(.data)
    sbus_buf_index                           0x240000b1   Data           1  controller.o(.data)
    sbus_new_cmd                             0x240000b2   Data           1  controller.o(.data)
    failsafe_status                          0x240000b3   Data           1  controller.o(.data)
    RxTemp                                   0x240000b4   Data           1  controller.o(.data)
    aaa                                      0x240000b8   Data           4  controller.o(.data)
    motor_flag                               0x240000bc   Data           4  main_control.o(.data)
    calf_flag                                0x240000c4   Data           4  main_control.o(.data)
    UnitreeMotors_Tor                        0x240000c8   Data           8  unitree_motor.o(.data)
    mistaken                                 0x240000d0   Data           4  unitree_motor.o(.data)
    correct                                  0x240000d4   Data           4  unitree_motor.o(.data)
    saved_Pos                                0x240000d8   Data           4  unitree_motor.o(.data)
    recv_crc                                 0x240000dc   Data           4  unitree_motor.o(.data)
    currentSendingMotorIndex                 0x240000e0   Data           1  unitree_motor.o(.data)
    currentSendingUart                       0x240000e4   Data           4  unitree_motor.o(.data)
    xQueueRegistry                           0x240000e8   Data          64  queue.o(.bss)
    motor                                    0x240049bc   Data         960  main.o(.bss)
    hcrc                                     0x24004d7c   Data          36  crc.o(.bss)
    hdcmi                                    0x24004da0   Data          80  dcmi.o(.bss)
    hfdcan1                                  0x24004df0   Data         160  fdcan.o(.bss)
    hfdcan2                                  0x24004e90   Data         160  fdcan.o(.bss)
    hfdcan3                                  0x24004f30   Data         160  fdcan.o(.bss)
    hi2c1                                    0x24004fd0   Data          84  i2c.o(.bss)
    hospi1                                   0x24005024   Data          92  octospi.o(.bss)
    hspi1                                    0x24005080   Data         136  spi.o(.bss)
    hspi2                                    0x24005108   Data         136  spi.o(.bss)
    hdma_spi2_rx                             0x24005190   Data         120  spi.o(.bss)
    hdma_spi2_tx                             0x24005208   Data         120  spi.o(.bss)
    htim1                                    0x24005280   Data          76  tim.o(.bss)
    htim2                                    0x240052cc   Data          76  tim.o(.bss)
    htim3                                    0x24005318   Data          76  tim.o(.bss)
    huart5                                   0x24005364   Data         148  usart.o(.bss)
    huart7                                   0x240053f8   Data         148  usart.o(.bss)
    huart9                                   0x2400548c   Data         148  usart.o(.bss)
    huart1                                   0x24005520   Data         148  usart.o(.bss)
    huart2                                   0x240055b4   Data         148  usart.o(.bss)
    huart3                                   0x24005648   Data         148  usart.o(.bss)
    huart10                                  0x240056dc   Data         148  usart.o(.bss)
    hdma_usart2_rx                           0x24005770   Data         120  usart.o(.bss)
    hdma_usart2_tx                           0x240057e8   Data         120  usart.o(.bss)
    hdma_usart3_rx                           0x24005860   Data         120  usart.o(.bss)
    hdma_usart3_tx                           0x240058d8   Data         120  usart.o(.bss)
    hpcd_USB_OTG_HS                          0x24005950   Data        1292  usb_otg.o(.bss)
    RxHeader1                                0x24005e5c   Data          40  can_bsp.o(.bss)
    g_Can1RxData                             0x24005e84   Data          64  can_bsp.o(.bss)
    RxHeader2                                0x24005ec4   Data          40  can_bsp.o(.bss)
    g_Can2RxData                             0x24005eec   Data          64  can_bsp.o(.bss)
    inBuffer                                 0x24005f2c   Data          25  controller.o(.bss)
    sbus_data                                0x24005f45   Data          25  controller.o(.bss)
    g_sbus_channels                          0x24005f5e   Data          36  controller.o(.bss)
    controller                               0x24005f84   Data          24  controller.o(.bss)
    UnitreeMotors_Command                    0x24005f9c   Data         136  unitree_motor.o(.bss)
    UnitreeMotors_Status                     0x24006024   Data         312  unitree_motor.o(.bss)
    UnitreeMotors_Info                       0x2400615c   Data          56  unitree_motor.o(.bss)
    UnitreeMotors_Pos                        0x24006194   Data          16  unitree_motor.o(.bss)
    rxBuffer0                                0x240061a4   Data         120  unitree_motor.o(.bss)
    rxBuffer1                                0x2400621c   Data         120  unitree_motor.o(.bss)
    rxBuffer2                                0x24006294   Data         120  unitree_motor.o(.bss)
    rxBuffer3                                0x2400630c   Data         120  unitree_motor.o(.bss)
    __initial_sp                             0x24006788   Data           0  startup_stm32h723xx.o(STACK)



==============================================================================

Memory Map of the image

  Image Entry point : 0x080002cd

  Load Region LR_IROM1 (Base: 0x08000000, Size: 0x0000e480, Max: 0x00100000, ABSOLUTE)

    Execution Region ER_IROM1 (Exec base: 0x08000000, Load base: 0x08000000, Size: 0x0000e398, Max: 0x00100000, ABSOLUTE)

    Exec Addr    Load Addr    Size         Type   Attr      Idx    E Section Name        Object

    0x08000000   0x08000000   0x000002cc   Data   RO         1971    RESET               startup_stm32h723xx.o
    0x080002cc   0x080002cc   0x00000000   Code   RO         9984  * .ARM.Collect$$$$00000000  mc_w.l(entry.o)
    0x080002cc   0x080002cc   0x00000004   Code   RO         9997    .ARM.Collect$$$$00000001  mc_w.l(entry2.o)
    0x080002d0   0x080002d0   0x00000004   Code   RO        10000    .ARM.Collect$$$$00000004  mc_w.l(entry5.o)
    0x080002d4   0x080002d4   0x00000000   Code   RO        10002    .ARM.Collect$$$$00000008  mc_w.l(entry7b.o)
    0x080002d4   0x080002d4   0x00000000   Code   RO        10004    .ARM.Collect$$$$0000000A  mc_w.l(entry8b.o)
    0x080002d4   0x080002d4   0x00000008   Code   RO        10005    .ARM.Collect$$$$0000000B  mc_w.l(entry9a.o)
    0x080002dc   0x080002dc   0x00000004   Code   RO        10012    .ARM.Collect$$$$0000000E  mc_w.l(entry12b.o)
    0x080002e0   0x080002e0   0x00000000   Code   RO        10007    .ARM.Collect$$$$0000000F  mc_w.l(entry10a.o)
    0x080002e0   0x080002e0   0x00000000   Code   RO        10009    .ARM.Collect$$$$00000011  mc_w.l(entry11a.o)
    0x080002e0   0x080002e0   0x00000004   Code   RO         9998    .ARM.Collect$$$$00002712  mc_w.l(entry2.o)
    0x080002e4   0x080002e4   0x000000be   Code   RO         1892    .emb_text           port.o
    0x080003a2   0x080003a2   0x00000002   PAD
    0x080003a4   0x080003a4   0x00000024   Code   RO         1972    .text               startup_stm32h723xx.o
    0x080003c8   0x080003c8   0x00000062   Code   RO         9987    .text               mc_w.l(uldiv.o)
    0x0800042a   0x0800042a   0x00000024   Code   RO         9989    .text               mc_w.l(memcpya.o)
    0x0800044e   0x0800044e   0x00000024   Code   RO         9993    .text               mc_w.l(memseta.o)
    0x08000472   0x08000472   0x0000001e   Code   RO        10013    .text               mc_w.l(llshl.o)
    0x08000490   0x08000490   0x00000020   Code   RO        10015    .text               mc_w.l(llushr.o)
    0x080004b0   0x080004b0   0x00000024   Code   RO        10017    .text               mc_w.l(init.o)
    0x080004d4   0x080004d4   0x00000004   Code   RO         2664    i.BusFault_Handler  stm32h7xx_it.o
    0x080004d8   0x080004d8   0x00000010   Code   RO         2665    i.DMA1_Stream0_IRQHandler  stm32h7xx_it.o
    0x080004e8   0x080004e8   0x00000010   Code   RO         2666    i.DMA1_Stream1_IRQHandler  stm32h7xx_it.o
    0x080004f8   0x080004f8   0x00000010   Code   RO         2667    i.DMA1_Stream2_IRQHandler  stm32h7xx_it.o
    0x08000508   0x08000508   0x00000010   Code   RO         2668    i.DMA1_Stream3_IRQHandler  stm32h7xx_it.o
    0x08000518   0x08000518   0x00000010   Code   RO         2669    i.DMA1_Stream4_IRQHandler  stm32h7xx_it.o
    0x08000528   0x08000528   0x00000010   Code   RO         2670    i.DMA1_Stream5_IRQHandler  stm32h7xx_it.o
    0x08000538   0x08000538   0x000000ec   Code   RO         3811    i.DMA_CalcBaseAndBitshift  stm32h7xx_hal_dma.o
    0x08000624   0x08000624   0x000000c4   Code   RO         3812    i.DMA_CalcDMAMUXChannelBaseAndMask  stm32h7xx_hal_dma.o
    0x080006e8   0x080006e8   0x00000098   Code   RO         3813    i.DMA_CalcDMAMUXRequestGenBaseAndMask  stm32h7xx_hal_dma.o
    0x08000780   0x08000780   0x000000ae   Code   RO         3814    i.DMA_CheckFifoParam  stm32h7xx_hal_dma.o
    0x0800082e   0x0800082e   0x00000002   PAD
    0x08000830   0x08000830   0x00000274   Code   RO         3815    i.DMA_SetConfig     stm32h7xx_hal_dma.o
    0x08000aa4   0x08000aa4   0x00000002   Code   RO         2671    i.DebugMon_Handler  stm32h7xx_it.o
    0x08000aa6   0x08000aa6   0x0000001c   Code   RO         2672    i.EXTI15_10_IRQHandler  stm32h7xx_it.o
    0x08000ac2   0x08000ac2   0x00000006   Code   RO         1979    i.Error_Handler     main.o
    0x08000ac8   0x08000ac8   0x00000060   Code   RO         9045    i.FDCAN1_Config     can_bsp.o
    0x08000b28   0x08000b28   0x00000010   Code   RO         2673    i.FDCAN1_IT0_IRQHandler  stm32h7xx_it.o
    0x08000b38   0x08000b38   0x00000060   Code   RO         9046    i.FDCAN2_Config     can_bsp.o
    0x08000b98   0x08000b98   0x00000010   Code   RO         2674    i.FDCAN2_IT0_IRQHandler  stm32h7xx_it.o
    0x08000ba8   0x08000ba8   0x00000220   Code   RO         5594    i.FDCAN_CalcultateRamBlockAddresses  stm32h7xx_hal_fdcan.o
    0x08000dc8   0x08000dc8   0x00000070   Code   RO         3057    i.HAL_CRCEx_Polynomial_Set  stm32h7xx_hal_crc_ex.o
    0x08000e38   0x08000e38   0x00000084   Code   RO         2991    i.HAL_CRC_Init      stm32h7xx_hal_crc.o
    0x08000ebc   0x08000ebc   0x00000030   Code   RO         2178    i.HAL_CRC_MspInit   crc.o
    0x08000eec   0x08000eec   0x000000a0   Code   RO         5464    i.HAL_DCMI_Init     stm32h7xx_hal_dcmi.o
    0x08000f8c   0x08000f8c   0x00000160   Code   RO         2220    i.HAL_DCMI_MspInit  dcmi.o
    0x080010ec   0x080010ec   0x000004dc   Code   RO         3816    i.HAL_DMA_Abort     stm32h7xx_hal_dma.o
    0x080015c8   0x080015c8   0x00000398   Code   RO         3817    i.HAL_DMA_Abort_IT  stm32h7xx_hal_dma.o
    0x08001960   0x08001960   0x00000af8   Code   RO         3821    i.HAL_DMA_IRQHandler  stm32h7xx_hal_dma.o
    0x08002458   0x08002458   0x00000514   Code   RO         3822    i.HAL_DMA_Init      stm32h7xx_hal_dma.o
    0x0800296c   0x0800296c   0x000003e0   Code   RO         3826    i.HAL_DMA_Start_IT  stm32h7xx_hal_dma.o
    0x08002d4c   0x08002d4c   0x00000028   Code   RO         4513    i.HAL_Delay         stm32h7xx_hal.o
    0x08002d74   0x08002d74   0x000000a8   Code   RO         5597    i.HAL_FDCAN_ActivateNotification  stm32h7xx_hal_fdcan.o
    0x08002e1c   0x08002e1c   0x00000002   Code   RO         5600    i.HAL_FDCAN_ClockCalibrationCallback  stm32h7xx_hal_fdcan.o
    0x08002e1e   0x08002e1e   0x000000a8   Code   RO         5604    i.HAL_FDCAN_ConfigFilter  stm32h7xx_hal_fdcan.o
    0x08002ec6   0x08002ec6   0x00000034   Code   RO         5605    i.HAL_FDCAN_ConfigGlobalFilter  stm32h7xx_hal_fdcan.o
    0x08002efa   0x08002efa   0x00000002   Code   RO         5626    i.HAL_FDCAN_ErrorCallback  stm32h7xx_hal_fdcan.o
    0x08002efc   0x08002efc   0x00000002   Code   RO         5627    i.HAL_FDCAN_ErrorStatusCallback  stm32h7xx_hal_fdcan.o
    0x08002efe   0x08002efe   0x00000002   PAD
    0x08002f00   0x08002f00   0x000001f4   Code   RO         5638    i.HAL_FDCAN_GetRxMessage  stm32h7xx_hal_fdcan.o
    0x080030f4   0x080030f4   0x00000002   Code   RO         5644    i.HAL_FDCAN_HighPriorityMessageCallback  stm32h7xx_hal_fdcan.o
    0x080030f6   0x080030f6   0x00000002   PAD
    0x080030f8   0x080030f8   0x000003d4   Code   RO         5645    i.HAL_FDCAN_IRQHandler  stm32h7xx_hal_fdcan.o
    0x080034cc   0x080034cc   0x000002e0   Code   RO         5646    i.HAL_FDCAN_Init    stm32h7xx_hal_fdcan.o
    0x080037ac   0x080037ac   0x000001fc   Code   RO         2286    i.HAL_FDCAN_MspInit  fdcan.o
    0x080039a8   0x080039a8   0x00000002   Code   RO         5655    i.HAL_FDCAN_RxBufferNewMessageCallback  stm32h7xx_hal_fdcan.o
    0x080039aa   0x080039aa   0x00000002   PAD
    0x080039ac   0x080039ac   0x0000005c   Code   RO         9047    i.HAL_FDCAN_RxFifo0Callback  can_bsp.o
    0x08003a08   0x08003a08   0x00000050   Code   RO         9048    i.HAL_FDCAN_RxFifo1Callback  can_bsp.o
    0x08003a58   0x08003a58   0x00000034   Code   RO         5658    i.HAL_FDCAN_Start   stm32h7xx_hal_fdcan.o
    0x08003a8c   0x08003a8c   0x00000002   Code   RO         5680    i.HAL_FDCAN_TT_GlobalTimeCallback  stm32h7xx_hal_fdcan.o
    0x08003a8e   0x08003a8e   0x00000002   Code   RO         5681    i.HAL_FDCAN_TT_ScheduleSyncCallback  stm32h7xx_hal_fdcan.o
    0x08003a90   0x08003a90   0x00000002   Code   RO         5686    i.HAL_FDCAN_TT_StopWatchCallback  stm32h7xx_hal_fdcan.o
    0x08003a92   0x08003a92   0x00000002   Code   RO         5687    i.HAL_FDCAN_TT_TimeMarkCallback  stm32h7xx_hal_fdcan.o
    0x08003a94   0x08003a94   0x00000002   Code   RO         5688    i.HAL_FDCAN_TimeoutOccurredCallback  stm32h7xx_hal_fdcan.o
    0x08003a96   0x08003a96   0x00000002   Code   RO         5689    i.HAL_FDCAN_TimestampWraparoundCallback  stm32h7xx_hal_fdcan.o
    0x08003a98   0x08003a98   0x00000002   Code   RO         5690    i.HAL_FDCAN_TxBufferAbortCallback  stm32h7xx_hal_fdcan.o
    0x08003a9a   0x08003a9a   0x00000002   Code   RO         5691    i.HAL_FDCAN_TxBufferCompleteCallback  stm32h7xx_hal_fdcan.o
    0x08003a9c   0x08003a9c   0x00000002   Code   RO         5692    i.HAL_FDCAN_TxEventFifoCallback  stm32h7xx_hal_fdcan.o
    0x08003a9e   0x08003a9e   0x00000002   Code   RO         5693    i.HAL_FDCAN_TxFifoEmptyCallback  stm32h7xx_hal_fdcan.o
    0x08003aa0   0x08003aa0   0x00000044   Code   RO         9491    i.HAL_GPIO_EXTI_Callback  main_control.o
    0x08003ae4   0x08003ae4   0x0000001c   Code   RO         3663    i.HAL_GPIO_EXTI_IRQHandler  stm32h7xx_hal_gpio.o
    0x08003b00   0x08003b00   0x000001f0   Code   RO         3664    i.HAL_GPIO_Init     stm32h7xx_hal_gpio.o
    0x08003cf0   0x08003cf0   0x0000000c   Code   RO         3668    i.HAL_GPIO_WritePin  stm32h7xx_hal_gpio.o
    0x08003cfc   0x08003cfc   0x0000000c   Code   RO         4529    i.HAL_GetTick       stm32h7xx_hal.o
    0x08003d08   0x08003d08   0x0000006a   Code   RO         5326    i.HAL_I2CEx_ConfigAnalogFilter  stm32h7xx_hal_i2c_ex.o
    0x08003d72   0x08003d72   0x00000068   Code   RO         5327    i.HAL_I2CEx_ConfigDigitalFilter  stm32h7xx_hal_i2c_ex.o
    0x08003dda   0x08003dda   0x00000002   PAD
    0x08003ddc   0x08003ddc   0x000000c4   Code   RO         4865    i.HAL_I2C_Init      stm32h7xx_hal_i2c.o
    0x08003ea0   0x08003ea0   0x000000a0   Code   RO         2341    i.HAL_I2C_MspInit   i2c.o
    0x08003f40   0x08003f40   0x00000018   Code   RO         4535    i.HAL_IncTick       stm32h7xx_hal.o
    0x08003f58   0x08003f58   0x00000060   Code   RO         4536    i.HAL_Init          stm32h7xx_hal.o
    0x08003fb8   0x08003fb8   0x00000058   Code   RO         4537    i.HAL_InitTick      stm32h7xx_hal.o
    0x08004010   0x08004010   0x00000030   Code   RO         2815    i.HAL_MspInit       stm32h7xx_hal_msp.o
    0x08004040   0x08004040   0x00000028   Code   RO         2845    i.HAL_NVIC_EnableIRQ  stm32h7xx_hal_cortex.o
    0x08004068   0x08004068   0x0000007a   Code   RO         2851    i.HAL_NVIC_SetPriority  stm32h7xx_hal_cortex.o
    0x080040e2   0x080040e2   0x00000002   PAD
    0x080040e4   0x080040e4   0x00000028   Code   RO         2852    i.HAL_NVIC_SetPriorityGrouping  stm32h7xx_hal_cortex.o
    0x0800410c   0x0800410c   0x000006f8   Code   RO         6212    i.HAL_OSPIM_Config  stm32h7xx_hal_ospi.o
    0x08004804   0x08004804   0x00000110   Code   RO         6230    i.HAL_OSPI_Init     stm32h7xx_hal_ospi.o
    0x08004914   0x08004914   0x000001a4   Code   RO         2383    i.HAL_OSPI_MspInit  octospi.o
    0x08004ab8   0x08004ab8   0x00000008   Code   RO         6240    i.HAL_OSPI_SetTimeout  stm32h7xx_hal_ospi.o
    0x08004ac0   0x08004ac0   0x00000028   Code   RO         8626    i.HAL_PCDEx_ActivateLPM  stm32h7xx_hal_pcd_ex.o
    0x08004ae8   0x08004ae8   0x00000172   Code   RO         8410    i.HAL_PCD_Init      stm32h7xx_hal_pcd.o
    0x08004c5a   0x08004c5a   0x00000002   PAD
    0x08004c5c   0x08004c5c   0x00000060   Code   RO         2623    i.HAL_PCD_MspInit   usb_otg.o
    0x08004cbc   0x08004cbc   0x00000060   Code   RO         4265    i.HAL_PWREx_ConfigSupply  stm32h7xx_hal_pwr_ex.o
    0x08004d1c   0x08004d1c   0x00000014   Code   RO         4282    i.HAL_PWREx_EnableUSBVoltageDetector  stm32h7xx_hal_pwr_ex.o
    0x08004d30   0x08004d30   0x00000024   Code   RO         3207    i.HAL_RCCEx_GetD3PCLK1Freq  stm32h7xx_hal_rcc_ex.o
    0x08004d54   0x08004d54   0x00000230   Code   RO         3209    i.HAL_RCCEx_GetPLL2ClockFreq  stm32h7xx_hal_rcc_ex.o
    0x08004f84   0x08004f84   0x00000230   Code   RO         3210    i.HAL_RCCEx_GetPLL3ClockFreq  stm32h7xx_hal_rcc_ex.o
    0x080051b4   0x080051b4   0x00000cc8   Code   RO         3216    i.HAL_RCCEx_PeriphCLKConfig  stm32h7xx_hal_rcc_ex.o
    0x08005e7c   0x08005e7c   0x00000320   Code   RO         3092    i.HAL_RCC_ClockConfig  stm32h7xx_hal_rcc.o
    0x0800619c   0x0800619c   0x0000004c   Code   RO         3097    i.HAL_RCC_GetHCLKFreq  stm32h7xx_hal_rcc.o
    0x080061e8   0x080061e8   0x00000024   Code   RO         3099    i.HAL_RCC_GetPCLK1Freq  stm32h7xx_hal_rcc.o
    0x0800620c   0x0800620c   0x00000024   Code   RO         3100    i.HAL_RCC_GetPCLK2Freq  stm32h7xx_hal_rcc.o
    0x08006230   0x08006230   0x0000022c   Code   RO         3101    i.HAL_RCC_GetSysClockFreq  stm32h7xx_hal_rcc.o
    0x0800645c   0x0800645c   0x000000bc   Code   RO         3102    i.HAL_RCC_MCOConfig  stm32h7xx_hal_rcc.o
    0x08006518   0x08006518   0x0000075c   Code   RO         3104    i.HAL_RCC_OscConfig  stm32h7xx_hal_rcc.o
    0x08006c74   0x08006c74   0x00000098   Code   RO         8264    i.HAL_RS485Ex_Init  stm32h7xx_hal_uart_ex.o
    0x08006d0c   0x08006d0c   0x00000002   Code   RO         6483    i.HAL_SPI_ErrorCallback  stm32h7xx_hal_spi.o
    0x08006d0e   0x08006d0e   0x00000002   PAD
    0x08006d10   0x08006d10   0x00000294   Code   RO         6486    i.HAL_SPI_IRQHandler  stm32h7xx_hal_spi.o
    0x08006fa4   0x08006fa4   0x000001b0   Code   RO         6487    i.HAL_SPI_Init      stm32h7xx_hal_spi.o
    0x08007154   0x08007154   0x00000228   Code   RO         2425    i.HAL_SPI_MspInit   spi.o
    0x0800737c   0x0800737c   0x00000002   Code   RO         6493    i.HAL_SPI_RxCpltCallback  stm32h7xx_hal_spi.o
    0x0800737e   0x0800737e   0x00000002   Code   RO         6495    i.HAL_SPI_SuspendCallback  stm32h7xx_hal_spi.o
    0x08007380   0x08007380   0x00000002   Code   RO         6502    i.HAL_SPI_TxCpltCallback  stm32h7xx_hal_spi.o
    0x08007382   0x08007382   0x00000002   Code   RO         6504    i.HAL_SPI_TxRxCpltCallback  stm32h7xx_hal_spi.o
    0x08007384   0x08007384   0x00000034   Code   RO         2856    i.HAL_SYSTICK_Config  stm32h7xx_hal_cortex.o
    0x080073b8   0x080073b8   0x00000002   Code   RO         7537    i.HAL_TIMEx_Break2Callback  stm32h7xx_hal_tim_ex.o
    0x080073ba   0x080073ba   0x00000002   Code   RO         7538    i.HAL_TIMEx_BreakCallback  stm32h7xx_hal_tim_ex.o
    0x080073bc   0x080073bc   0x00000002   Code   RO         7539    i.HAL_TIMEx_CommutCallback  stm32h7xx_hal_tim_ex.o
    0x080073be   0x080073be   0x00000002   PAD
    0x080073c0   0x080073c0   0x000000e8   Code   RO         7541    i.HAL_TIMEx_ConfigBreakDeadTime  stm32h7xx_hal_tim_ex.o
    0x080074a8   0x080074a8   0x000000e4   Code   RO         7560    i.HAL_TIMEx_MasterConfigSynchronization  stm32h7xx_hal_tim_ex.o
    0x0800758c   0x0800758c   0x0000006e   Code   RO         6812    i.HAL_TIM_Base_Init  stm32h7xx_hal_tim.o
    0x080075fa   0x080075fa   0x00000002   PAD
    0x080075fc   0x080075fc   0x00000088   Code   RO         2473    i.HAL_TIM_Base_MspInit  tim.o
    0x08007684   0x08007684   0x000000cc   Code   RO         6817    i.HAL_TIM_Base_Start_IT  stm32h7xx_hal_tim.o
    0x08007750   0x08007750   0x00000134   Code   RO         6821    i.HAL_TIM_ConfigClockSource  stm32h7xx_hal_tim.o
    0x08007884   0x08007884   0x00000002   Code   RO         6846    i.HAL_TIM_IC_CaptureCallback  stm32h7xx_hal_tim.o
    0x08007886   0x08007886   0x000001b8   Code   RO         6860    i.HAL_TIM_IRQHandler  stm32h7xx_hal_tim.o
    0x08007a3e   0x08007a3e   0x00000002   PAD
    0x08007a40   0x08007a40   0x000000a4   Code   RO         2474    i.HAL_TIM_MspPostInit  tim.o
    0x08007ae4   0x08007ae4   0x00000002   Code   RO         6863    i.HAL_TIM_OC_DelayElapsedCallback  stm32h7xx_hal_tim.o
    0x08007ae6   0x08007ae6   0x00000170   Code   RO         6884    i.HAL_TIM_PWM_ConfigChannel  stm32h7xx_hal_tim.o
    0x08007c56   0x08007c56   0x0000006e   Code   RO         6887    i.HAL_TIM_PWM_Init  stm32h7xx_hal_tim.o
    0x08007cc4   0x08007cc4   0x000000ac   Code   RO         2476    i.HAL_TIM_PWM_MspInit  tim.o
    0x08007d70   0x08007d70   0x00000002   Code   RO         6890    i.HAL_TIM_PWM_PulseFinishedCallback  stm32h7xx_hal_tim.o
    0x08007d72   0x08007d72   0x00000002   Code   RO         6898    i.HAL_TIM_PeriodElapsedCallback  stm32h7xx_hal_tim.o
    0x08007d74   0x08007d74   0x00000002   Code   RO         6903    i.HAL_TIM_TriggerCallback  stm32h7xx_hal_tim.o
    0x08007d76   0x08007d76   0x0000004e   Code   RO         8265    i.HAL_UARTEx_DisableFifoMode  stm32h7xx_hal_uart_ex.o
    0x08007dc4   0x08007dc4   0x00000002   Code   RO         7849    i.HAL_UARTEx_RxEventCallback  stm32h7xx_hal_uart.o
    0x08007dc6   0x08007dc6   0x00000002   Code   RO         8273    i.HAL_UARTEx_RxFifoFullCallback  stm32h7xx_hal_uart_ex.o
    0x08007dc8   0x08007dc8   0x0000005e   Code   RO         8274    i.HAL_UARTEx_SetRxFifoThreshold  stm32h7xx_hal_uart_ex.o
    0x08007e26   0x08007e26   0x0000005e   Code   RO         8275    i.HAL_UARTEx_SetTxFifoThreshold  stm32h7xx_hal_uart_ex.o
    0x08007e84   0x08007e84   0x00000002   Code   RO         8277    i.HAL_UARTEx_TxFifoEmptyCallback  stm32h7xx_hal_uart_ex.o
    0x08007e86   0x08007e86   0x00000002   Code   RO         8278    i.HAL_UARTEx_WakeupCallback  stm32h7xx_hal_uart_ex.o
    0x08007e88   0x08007e88   0x00000002   Code   RO         7865    i.HAL_UART_ErrorCallback  stm32h7xx_hal_uart.o
    0x08007e8a   0x08007e8a   0x00000002   PAD
    0x08007e8c   0x08007e8c   0x00000494   Code   RO         7868    i.HAL_UART_IRQHandler  stm32h7xx_hal_uart.o
    0x08008320   0x08008320   0x00000078   Code   RO         7869    i.HAL_UART_Init     stm32h7xx_hal_uart.o
    0x08008398   0x08008398   0x00000580   Code   RO         2545    i.HAL_UART_MspInit  usart.o
    0x08008918   0x08008918   0x0000005c   Code   RO         7873    i.HAL_UART_Receive_DMA  stm32h7xx_hal_uart.o
    0x08008974   0x08008974   0x0000005c   Code   RO         7874    i.HAL_UART_Receive_IT  stm32h7xx_hal_uart.o
    0x080089d0   0x080089d0   0x00000034   Code   RO         9901    i.HAL_UART_RxCpltCallback  unitree_motor.o
    0x08008a04   0x08008a04   0x00000002   Code   RO         7877    i.HAL_UART_RxHalfCpltCallback  stm32h7xx_hal_uart.o
    0x08008a06   0x08008a06   0x00000002   PAD
    0x08008a08   0x08008a08   0x000000a0   Code   RO         7879    i.HAL_UART_Transmit_DMA  stm32h7xx_hal_uart.o
    0x08008aa8   0x08008aa8   0x00000028   Code   RO         9902    i.HAL_UART_TxCpltCallback  unitree_motor.o
    0x08008ad0   0x08008ad0   0x00000002   Code   RO         7882    i.HAL_UART_TxHalfCpltCallback  stm32h7xx_hal_uart.o
    0x08008ad2   0x08008ad2   0x00000004   Code   RO         2675    i.HardFault_Handler  stm32h7xx_it.o
    0x08008ad6   0x08008ad6   0x00000002   PAD
    0x08008ad8   0x08008ad8   0x00000034   Code   RO         2179    i.MX_CRC_Init       crc.o
    0x08008b0c   0x08008b0c   0x00000038   Code   RO         2221    i.MX_DCMI_Init      dcmi.o
    0x08008b44   0x08008b44   0x00000084   Code   RO         2261    i.MX_DMA_Init       dma.o
    0x08008bc8   0x08008bc8   0x00000084   Code   RO         2287    i.MX_FDCAN1_Init    fdcan.o
    0x08008c4c   0x08008c4c   0x00000080   Code   RO         2288    i.MX_FDCAN2_Init    fdcan.o
    0x08008ccc   0x08008ccc   0x00000070   Code   RO         2289    i.MX_FDCAN3_Init    fdcan.o
    0x08008d3c   0x08008d3c   0x00000084   Code   RO         2126    i.MX_FREERTOS_Init  freertos.o
    0x08008dc0   0x08008dc0   0x00000260   Code   RO         2102    i.MX_GPIO_Init      gpio.o
    0x08009020   0x08009020   0x00000058   Code   RO         2342    i.MX_I2C1_Init      i2c.o
    0x08009078   0x08009078   0x00000078   Code   RO         2384    i.MX_OCTOSPI1_Init  octospi.o
    0x080090f0   0x080090f0   0x00000060   Code   RO         2426    i.MX_SPI1_Init      spi.o
    0x08009150   0x08009150   0x00000064   Code   RO         2427    i.MX_SPI2_Init      spi.o
    0x080091b4   0x080091b4   0x000000c0   Code   RO         2477    i.MX_TIM1_Init      tim.o
    0x08009274   0x08009274   0x0000006c   Code   RO         2478    i.MX_TIM2_Init      tim.o
    0x080092e0   0x080092e0   0x0000007c   Code   RO         2479    i.MX_TIM3_Init      tim.o
    0x0800935c   0x0800935c   0x00000074   Code   RO         2546    i.MX_UART5_Init     usart.o
    0x080093d0   0x080093d0   0x0000006c   Code   RO         2547    i.MX_UART7_Init     usart.o
    0x0800943c   0x0800943c   0x0000006c   Code   RO         2548    i.MX_UART9_Init     usart.o
    0x080094a8   0x080094a8   0x0000006c   Code   RO         2549    i.MX_USART10_UART_Init  usart.o
    0x08009514   0x08009514   0x0000006c   Code   RO         2550    i.MX_USART1_UART_Init  usart.o
    0x08009580   0x08009580   0x00000074   Code   RO         2551    i.MX_USART2_UART_Init  usart.o
    0x080095f4   0x080095f4   0x00000074   Code   RO         2552    i.MX_USART3_UART_Init  usart.o
    0x08009668   0x08009668   0x0000003c   Code   RO         2624    i.MX_USB_OTG_HS_PCD_Init  usb_otg.o
    0x080096a4   0x080096a4   0x00000004   Code   RO         2676    i.MemManage_Handler  stm32h7xx_it.o
    0x080096a8   0x080096a8   0x00000004   Code   RO         2677    i.NMI_Handler       stm32h7xx_it.o
    0x080096ac   0x080096ac   0x000000e8   Code   RO         6248    i.OSPIM_GetConfig   stm32h7xx_hal_ospi.o
    0x08009794   0x08009794   0x0000004c   Code   RO         6253    i.OSPI_WaitFlagStateUntilTimeout  stm32h7xx_hal_ospi.o
    0x080097e0   0x080097e0   0x00000164   Code   RO         3219    i.RCCEx_PLL2_Config  stm32h7xx_hal_rcc_ex.o
    0x08009944   0x08009944   0x00000164   Code   RO         3220    i.RCCEx_PLL3_Config  stm32h7xx_hal_rcc_ex.o
    0x08009aa8   0x08009aa8   0x00000010   Code   RO         2678    i.SPI2_IRQHandler   stm32h7xx_it.o
    0x08009ab8   0x08009ab8   0x000000d6   Code   RO         6507    i.SPI_CloseTransfer  stm32h7xx_hal_spi.o
    0x08009b8e   0x08009b8e   0x0000001c   Code   RO         6508    i.SPI_DMAAbortOnError  stm32h7xx_hal_spi.o
    0x08009baa   0x08009baa   0x0000001a   Code   RO         6518    i.SPI_GetPacketSize  stm32h7xx_hal_spi.o
    0x08009bc4   0x08009bc4   0x0000000a   Code   RO         2127    i.StartDefaultTask  freertos.o
    0x08009bce   0x08009bce   0x00000014   Code   RO         2679    i.SysTick_Handler   stm32h7xx_it.o
    0x08009be2   0x08009be2   0x00000002   PAD
    0x08009be4   0x08009be4   0x000000cc   Code   RO         1980    i.SystemClock_Config  main.o
    0x08009cb0   0x08009cb0   0x000000e0   Code   RO         9009    i.SystemInit        system_stm32h7xx.o
    0x08009d90   0x08009d90   0x00000010   Code   RO         2680    i.TIM2_IRQHandler   stm32h7xx_it.o
    0x08009da0   0x08009da0   0x000000e0   Code   RO         6905    i.TIM_Base_SetConfig  stm32h7xx_hal_tim.o
    0x08009e80   0x08009e80   0x00000016   Code   RO         6916    i.TIM_ETR_SetConfig  stm32h7xx_hal_tim.o
    0x08009e96   0x08009e96   0x00000002   PAD
    0x08009e98   0x08009e98   0x00000018   Code   RO         6917    i.TIM_ITRx_SetConfig  stm32h7xx_hal_tim.o
    0x08009eb0   0x08009eb0   0x000000ac   Code   RO         6918    i.TIM_OC1_SetConfig  stm32h7xx_hal_tim.o
    0x08009f5c   0x08009f5c   0x000000b4   Code   RO         6919    i.TIM_OC2_SetConfig  stm32h7xx_hal_tim.o
    0x0800a010   0x0800a010   0x000000b4   Code   RO         6920    i.TIM_OC3_SetConfig  stm32h7xx_hal_tim.o
    0x0800a0c4   0x0800a0c4   0x00000074   Code   RO         6921    i.TIM_OC4_SetConfig  stm32h7xx_hal_tim.o
    0x0800a138   0x0800a138   0x00000070   Code   RO         6922    i.TIM_OC5_SetConfig  stm32h7xx_hal_tim.o
    0x0800a1a8   0x0800a1a8   0x00000070   Code   RO         6923    i.TIM_OC6_SetConfig  stm32h7xx_hal_tim.o
    0x0800a218   0x0800a218   0x00000026   Code   RO         6925    i.TIM_TI1_ConfigInputStage  stm32h7xx_hal_tim.o
    0x0800a23e   0x0800a23e   0x00000028   Code   RO         6927    i.TIM_TI2_ConfigInputStage  stm32h7xx_hal_tim.o
    0x0800a266   0x0800a266   0x00000002   PAD
    0x0800a268   0x0800a268   0x00000010   Code   RO         2681    i.UART5_IRQHandler  stm32h7xx_it.o
    0x0800a278   0x0800a278   0x00000058   Code   RO         8279    i.UARTEx_SetNbDataToProcess  stm32h7xx_hal_uart_ex.o
    0x0800a2d0   0x0800a2d0   0x000000f8   Code   RO         7883    i.UART_AdvFeatureConfig  stm32h7xx_hal_uart.o
    0x0800a3c8   0x0800a3c8   0x000000ea   Code   RO         7884    i.UART_CheckIdleState  stm32h7xx_hal_uart.o
    0x0800a4b2   0x0800a4b2   0x00000018   Code   RO         7885    i.UART_DMAAbortOnError  stm32h7xx_hal_uart.o
    0x0800a4ca   0x0800a4ca   0x0000005e   Code   RO         7886    i.UART_DMAError     stm32h7xx_hal_uart.o
    0x0800a528   0x0800a528   0x000000ae   Code   RO         7887    i.UART_DMAReceiveCplt  stm32h7xx_hal_uart.o
    0x0800a5d6   0x0800a5d6   0x00000026   Code   RO         7889    i.UART_DMARxHalfCplt  stm32h7xx_hal_uart.o
    0x0800a5fc   0x0800a5fc   0x00000054   Code   RO         7891    i.UART_DMATransmitCplt  stm32h7xx_hal_uart.o
    0x0800a650   0x0800a650   0x0000000e   Code   RO         7893    i.UART_DMATxHalfCplt  stm32h7xx_hal_uart.o
    0x0800a65e   0x0800a65e   0x00000002   PAD
    0x0800a660   0x0800a660   0x0000006c   Code   RO         7895    i.UART_EndRxTransfer  stm32h7xx_hal_uart.o
    0x0800a6cc   0x0800a6cc   0x00000030   Code   RO         7896    i.UART_EndTransmit_IT  stm32h7xx_hal_uart.o
    0x0800a6fc   0x0800a6fc   0x00000040   Code   RO         7897    i.UART_EndTxTransfer  stm32h7xx_hal_uart.o
    0x0800a73c   0x0800a73c   0x00000104   Code   RO         7898    i.UART_RxISR_16BIT  stm32h7xx_hal_uart.o
    0x0800a840   0x0800a840   0x000001fc   Code   RO         7899    i.UART_RxISR_16BIT_FIFOEN  stm32h7xx_hal_uart.o
    0x0800aa3c   0x0800aa3c   0x00000104   Code   RO         7900    i.UART_RxISR_8BIT   stm32h7xx_hal_uart.o
    0x0800ab40   0x0800ab40   0x000001f8   Code   RO         7901    i.UART_RxISR_8BIT_FIFOEN  stm32h7xx_hal_uart.o
    0x0800ad38   0x0800ad38   0x00000628   Code   RO         7902    i.UART_SetConfig    stm32h7xx_hal_uart.o
    0x0800b360   0x0800b360   0x000000c8   Code   RO         7903    i.UART_Start_Receive_DMA  stm32h7xx_hal_uart.o
    0x0800b428   0x0800b428   0x0000015c   Code   RO         7904    i.UART_Start_Receive_IT  stm32h7xx_hal_uart.o
    0x0800b584   0x0800b584   0x000000a2   Code   RO         7909    i.UART_WaitOnFlagUntilTimeout  stm32h7xx_hal_uart.o
    0x0800b626   0x0800b626   0x00000002   PAD
    0x0800b628   0x0800b628   0x00000010   Code   RO         2682    i.USART1_IRQHandler  stm32h7xx_it.o
    0x0800b638   0x0800b638   0x00000010   Code   RO         2683    i.USART2_IRQHandler  stm32h7xx_it.o
    0x0800b648   0x0800b648   0x00000018   Code   RO         9383    i.USART_Init        controller.o
    0x0800b660   0x0800b660   0x00000098   Code   RO         8702    i.USB_CoreInit      stm32h7xx_ll_usb.o
    0x0800b6f8   0x0800b6f8   0x00000058   Code   RO         8703    i.USB_CoreReset     stm32h7xx_ll_usb.o
    0x0800b750   0x0800b750   0x00000024   Code   RO         8708    i.USB_DevDisconnect  stm32h7xx_ll_usb.o
    0x0800b774   0x0800b774   0x000001d8   Code   RO         8709    i.USB_DevInit       stm32h7xx_ll_usb.o
    0x0800b94c   0x0800b94c   0x0000000e   Code   RO         8710    i.USB_DisableGlobalInt  stm32h7xx_ll_usb.o
    0x0800b95a   0x0800b95a   0x00000002   PAD
    0x0800b95c   0x0800b95c   0x00000054   Code   RO         8719    i.USB_FlushRxFifo   stm32h7xx_ll_usb.o
    0x0800b9b0   0x0800b9b0   0x00000058   Code   RO         8720    i.USB_FlushTxFifo   stm32h7xx_ll_usb.o
    0x0800ba08   0x0800ba08   0x0000000a   Code   RO         8724    i.USB_GetMode       stm32h7xx_ll_usb.o
    0x0800ba12   0x0800ba12   0x00000068   Code   RO         8739    i.USB_SetCurrentMode  stm32h7xx_ll_usb.o
    0x0800ba7a   0x0800ba7a   0x00000012   Code   RO         8741    i.USB_SetDevSpeed   stm32h7xx_ll_usb.o
    0x0800ba8c   0x0800ba8c   0x00000098   Code   RO         9903    i.UnitreeMotor_Info_initialize  unitree_motor.o
    0x0800bb24   0x0800bb24   0x000000a8   Code   RO         9904    i.UnitreeMotor_ReceiveCommand  unitree_motor.o
    0x0800bbcc   0x0800bbcc   0x00000068   Code   RO         9905    i.UnitreeMotor_SendCommand  unitree_motor.o
    0x0800bc34   0x0800bc34   0x00000050   Code   RO         9906    i.UnitreeMotor_SetCurrent  unitree_motor.o
    0x0800bc84   0x0800bc84   0x00000028   Code   RO         9907    i.UnitreeMotor_SetOutputMode  unitree_motor.o
    0x0800bcac   0x0800bcac   0x00000004   Code   RO         2684    i.UsageFault_Handler  stm32h7xx_it.o
    0x0800bcb0   0x0800bcb0   0x00000010   Code   RO         2858    i.__NVIC_GetPriorityGrouping  stm32h7xx_hal_cortex.o
    0x0800bcc0   0x0800bcc0   0x00000028   Code   RO         2859    i.__NVIC_SetPriority  stm32h7xx_hal_cortex.o
    0x0800bce8   0x0800bce8   0x00000006   Code   RO         1185    i.__get_IPSR        cmsis_os2.o
    0x0800bcee   0x0800bcee   0x0000000e   Code   RO        10021    i.__scatterload_copy  mc_w.l(handlers.o)
    0x0800bcfc   0x0800bcfc   0x00000002   Code   RO        10022    i.__scatterload_null  mc_w.l(handlers.o)
    0x0800bcfe   0x0800bcfe   0x0000000e   Code   RO        10023    i.__scatterload_zeroinit  mc_w.l(handlers.o)
    0x0800bd0c   0x0800bd0c   0x00000038   Code   RO         9384    i.controller_Handle  controller.o
    0x0800bd44   0x0800bd44   0x000001ac   Code   RO         9385    i.controller_Parse_Data  controller.o
    0x0800bef0   0x0800bef0   0x000000a0   Code   RO         9387    i.controller_solve  controller.o
    0x0800bf90   0x0800bf90   0x0000005c   Code   RO         9909    i.crc32_core        unitree_motor.o
    0x0800bfec   0x0800bfec   0x000000dc   Code   RO         9104    i.dm_fbdata         dm_drv.o
    0x0800c0c8   0x0800c0c8   0x00000004   Code   RO         9439    i.imu_Task          imu.o
    0x0800c0cc   0x0800c0cc   0x000000bc   Code   RO         1981    i.main              main.o
    0x0800c188   0x0800c188   0x0000000a   Code   RO         9492    i.mainTask          main_control.o
    0x0800c192   0x0800c192   0x0000001e   Code   RO         1186    i.osDelay           cmsis_os2.o
    0x0800c1b0   0x0800c1b0   0x0000002c   Code   RO         1200    i.osKernelInitialize  cmsis_os2.o
    0x0800c1dc   0x0800c1dc   0x00000060   Code   RO         1203    i.osKernelStart     cmsis_os2.o
    0x0800c23c   0x0800c23c   0x000000b8   Code   RO         1245    i.osThreadNew       cmsis_os2.o
    0x0800c2f4   0x0800c2f4   0x0000007c   Code   RO          621    i.prvAddCurrentTaskToDelayedList  tasks.o
    0x0800c370   0x0800c370   0x000000b8   Code   RO          622    i.prvAddNewTaskToReadyList  tasks.o
    0x0800c428   0x0800c428   0x00000074   Code   RO          997    i.prvCheckForValidListAndQueue  timers.o
    0x0800c49c   0x0800c49c   0x00000048   Code   RO          623    i.prvCheckTasksWaitingTermination  tasks.o
    0x0800c4e4   0x0800c4e4   0x0000002a   Code   RO          208    i.prvCopyDataFromQueue  queue.o
    0x0800c50e   0x0800c50e   0x0000007e   Code   RO          209    i.prvCopyDataToQueue  queue.o
    0x0800c58c   0x0800c58c   0x00000050   Code   RO          624    i.prvDeleteTCB      tasks.o
    0x0800c5dc   0x0800c5dc   0x00000028   Code   RO          998    i.prvGetNextExpireTime  timers.o
    0x0800c604   0x0800c604   0x0000007c   Code   RO         1837    i.prvHeapInit       heap_4.o
    0x0800c680   0x0800c680   0x00000028   Code   RO          625    i.prvIdleTask       tasks.o
    0x0800c6a8   0x0800c6a8   0x0000002a   Code   RO          212    i.prvInitialiseNewQueue  queue.o
    0x0800c6d2   0x0800c6d2   0x000000be   Code   RO          626    i.prvInitialiseNewTask  tasks.o
    0x0800c790   0x0800c790   0x00000068   Code   RO          627    i.prvInitialiseTaskLists  tasks.o
    0x0800c7f8   0x0800c7f8   0x00000068   Code   RO         1838    i.prvInsertBlockIntoFreeList  heap_4.o
    0x0800c860   0x0800c860   0x00000058   Code   RO         1000    i.prvInsertTimerInActiveList  timers.o
    0x0800c8b8   0x0800c8b8   0x0000001a   Code   RO          213    i.prvIsQueueEmpty   queue.o
    0x0800c8d2   0x0800c8d2   0x0000001e   Code   RO          214    i.prvIsQueueFull    queue.o
    0x0800c8f0   0x0800c8f0   0x00000074   Code   RO         1001    i.prvProcessExpiredTimer  timers.o
    0x0800c964   0x0800c964   0x00000164   Code   RO         1002    i.prvProcessReceivedCommands  timers.o
    0x0800cac8   0x0800cac8   0x00000074   Code   RO         1003    i.prvProcessTimerOrBlockTask  timers.o
    0x0800cb3c   0x0800cb3c   0x00000034   Code   RO          629    i.prvResetNextTaskUnblockTime  tasks.o
    0x0800cb70   0x0800cb70   0x0000002c   Code   RO         1004    i.prvSampleTimeNow  timers.o
    0x0800cb9c   0x0800cb9c   0x000000a4   Code   RO         1005    i.prvSwitchTimerLists  timers.o
    0x0800cc40   0x0800cc40   0x00000040   Code   RO         1893    i.prvTaskExitError  port.o
    0x0800cc80   0x0800cc80   0x0000001a   Code   RO         1006    i.prvTimerTask      timers.o
    0x0800cc9a   0x0800cc9a   0x0000007e   Code   RO          215    i.prvUnlockQueue    queue.o
    0x0800cd18   0x0800cd18   0x0000014c   Code   RO         1839    i.pvPortMalloc      heap_4.o
    0x0800ce64   0x0800ce64   0x0000002c   Code   RO         1894    i.pxPortInitialiseStack  port.o
    0x0800ce90   0x0800ce90   0x00000034   Code   RO         9111    i.uint_to_float     dm_drv.o
    0x0800cec4   0x0800cec4   0x00000048   Code   RO         9910    i.unitree_motorTask  unitree_motor.o
    0x0800cf0c   0x0800cf0c   0x00000028   Code   RO          168    i.uxListRemove      list.o
    0x0800cf34   0x0800cf34   0x00000018   Code   RO         1257    i.vApplicationGetIdleTaskMemory  cmsis_os2.o
    0x0800cf4c   0x0800cf4c   0x00000018   Code   RO         1258    i.vApplicationGetTimerTaskMemory  cmsis_os2.o
    0x0800cf64   0x0800cf64   0x0000001a   Code   RO          169    i.vListInitialise   list.o
    0x0800cf7e   0x0800cf7e   0x00000006   Code   RO          170    i.vListInitialiseItem  list.o
    0x0800cf84   0x0800cf84   0x00000034   Code   RO          171    i.vListInsert       list.o
    0x0800cfb8   0x0800cfb8   0x00000018   Code   RO          172    i.vListInsertEnd    list.o
    0x0800cfd0   0x0800cfd0   0x00000054   Code   RO         1896    i.vPortEnterCritical  port.o
    0x0800d024   0x0800d024   0x0000003c   Code   RO         1897    i.vPortExitCritical  port.o
    0x0800d060   0x0800d060   0x000000a4   Code   RO         1840    i.vPortFree         heap_4.o
    0x0800d104   0x0800d104   0x00000028   Code   RO         1898    i.vPortSetupTimerInterrupt  port.o
    0x0800d12c   0x0800d12c   0x00000078   Code   RO         1899    i.vPortValidateInterruptPriority  port.o
    0x0800d1a4   0x0800d1a4   0x0000002c   Code   RO          221    i.vQueueAddToRegistry  queue.o
    0x0800d1d0   0x0800d1d0   0x0000004a   Code   RO          225    i.vQueueWaitForMessageRestricted  queue.o
    0x0800d21a   0x0800d21a   0x00000002   PAD
    0x0800d21c   0x0800d21c   0x0000005c   Code   RO          642    i.vTaskDelay        tasks.o
    0x0800d278   0x0800d278   0x00000018   Code   RO          647    i.vTaskInternalSetTimeOutState  tasks.o
    0x0800d290   0x0800d290   0x0000000c   Code   RO          648    i.vTaskMissedYield  tasks.o
    0x0800d29c   0x0800d29c   0x00000038   Code   RO          650    i.vTaskPlaceOnEventList  tasks.o
    0x0800d2d4   0x0800d2d4   0x00000040   Code   RO          651    i.vTaskPlaceOnEventListRestricted  tasks.o
    0x0800d314   0x0800d314   0x000000b8   Code   RO          659    i.vTaskStartScheduler  tasks.o
    0x0800d3cc   0x0800d3cc   0x00000010   Code   RO          661    i.vTaskSuspendAll   tasks.o
    0x0800d3dc   0x0800d3dc   0x00000090   Code   RO          662    i.vTaskSwitchContext  tasks.o
    0x0800d46c   0x0800d46c   0x00000168   Code   RO         1900    i.xPortStartScheduler  port.o
    0x0800d5d4   0x0800d5d4   0x00000034   Code   RO         1901    i.xPortSysTickHandler  port.o
    0x0800d608   0x0800d608   0x000000e0   Code   RO          231    i.xQueueGenericCreateStatic  queue.o
    0x0800d6e8   0x0800d6e8   0x00000098   Code   RO          232    i.xQueueGenericReset  queue.o
    0x0800d780   0x0800d780   0x000001a8   Code   RO          233    i.xQueueGenericSend  queue.o
    0x0800d928   0x0800d928   0x000000fc   Code   RO          234    i.xQueueGenericSendFromISR  queue.o
    0x0800da24   0x0800da24   0x00000168   Code   RO          243    i.xQueueReceive     queue.o
    0x0800db8c   0x0800db8c   0x0000008c   Code   RO          664    i.xTaskCheckForTimeOut  tasks.o
    0x0800dc18   0x0800dc18   0x00000064   Code   RO          665    i.xTaskCreate       tasks.o
    0x0800dc7c   0x0800dc7c   0x000000ba   Code   RO          666    i.xTaskCreateStatic  tasks.o
    0x0800dd36   0x0800dd36   0x00000002   PAD
    0x0800dd38   0x0800dd38   0x00000020   Code   RO          670    i.xTaskGetSchedulerState  tasks.o
    0x0800dd58   0x0800dd58   0x0000000c   Code   RO          671    i.xTaskGetTickCount  tasks.o
    0x0800dd64   0x0800dd64   0x00000144   Code   RO          673    i.xTaskIncrementTick  tasks.o
    0x0800dea8   0x0800dea8   0x000000a4   Code   RO          676    i.xTaskPriorityDisinherit  tasks.o
    0x0800df4c   0x0800df4c   0x00000098   Code   RO          678    i.xTaskRemoveFromEventList  tasks.o
    0x0800dfe4   0x0800dfe4   0x00000104   Code   RO          679    i.xTaskResumeAll    tasks.o
    0x0800e0e8   0x0800e0e8   0x00000078   Code   RO         1015    i.xTimerCreateTimerTask  timers.o
    0x0800e160   0x0800e160   0x00000084   Code   RO         1016    i.xTimerGenericCommand  timers.o
    0x0800e1e4   0x0800e1e4   0x000000b4   Data   RO         2128    .constdata          freertos.o
    0x0800e298   0x0800e298   0x00000008   Data   RO         3828    .constdata          stm32h7xx_hal_dma.o
    0x0800e2a0   0x0800e2a0   0x0000005c   Data   RO         5694    .constdata          stm32h7xx_hal_fdcan.o
    0x0800e2fc   0x0800e2fc   0x00000018   Data   RO         7910    .constdata          stm32h7xx_hal_uart.o
    0x0800e314   0x0800e314   0x00000010   Data   RO         8281    .constdata          stm32h7xx_hal_uart_ex.o
    0x0800e324   0x0800e324   0x00000010   Data   RO         9010    .constdata          system_stm32h7xx.o
    0x0800e334   0x0800e334   0x00000044   Data   RO         2129    .conststring        freertos.o
    0x0800e378   0x0800e378   0x00000020   Data   RO        10019    Region$$Table       anon$$obj.o


    Execution Region RW_IRAM1 (Exec base: 0x20000000, Load base: 0x0800e398, Size: 0x00000000, Max: 0x00020000, ABSOLUTE)

    **** No section assigned to this execution region ****


    Execution Region RW_IRAM2 (Exec base: 0x24000000, Load base: 0x0800e398, Size: 0x00006788, Max: 0x00050000, ABSOLUTE)

    Exec Addr    Load Addr    Size         Type   Attr      Idx    E Section Name        Object

    0x24000000   0x0800e398   0x0000003c   Data   RW          682    .data               tasks.o
    0x2400003c   0x0800e3d4   0x00000014   Data   RW         1024    .data               timers.o
    0x24000050   0x0800e3e8   0x00000004   Data   RW         1260    .data               cmsis_os2.o
    0x24000054   0x0800e3ec   0x00000020   Data   RW         1846    .data               heap_4.o
    0x24000074   0x0800e40c   0x0000000c   Data   RW         1902    .data               port.o
    0x24000080   0x0800e418   0x00000014   Data   RW         2130    .data               freertos.o
    0x24000094   0x0800e42c   0x00000004   Data   RW         2291    .data               fdcan.o
    0x24000098   0x0800e430   0x00000009   Data   RW         4560    .data               stm32h7xx_hal.o
    0x240000a1   0x0800e439   0x00000003   PAD
    0x240000a4   0x0800e43c   0x00000008   Data   RW         9011    .data               system_stm32h7xx.o
    0x240000ac   0x0800e444   0x00000004   Data   RW         9051    .data               can_bsp.o
    0x240000b0   0x0800e448   0x0000000c   Data   RW         9389    .data               controller.o
    0x240000bc   0x0800e454   0x0000000c   Data   RW         9494    .data               main_control.o
    0x240000c8   0x0800e460   0x00000020   Data   RW         9912    .data               unitree_motor.o
    0x240000e8        -       0x00000040   Zero   RW          247    .bss                queue.o
    0x24000128        -       0x000004c4   Zero   RW          681    .bss                tasks.o
    0x240005ec        -       0x00000118   Zero   RW         1023    .bss                timers.o
    0x24000704        -       0x000006b8   Zero   RW         1259    .bss                cmsis_os2.o
    0x24000dbc        -       0x00003c00   Zero   RW         1845    .bss                heap_4.o
    0x240049bc        -       0x000003c0   Zero   RW         1982    .bss                main.o
    0x24004d7c        -       0x00000024   Zero   RW         2180    .bss                crc.o
    0x24004da0        -       0x00000050   Zero   RW         2222    .bss                dcmi.o
    0x24004df0        -       0x000001e0   Zero   RW         2290    .bss                fdcan.o
    0x24004fd0        -       0x00000054   Zero   RW         2343    .bss                i2c.o
    0x24005024        -       0x0000005c   Zero   RW         2385    .bss                octospi.o
    0x24005080        -       0x00000200   Zero   RW         2428    .bss                spi.o
    0x24005280        -       0x000000e4   Zero   RW         2480    .bss                tim.o
    0x24005364        -       0x000005ec   Zero   RW         2553    .bss                usart.o
    0x24005950        -       0x0000050c   Zero   RW         2625    .bss                usb_otg.o
    0x24005e5c        -       0x000000d0   Zero   RW         9050    .bss                can_bsp.o
    0x24005f2c        -       0x00000070   Zero   RW         9388    .bss                controller.o
    0x24005f9c        -       0x000003e8   Zero   RW         9911    .bss                unitree_motor.o
    0x24006384   0x0800e480   0x00000004   PAD
    0x24006388        -       0x00000400   Zero   RW         1969    STACK               startup_stm32h723xx.o


==============================================================================

Image component sizes


      Code (inc. data)   RO Data    RW Data    ZI Data      Debug   Object Name

       364         46          0          4        208       3527   can_bsp.o
       408         38          0          4       1720    1342905   cmsis_os2.o
       668         38          0         12        112       4620   controller.o
       100         18          0          0         36       1707   crc.o
         0          0          0          0          0      11608   croutine.o
       408         38          0          0         80       2102   dcmi.o
       272         10          0          0          0       2996   dm_drv.o
       132          4          0          0          0        962   dma.o
         0          0          0          0          0      19500   event_groups.o
       880         56          0          4        480       3605   fdcan.o
       142         58        248         20          0       2478   freertos.o
       608         24          0          0          0       1451   gpio.o
       724         74          0         32      15360       5091   heap_4.o
       248         28          0          0         84       1933   i2c.o
         4          0          0          0          0        515   imu.o
       148          0          0          0          0       3802   list.o
       398         12          0          0        960       8538   main.o
        78         10          0         12          0       1599   main_control.o
       540         32          0          0         92       2335   octospi.o
      1014         92          0         12          0      12041   port.o
      1922         20          0          0         64      17820   queue.o
       748         58          0          0        512       2948   spi.o
        36          8        716          0       1024        824   startup_stm32h723xx.o
       260         48          0          9          0      23825   stm32h7xx_hal.o
       310         22          0          0          0      40179   stm32h7xx_hal_cortex.o
       132          4          0          0          0       1287   stm32h7xx_hal_crc.o
       112          0          0          0          0       1383   stm32h7xx_hal_crc_ex.o
       160          4          0          0          0       1300   stm32h7xx_hal_dcmi.o
      8650        164          8          0          0      13642   stm32h7xx_hal_dma.o
      3230         46         92          0          0      21388   stm32h7xx_hal_fdcan.o
       536         54          0          0          0       2935   stm32h7xx_hal_gpio.o
       196          4          0          0          0       2915   stm32h7xx_hal_i2c.o
       210          0          0          0          0       2131   stm32h7xx_hal_i2c_ex.o
        48          6          0          0          0        978   stm32h7xx_hal_msp.o
      2372         38          0          0          0       5893   stm32h7xx_hal_ospi.o
       370          0          0          0          0       1595   stm32h7xx_hal_pcd.o
        40          4          0          0          0       1188   stm32h7xx_hal_pcd_ex.o
       116         12          0          0          0       1382   stm32h7xx_hal_pwr_ex.o
      3576        124          0          0          0       7992   stm32h7xx_hal_rcc.o
      5140        112          0          0          0       7477   stm32h7xx_hal_rcc_ex.o
      1370         18          0          0          0       7859   stm32h7xx_hal_spi.o
      2770        252          0          0          0      17070   stm32h7xx_hal_tim.o
       466         46          0          0          0       4316   stm32h7xx_hal_tim_ex.o
      6592        240         24          0          0      45512   stm32h7xx_hal_uart.o
       512         14         16          0          0       6665   stm32h7xx_hal_uart_ex.o
       278         78          0          0          0      10757   stm32h7xx_it.o
      1066         30          0          0          0       7941   stm32h7xx_ll_usb.o
         0          0          0          0          0        384   stream_buffer.o
       224         32         16          8          0       1454   system_stm32h7xx.o
      2808        346          0         60       1220      28082   tasks.o
       896         64          0          0        228       4952   tim.o
      1318        124          0         20        280      33327   timers.o
       800        102          0         32       1000       9541   unitree_motor.o
      2188        168          0          0       1516       6960   usart.o
       156         18          0          0       1292       1901   usb_otg.o

    ----------------------------------------------------------------------
     56790       2838       1152        232      26272    1779118   Object Totals
         0          0         32          0          0          0   (incl. Generated)
        46          0          0          3          4          0   (incl. Padding)

    ----------------------------------------------------------------------

      Code (inc. data)   RO Data    RW Data    ZI Data      Debug   Library Member Name

         0          0          0          0          0          0   entry.o
         0          0          0          0          0          0   entry10a.o
         0          0          0          0          0          0   entry11a.o
         4          0          0          0          0          0   entry12b.o
         8          4          0          0          0          0   entry2.o
         4          0          0          0          0          0   entry5.o
         0          0          0          0          0          0   entry7b.o
         0          0          0          0          0          0   entry8b.o
         8          4          0          0          0          0   entry9a.o
        30          0          0          0          0          0   handlers.o
        36          8          0          0          0         68   init.o
        30          0          0          0          0         68   llshl.o
        32          0          0          0          0         68   llushr.o
        36          0          0          0          0         68   memcpya.o
        36          0          0          0          0        108   memseta.o
        98          0          0          0          0         92   uldiv.o

    ----------------------------------------------------------------------
       322         16          0          0          0        472   Library Totals
         0          0          0          0          0          0   (incl. Padding)

    ----------------------------------------------------------------------

      Code (inc. data)   RO Data    RW Data    ZI Data      Debug   Library Name

       322         16          0          0          0        472   mc_w.l

    ----------------------------------------------------------------------
       322         16          0          0          0        472   Library Totals

    ----------------------------------------------------------------------

==============================================================================


      Code (inc. data)   RO Data    RW Data    ZI Data      Debug   

     57112       2854       1152        232      26272    1749138   Grand Totals
     57112       2854       1152        232      26272    1749138   ELF Image Totals
     57112       2854       1152        232          0          0   ROM Totals

==============================================================================

    Total RO  Size (Code + RO Data)                58264 (  56.90kB)
    Total RW  Size (RW Data + ZI Data)             26504 (  25.88kB)
    Total ROM Size (Code + RO Data + RW Data)      58496 (  57.13kB)

==============================================================================

