Component: ARM Compiler 5.06 update 7 (build 960) Tool: armlink [4d3601]

==============================================================================

Section Cross References

    event_groups.o(i.vEventGroupClearBitsCallback) refers to event_groups.o(i.xEventGroupClearBits) for xEventGroupClearBits
    event_groups.o(i.vEventGroupDelete) refers to tasks.o(i.vTaskSuspendAll) for vTaskSuspendAll
    event_groups.o(i.vEventGroupDelete) refers to tasks.o(i.vTaskRemoveFromUnorderedEventList) for vTaskRemoveFromUnorderedEventList
    event_groups.o(i.vEventGroupDelete) refers to heap_4.o(i.vPortFree) for vPortFree
    event_groups.o(i.vEventGroupDelete) refers to tasks.o(i.xTaskResumeAll) for xTaskResumeAll
    event_groups.o(i.vEventGroupSetBitsCallback) refers to event_groups.o(i.xEventGroupSetBits) for xEventGroupSetBits
    event_groups.o(i.xEventGroupClearBits) refers to port.o(i.vPortEnterCritical) for vPortEnterCritical
    event_groups.o(i.xEventGroupClearBits) refers to port.o(i.vPortExitCritical) for vPortExitCritical
    event_groups.o(i.xEventGroupClearBitsFromISR) refers to timers.o(i.xTimerPendFunctionCallFromISR) for xTimerPendFunctionCallFromISR
    event_groups.o(i.xEventGroupClearBitsFromISR) refers to event_groups.o(i.vEventGroupClearBitsCallback) for vEventGroupClearBitsCallback
    event_groups.o(i.xEventGroupCreate) refers to heap_4.o(i.pvPortMalloc) for pvPortMalloc
    event_groups.o(i.xEventGroupCreate) refers to list.o(i.vListInitialise) for vListInitialise
    event_groups.o(i.xEventGroupCreateStatic) refers to list.o(i.vListInitialise) for vListInitialise
    event_groups.o(i.xEventGroupSetBits) refers to tasks.o(i.vTaskSuspendAll) for vTaskSuspendAll
    event_groups.o(i.xEventGroupSetBits) refers to tasks.o(i.vTaskRemoveFromUnorderedEventList) for vTaskRemoveFromUnorderedEventList
    event_groups.o(i.xEventGroupSetBits) refers to tasks.o(i.xTaskResumeAll) for xTaskResumeAll
    event_groups.o(i.xEventGroupSetBitsFromISR) refers to timers.o(i.xTimerPendFunctionCallFromISR) for xTimerPendFunctionCallFromISR
    event_groups.o(i.xEventGroupSetBitsFromISR) refers to event_groups.o(i.vEventGroupSetBitsCallback) for vEventGroupSetBitsCallback
    event_groups.o(i.xEventGroupSync) refers to tasks.o(i.xTaskGetSchedulerState) for xTaskGetSchedulerState
    event_groups.o(i.xEventGroupSync) refers to tasks.o(i.vTaskSuspendAll) for vTaskSuspendAll
    event_groups.o(i.xEventGroupSync) refers to event_groups.o(i.xEventGroupSetBits) for xEventGroupSetBits
    event_groups.o(i.xEventGroupSync) refers to tasks.o(i.vTaskPlaceOnUnorderedEventList) for vTaskPlaceOnUnorderedEventList
    event_groups.o(i.xEventGroupSync) refers to tasks.o(i.xTaskResumeAll) for xTaskResumeAll
    event_groups.o(i.xEventGroupSync) refers to tasks.o(i.uxTaskResetEventItemValue) for uxTaskResetEventItemValue
    event_groups.o(i.xEventGroupSync) refers to port.o(i.vPortEnterCritical) for vPortEnterCritical
    event_groups.o(i.xEventGroupSync) refers to port.o(i.vPortExitCritical) for vPortExitCritical
    event_groups.o(i.xEventGroupWaitBits) refers to tasks.o(i.xTaskGetSchedulerState) for xTaskGetSchedulerState
    event_groups.o(i.xEventGroupWaitBits) refers to tasks.o(i.vTaskSuspendAll) for vTaskSuspendAll
    event_groups.o(i.xEventGroupWaitBits) refers to event_groups.o(i.prvTestWaitCondition) for prvTestWaitCondition
    event_groups.o(i.xEventGroupWaitBits) refers to tasks.o(i.vTaskPlaceOnUnorderedEventList) for vTaskPlaceOnUnorderedEventList
    event_groups.o(i.xEventGroupWaitBits) refers to tasks.o(i.xTaskResumeAll) for xTaskResumeAll
    event_groups.o(i.xEventGroupWaitBits) refers to tasks.o(i.uxTaskResetEventItemValue) for uxTaskResetEventItemValue
    event_groups.o(i.xEventGroupWaitBits) refers to port.o(i.vPortEnterCritical) for vPortEnterCritical
    event_groups.o(i.xEventGroupWaitBits) refers to port.o(i.vPortExitCritical) for vPortExitCritical
    queue.o(i.pcQueueGetName) refers to queue.o(.bss) for xQueueRegistry
    queue.o(i.prvCopyDataFromQueue) refers to memcpya.o(.text) for __aeabi_memcpy
    queue.o(i.prvCopyDataToQueue) refers to tasks.o(i.xTaskPriorityDisinherit) for xTaskPriorityDisinherit
    queue.o(i.prvCopyDataToQueue) refers to memcpya.o(.text) for __aeabi_memcpy
    queue.o(i.prvInitialiseMutex) refers to queue.o(i.xQueueGenericSend) for xQueueGenericSend
    queue.o(i.prvInitialiseNewQueue) refers to queue.o(i.xQueueGenericReset) for xQueueGenericReset
    queue.o(i.prvIsQueueEmpty) refers to port.o(i.vPortEnterCritical) for vPortEnterCritical
    queue.o(i.prvIsQueueEmpty) refers to port.o(i.vPortExitCritical) for vPortExitCritical
    queue.o(i.prvIsQueueFull) refers to port.o(i.vPortEnterCritical) for vPortEnterCritical
    queue.o(i.prvIsQueueFull) refers to port.o(i.vPortExitCritical) for vPortExitCritical
    queue.o(i.prvUnlockQueue) refers to port.o(i.vPortEnterCritical) for vPortEnterCritical
[...]
    SysTick_Handler                          0x0800ab31   Thumb Code    20  stm32h7xx_it.o(i.SysTick_Handler)
    SystemClock_Config                       0x0800ab45   Thumb Code   200  main.o(i.SystemClock_Config)
    SystemInit                               0x0800ac11   Thumb Code   192  system_stm32h7xx.o(i.SystemInit)
    TIM2_IRQHandler                          0x0800acf1   Thumb Code    10  stm32h7xx_it.o(i.TIM2_IRQHandler)
    TIM_Base_SetConfig                       0x0800ad01   Thumb Code   182  stm32h7xx_hal_tim.o(i.TIM_Base_SetConfig)
    TIM_ETR_SetConfig                        0x0800ade1   Thumb Code    22  stm32h7xx_hal_tim.o(i.TIM_ETR_SetConfig)
    TIM_OC2_SetConfig                        0x0800aebd   Thumb Code   156  stm32h7xx_hal_tim.o(i.TIM_OC2_SetConfig)
    UART5_IRQHandler                         0x0800b1c9   Thumb Code    10  stm32h7xx_it.o(i.UART5_IRQHandler)
    UART_AdvFeatureConfig                    0x0800b231   Thumb Code   248  stm32h7xx_hal_uart.o(i.UART_AdvFeatureConfig)
    UART_CheckIdleState                      0x0800b329   Thumb Code   234  stm32h7xx_hal_uart.o(i.UART_CheckIdleState)
    UART_SetConfig                           0x0800bbc5   Thumb Code  1558  stm32h7xx_hal_uart.o(i.UART_SetConfig)
    UART_Start_Receive_IT                    0x0800c1ed   Thumb Code   332  stm32h7xx_hal_uart.o(i.UART_Start_Receive_IT)
    UART_WaitOnFlagUntilTimeout              0x0800c349   Thumb Code   162  stm32h7xx_hal_uart.o(i.UART_WaitOnFlagUntilTimeout)
    USART1_IRQHandler                        0x0800c3ed   Thumb Code    10  stm32h7xx_it.o(i.USART1_IRQHandler)
    USART2_IRQHandler                        0x0800c3fd   Thumb Code    10  stm32h7xx_it.o(i.USART2_IRQHandler)
    USART_Init                               0x0800c40d   Thumb Code    14  controller.o(i.USART_Init)
    USBD_CDC_GetDeviceQualifierDescriptor    0x0800c655   Thumb Code    10  usbd_cdc.o(i.USBD_CDC_GetDeviceQualifierDescriptor)
    USBD_CDC_ReceivePacket                   0x0800c8d5   Thumb Code    74  usbd_cdc.o(i.USBD_CDC_ReceivePacket)
    USBD_CDC_RegisterInterface               0x0800c925   Thumb Code    24  usbd_cdc.o(i.USBD_CDC_RegisterInterface)
    USBD_CDC_SetRxBuffer                     0x0800c93d   Thumb Code    30  usbd_cdc.o(i.USBD_CDC_SetRxBuffer)
    USBD_CDC_SetTxBuffer                     0x0800c95b   Thumb Code    36  usbd_cdc.o(i.USBD_CDC_SetTxBuffer)
    USBD_CDC_TransmitPacket                  0x0800cac1   Thumb Code    86  usbd_cdc.o(i.USBD_CDC_TransmitPacket)
    USBD_ClrClassConfig                      0x0800cb1d   Thumb Code    28  usbd_core.o(i.USBD_ClrClassConfig)
    USBD_CoreFindEP                          0x0800cb77   Thumb Code     6  usbd_core.o(i.USBD_CoreFindEP)
    USBD_CoreFindIF                          0x0800cb7d   Thumb Code     6  usbd_core.o(i.USBD_CoreFindIF)
    USBD_CtlContinueRx                       0x0800cb83   Thumb Code    24  usbd_ioreq.o(i.USBD_CtlContinueRx)
    USBD_CtlContinueSendData                 0x0800cb9b   Thumb Code    24  usbd_ioreq.o(i.USBD_CtlContinueSendData)
    USBD_CtlError                            0x0800cbb3   Thumb Code    24  usbd_ctlreq.o(i.USBD_CtlError)
    USBD_CtlPrepareRx                        0x0800cbcb   Thumb Code    40  usbd_ioreq.o(i.USBD_CtlPrepareRx)
    USBD_CtlReceiveStatus                    0x0800cbf3   Thumb Code    26  usbd_ioreq.o(i.USBD_CtlReceiveStatus)
    USBD_CtlSendData                         0x0800cc0d   Thumb Code    34  usbd_ioreq.o(i.USBD_CtlSendData)
    USBD_CtlSendStatus                       0x0800cc2f   Thumb Code    26  usbd_ioreq.o(i.USBD_CtlSendStatus)
    USBD_GetEpDesc                           0x0800ced1   Thumb Code    80  usbd_core.o(i.USBD_GetEpDesc)
    USBD_GetNextDesc                         0x0800cf37   Thumb Code    20  usbd_core.o(i.USBD_GetNextDesc)
    USBD_GetString                           0x0800cfa5   Thumb Code    84  usbd_ctlreq.o(i.USBD_GetString)
    USBD_Get_USB_Status                      0x0800cff9   Thumb Code    44  usbd_conf.o(i.USBD_Get_USB_Status)
    USBD_HS_ConfigStrDescriptor              0x0800d025   Thumb Code    34  usbd_desc.o(i.USBD_HS_ConfigStrDescriptor)
    USBD_HS_DeviceDescriptor                 0x0800d059   Thumb Code    10  usbd_desc.o(i.USBD_HS_DeviceDescriptor)
    USBD_HS_InterfaceStrDescriptor           0x0800d069   Thumb Code    34  usbd_desc.o(i.USBD_HS_InterfaceStrDescriptor)
    USBD_HS_LangIDStrDescriptor              0x0800d0a1   Thumb Code    10  usbd_desc.o(i.USBD_HS_LangIDStrDescriptor)
    USBD_HS_ManufacturerStrDescriptor        0x0800d0b1   Thumb Code    20  usbd_desc.o(i.USBD_HS_ManufacturerStrDescriptor)
    USBD_HS_ProductStrDescriptor             0x0800d0dd   Thumb Code    34  usbd_desc.o(i.USBD_HS_ProductStrDescriptor)
    USBD_HS_SerialStrDescriptor              0x0800d11d   Thumb Code    18  usbd_desc.o(i.USBD_HS_SerialStrDescriptor)
    USBD_Init                                0x0800d135   Thumb Code    58  usbd_core.o(i.USBD_Init)
    USBD_LL_ClearStallEP                     0x0800d16f   Thumb Code    38  usbd_conf.o(i.USBD_LL_ClearStallEP)
    USBD_LL_CloseEP                          0x0800d195   Thumb Code    38  usbd_conf.o(i.USBD_LL_CloseEP)
    USBD_LL_DataInStage                      0x0800d1bb   Thumb Code   264  usbd_core.o(i.USBD_LL_DataInStage)
    USBD_LL_DataOutStage                     0x0800d2c3   Thumb Code   258  usbd_core.o(i.USBD_LL_DataOutStage)
    USBD_LL_DevConnected                     0x0800d3c5   Thumb Code     6  usbd_core.o(i.USBD_LL_DevConnected)
    USBD_LL_DevDisconnected                  0x0800d3cb   Thumb Code    38  usbd_core.o(i.USBD_LL_DevDisconnected)
    USBD_LL_GetRxDataSize                    0x0800d3f1   Thumb Code    18  usbd_conf.o(i.USBD_LL_GetRxDataSize)
    USBD_LL_Init                             0x0800d405   Thumb Code   104  usbd_conf.o(i.USBD_LL_Init)
    USBD_LL_IsStallEP                        0x0800d475   Thumb Code    56  usbd_conf.o(i.USBD_LL_IsStallEP)
    USBD_LL_IsoINIncomplete                  0x0800d4ad   Thumb Code    72  usbd_core.o(i.USBD_LL_IsoINIncomplete)
    USBD_LL_IsoOUTIncomplete                 0x0800d4f5   Thumb Code    72  usbd_core.o(i.USBD_LL_IsoOUTIncomplete)
    USBD_LL_OpenEP                           0x0800d53d   Thumb Code    48  usbd_conf.o(i.USBD_LL_OpenEP)
    USBD_LL_PrepareReceive                   0x0800d56d   Thumb Code    48  usbd_conf.o(i.USBD_LL_PrepareReceive)
    USBD_LL_Reset                            0x0800d59d   Thumb Code   108  usbd_core.o(i.USBD_LL_Reset)
    USBD_LL_Resume                           0x0800d609   Thumb Code    22  usbd_core.o(i.USBD_LL_Resume)
    USBD_LL_SOF                              0x0800d61f   Thumb Code    40  usbd_core.o(i.USBD_LL_SOF)
    USBD_LL_SetSpeed                         0x0800d647   Thumb Code     8  usbd_core.o(i.USBD_LL_SetSpeed)
    USBD_LL_SetUSBAddress                    0x0800d64f   Thumb Code    38  usbd_conf.o(i.USBD_LL_SetUSBAddress)
    USBD_LL_SetupStage                       0x0800d675   Thumb Code   118  usbd_core.o(i.USBD_LL_SetupStage)
    USBD_LL_StallEP                          0x0800d6eb   Thumb Code    38  usbd_conf.o(i.USBD_LL_StallEP)
    USBD_LL_Start                            0x0800d711   Thumb Code    30  usbd_conf.o(i.USBD_LL_Start)
    USBD_LL_Suspend                          0x0800d72f   Thumb Code    28  usbd_core.o(i.USBD_LL_Suspend)
    USBD_LL_Transmit                         0x0800d74b   Thumb Code    48  usbd_conf.o(i.USBD_LL_Transmit)
    USBD_ParseSetupRequest                   0x0800d77b   Thumb Code    54  usbd_ctlreq.o(i.USBD_ParseSetupRequest)
    USBD_RegisterClass                       0x0800d7b1   Thumb Code    72  usbd_core.o(i.USBD_RegisterClass)
    USBD_RunTestMode                         0x0800d7f9   Thumb Code     6  usbd_core.o(i.USBD_RunTestMode)
    USBD_SetClassConfig                      0x0800d859   Thumb Code    32  usbd_core.o(i.USBD_SetClassConfig)
    USBD_Start                               0x0800d9b5   Thumb Code    12  usbd_core.o(i.USBD_Start)
    USBD_StdDevReq                           0x0800d9c1   Thumb Code   174  usbd_ctlreq.o(i.USBD_StdDevReq)
    USBD_StdEPReq                            0x0800da6f   Thumb Code   640  usbd_ctlreq.o(i.USBD_StdEPReq)
    USBD_StdItfReq                           0x0800dcef   Thumb Code   174  usbd_ctlreq.o(i.USBD_StdItfReq)
    USBD_static_free                         0x0800dd9d   Thumb Code     2  usbd_conf.o(i.USBD_static_free)
    USBD_static_malloc                       0x0800dda1   Thumb Code     6  usbd_conf.o(i.USBD_static_malloc)
    USB_ActivateEndpoint                     0x0800ddad   Thumb Code   202  stm32h7xx_ll_usb.o(i.USB_ActivateEndpoint)
    USB_ActivateSetup                        0x0800de7d   Thumb Code    40  stm32h7xx_ll_usb.o(i.USB_ActivateSetup)
    USB_CoreInit                             0x0800dea5   Thumb Code   142  stm32h7xx_ll_usb.o(i.USB_CoreInit)
    USB_DeactivateEndpoint                   0x0800df95   Thumb Code   318  stm32h7xx_ll_usb.o(i.USB_DeactivateEndpoint)
    USB_DevConnect                           0x0800e0e1   Thumb Code    36  stm32h7xx_ll_usb.o(i.USB_DevConnect)
    USB_DevDisconnect                        0x0800e105   Thumb Code    36  stm32h7xx_ll_usb.o(i.USB_DevDisconnect)
    USB_DevInit                              0x0800e129   Thumb Code   464  stm32h7xx_ll_usb.o(i.USB_DevInit)
    USB_DisableGlobalInt                     0x0800e301   Thumb Code    14  stm32h7xx_ll_usb.o(i.USB_DisableGlobalInt)
    USB_EP0_OutStart                         0x0800e311   Thumb Code   106  stm32h7xx_ll_usb.o(i.USB_EP0_OutStart)
    USB_EPClearStall                         0x0800e381   Thumb Code   142  stm32h7xx_ll_usb.o(i.USB_EPClearStall)
    USB_EPSetStall                           0x0800e40f   Thumb Code   154  stm32h7xx_ll_usb.o(i.USB_EPSetStall)
    USB_EPStartXfer                          0x0800e4a9   Thumb Code   944  stm32h7xx_ll_usb.o(i.USB_EPStartXfer)
    USB_EPStopXfer                           0x0800e85d   Thumb Code   236  stm32h7xx_ll_usb.o(i.USB_EPStopXfer)
    USB_EnableGlobalInt                      0x0800e949   Thumb Code    14  stm32h7xx_ll_usb.o(i.USB_EnableGlobalInt)
    USB_FlushRxFifo                          0x0800e959   Thumb Code    80  stm32h7xx_ll_usb.o(i.USB_FlushRxFifo)
    USB_FlushTxFifo                          0x0800e9ad   Thumb Code    84  stm32h7xx_ll_usb.o(i.USB_FlushTxFifo)
    USB_GetDevSpeed                          0x0800ea05   Thumb Code    38  stm32h7xx_ll_usb.o(i.USB_GetDevSpeed)
    USB_GetMode                              0x0800ea2b   Thumb Code    10  stm32h7xx_ll_usb.o(i.USB_GetMode)
    USB_ReadDevAllInEpInterrupt              0x0800ea35   Thumb Code    20  stm32h7xx_ll_usb.o(i.USB_ReadDevAllInEpInterrupt)
    USB_ReadDevAllOutEpInterrupt             0x0800ea49   Thumb Code    20  stm32h7xx_ll_usb.o(i.USB_ReadDevAllOutEpInterrupt)
    USB_ReadDevInEPInterrupt                 0x0800ea5d   Thumb Code    50  stm32h7xx_ll_usb.o(i.USB_ReadDevInEPInterrupt)
    USB_ReadDevOutEPInterrupt                0x0800ea8f   Thumb Code    26  stm32h7xx_ll_usb.o(i.USB_ReadDevOutEPInterrupt)
    USB_ReadInterrupts                       0x0800eaa9   Thumb Code    10  stm32h7xx_ll_usb.o(i.USB_ReadInterrupts)
    USB_ReadPacket                           0x0800eab3   Thumb Code    96  stm32h7xx_ll_usb.o(i.USB_ReadPacket)
    USB_SetCurrentMode                       0x0800eb13   Thumb Code   104  stm32h7xx_ll_usb.o(i.USB_SetCurrentMode)
    USB_SetDevAddress                        0x0800eb7b   Thumb Code    42  stm32h7xx_ll_usb.o(i.USB_SetDevAddress)
    USB_SetDevSpeed                          0x0800eba5   Thumb Code    18  stm32h7xx_ll_usb.o(i.USB_SetDevSpeed)
    USB_SetTurnaroundTime                    0x0800ebb9   Thumb Code   192  stm32h7xx_ll_usb.o(i.USB_SetTurnaroundTime)
    USB_WritePacket                          0x0800eca1   Thumb Code    68  stm32h7xx_ll_usb.o(i.USB_WritePacket)
    UsageFault_Handler                       0x0800ece5   Thumb Code     4  stm32h7xx_it.o(i.UsageFault_Handler)
    XoutTask_CAN1                            0x0800ece9   Thumb Code    44  main_control.o(i.XoutTask_CAN1)
    XoutTask_CAN2                            0x0800ed1d   Thumb Code    42  main_control.o(i.XoutTask_CAN2)
    __scatterload_copy                       0x0800ed8f   Thumb Code    14  handlers.o(i.__scatterload_copy)
    __scatterload_null                       0x0800ed9d   Thumb Code     2  handlers.o(i.__scatterload_null)
    __scatterload_zeroinit                   0x0800ed9f   Thumb Code    14  handlers.o(i.__scatterload_zeroinit)
    canx_send_data                           0x0800edc9   Thumb Code   132  can_bsp.o(i.canx_send_data)
    comTask                                  0x0800ee4d   Thumb Code    52  board_com.o(i.comTask)
    controller_Handle                        0x0800ee89   Thumb Code    48  controller.o(i.controller_Handle)
    controller_Reveive                       0x0800f06d   Thumb Code   110  controller.o(i.controller_Reveive)
    controller_solve                         0x0800f0f1   Thumb Code   152  controller.o(i.controller_solve)
    dm_fbdata                                0x0800f1e3   Thumb Code   210  dm_drv.o(i.dm_fbdata)
    dm_read_xout                             0x0800f2b5   Thumb Code    46  dm_drv.o(i.dm_read_xout)
    enable_motor_mode                        0x0800f2e3   Thumb Code    66  dm_drv.o(i.enable_motor_mode)
    float_to_uint                            0x0800f325   Thumb Code    50  dm_drv.o(i.float_to_uint)
    imu_Task                                 0x0800f357   Thumb Code     4  imu.o(i.imu_Task)
    joint_motor_init                         0x0800f35b   Thumb Code     6  dm_drv.o(i.joint_motor_init)
    main                                     0x0800f361   Thumb Code   156  main.o(i.main)
    mainTask                                 0x0800f405   Thumb Code   230  main_control.o(i.mainTask)
    mit_ctrl                                 0x0800f529   Thumb Code   226  dm_drv.o(i.mit_ctrl)
    mit_ctrl_abs                             0x0800f615   Thumb Code    62  dm_drv.o(i.mit_ctrl_abs)
    mit_free                                 0x0800f655   Thumb Code    62  dm_drv.o(i.mit_free)
    motor_enable                             0x0800f699   Thumb Code   144  main_control.o(i.motor_enable)
    motor_info_init                          0x0800f735   Thumb Code   246  main_control.o(i.motor_info_init)
    osDelay                                  0x0800f839   Thumb Code    30  cmsis_os2.o(i.osDelay)
    osKernelInitialize                       0x0800f859   Thumb Code    38  cmsis_os2.o(i.osKernelInitialize)
    osKernelStart                            0x0800f885   Thumb Code    82  cmsis_os2.o(i.osKernelStart)
    osThreadNew                              0x0800f8e5   Thumb Code   184  cmsis_os2.o(i.osThreadNew)
    pack_controller_message                  0x0800f99d   Thumb Code    70  board_com.o(i.pack_controller_message)
    pvPortMalloc                             0x0801040d   Thumb Code   306  heap_4.o(i.pvPortMalloc)
    pxPortInitialiseStack                    0x08010559   Thumb Code    38  port.o(i.pxPortInitialiseStack)
    send_message                             0x08010585   Thumb Code    70  board_com.o(i.send_message)
    uint_to_float                            0x080105d5   Thumb Code    52  dm_drv.o(i.uint_to_float)
    uxListRemove                             0x08010609   Thumb Code    40  list.o(i.uxListRemove)
    vApplicationGetIdleTaskMemory            0x08010631   Thumb Code    14  cmsis_os2.o(i.vApplicationGetIdleTaskMemory)
    vApplicationGetTimerTaskMemory           0x08010649   Thumb Code    16  cmsis_os2.o(i.vApplicationGetTimerTaskMemory)
    vListInitialise                          0x08010661   Thumb Code    26  list.o(i.vListInitialise)
    vListInitialiseItem                      0x0801067b   Thumb Code     6  list.o(i.vListInitialiseItem)
    vListInsert                              0x08010681   Thumb Code    52  list.o(i.vListInsert)
    vListInsertEnd                           0x080106b5   Thumb Code    24  list.o(i.vListInsertEnd)
    vPortEnterCritical                       0x080106cd   Thumb Code    76  port.o(i.vPortEnterCritical)
    vPortExitCritical                        0x08010721   Thumb Code    56  port.o(i.vPortExitCritical)
    vPortFree                                0x0801075d   Thumb Code   150  heap_4.o(i.vPortFree)
    vPortSetupTimerInterrupt                 0x08010801   Thumb Code    36  port.o(i.vPortSetupTimerInterrupt)
    vPortValidateInterruptPriority           0x08010829   Thumb Code   106  port.o(i.vPortValidateInterruptPriority)
    vQueueAddToRegistry                      0x080108a1   Thumb Code    38  queue.o(i.vQueueAddToRegistry)
    vQueueWaitForMessageRestricted           0x080108cd   Thumb Code    74  queue.o(i.vQueueWaitForMessageRestricted)
    vTaskDelay                               0x08010919   Thumb Code    82  tasks.o(i.vTaskDelay)
    vTaskInternalSetTimeOutState             0x08010975   Thumb Code    14  tasks.o(i.vTaskInternalSetTimeOutState)
    vTaskMissedYield                         0x0801098d   Thumb Code     8  tasks.o(i.vTaskMissedYield)
    vTaskPlaceOnEventList                    0x08010999   Thumb Code    52  tasks.o(i.vTaskPlaceOnEventList)
    vTaskPlaceOnEventListRestricted          0x080109d1   Thumb Code    60  tasks.o(i.vTaskPlaceOnEventListRestricted)
    vTaskStartScheduler                      0x08010a11   Thumb Code   156  tasks.o(i.vTaskStartScheduler)
    vTaskSuspendAll                          0x08010ac9   Thumb Code    12  tasks.o(i.vTaskSuspendAll)
    vTaskSwitchContext                       0x08010ad9   Thumb Code   122  tasks.o(i.vTaskSwitchContext)
    xPortStartScheduler                      0x08010b69   Thumb Code   330  port.o(i.xPortStartScheduler)
    xPortSysTickHandler                      0x08010cd1   Thumb Code    46  port.o(i.xPortSysTickHandler)
    xQueueGenericCreateStatic                0x08010d05   Thumb Code   224  queue.o(i.xQueueGenericCreateStatic)
    xQueueGenericReset                       0x08010de5   Thumb Code   146  queue.o(i.xQueueGenericReset)
    xQueueGenericSend                        0x08010e7d   Thumb Code   420  queue.o(i.xQueueGenericSend)
    xQueueGenericSendFromISR                 0x08011025   Thumb Code   252  queue.o(i.xQueueGenericSendFromISR)
    xQueueReceive                            0x08011121   Thumb Code   356  queue.o(i.xQueueReceive)
    xTaskCheckForTimeOut                     0x08011289   Thumb Code   132  tasks.o(i.xTaskCheckForTimeOut)
    xTaskCreate                              0x08011315   Thumb Code   100  tasks.o(i.xTaskCreate)
    xTaskCreateStatic                        0x08011379   Thumb Code   186  tasks.o(i.xTaskCreateStatic)
    xTaskGetSchedulerState                   0x08011435   Thumb Code    24  tasks.o(i.xTaskGetSchedulerState)
    xTaskGetTickCount                        0x08011455   Thumb Code     6  tasks.o(i.xTaskGetTickCount)
    xTaskIncrementTick                       0x08011461   Thumb Code   280  tasks.o(i.xTaskIncrementTick)
    xTaskPriorityDisinherit                  0x080115a5   Thumb Code   152  tasks.o(i.xTaskPriorityDisinherit)
    xTaskRemoveFromEventList                 0x08011649   Thumb Code   126  tasks.o(i.xTaskRemoveFromEventList)
    xTaskResumeAll                           0x080116e1   Thumb Code   222  tasks.o(i.xTaskResumeAll)
    xTimerCreateTimerTask                    0x080117e5   Thumb Code   100  timers.o(i.xTimerCreateTimerTask)
    xTimerGenericCommand                     0x0801185d   Thumb Code   128  timers.o(i.xTimerGenericCommand)
    defaultTask_attributes                   0x080118e0   Data          36  freertos.o(.constdata)
    main_control_attributes                  0x08011904   Data          36  freertos.o(.constdata)
    xout_can1_attributes                     0x08011928   Data          36  freertos.o(.constdata)
    xout_can2_attributes                     0x0801194c   Data          36  freertos.o(.constdata)
    controller_attributes                    0x08011970   Data          36  freertos.o(.constdata)
    com_attributes                           0x08011994   Data          36  freertos.o(.constdata)
    imu_attributes                           0x080119b8   Data          36  freertos.o(.constdata)
    UARTPrescTable                           0x08011a40   Data          24  stm32h7xx_hal_uart.o(.constdata)
    D1CorePrescTable                         0x08011a68   Data          16  system_stm32h7xx.o(.constdata)
    Region$$Table$$Base                      0x08011adc   Number         0  anon$$obj.o(Region$$Table)
    Region$$Table$$Limit                     0x08011afc   Number         0  anon$$obj.o(Region$$Table)
    pxCurrentTCB                             0x24000000   Data           4  tasks.o(.data)
    defaultTaskHandle                        0x24000080   Data           4  freertos.o(.data)
    main_control_Handle                      0x24000084   Data           4  freertos.o(.data)
    xout_can1_Handle                         0x24000088   Data           4  freertos.o(.data)
    xout_can2_Handle                         0x2400008c   Data           4  freertos.o(.data)
    controllerHandle                         0x24000090   Data           4  freertos.o(.data)
    comHandle                                0x24000094   Data           4  freertos.o(.data)
    imuHandle                                0x24000098   Data           4  freertos.o(.data)
    uwTick                                   0x240000a0   Data           4  stm32h7xx_hal.o(.data)
    uwTickPrio                               0x240000a4   Data           4  stm32h7xx_hal.o(.data)
    uwTickFreq                               0x240000a8   Data           1  stm32h7xx_hal.o(.data)
    SystemCoreClock                          0x240000ac   Data           4  system_stm32h7xx.o(.data)
    SystemD2Clock                            0x240000b0   Data           4  system_stm32h7xx.o(.data)
    a1                                       0x240000b4   Data           4  can_bsp.o(.data)
    a2                                       0x240000b8   Data           4  can_bsp.o(.data)
    sbus_start                               0x240000bc   Data           1  controller.o(.data)
    sbus_buf_index                           0x240000bd   Data           1  controller.o(.data)
    sbus_new_cmd                             0x240000be   Data           1  controller.o(.data)
    failsafe_status                          0x240000bf   Data           1  controller.o(.data)
    RxTemp                                   0x240000c0   Data           1  controller.o(.data)
    aaa                                      0x240000c4   Data           4  controller.o(.data)
    motor_flag                               0x240000c8   Data           4  main_control.o(.data)
    calf_flag                                0x240000d0   Data           4  main_control.o(.data)
    xout_task_started                        0x240000d4   Data           4  main_control.o(.data)
    HS_Desc                                  0x240000dc   Data          32  usbd_desc.o(.data)
    USBD_HS_DeviceDesc                       0x240000fc   Data          18  usbd_desc.o(.data)
    USBD_HS_BOSDesc                          0x24000110   Data          12  usbd_desc.o(.data)
    USBD_LangIDDesc                          0x2400011c   Data           4  usbd_desc.o(.data)
    USBD_StringSerial                        0x24000120   Data          26  usbd_desc.o(.data)
    USBD_Interface_fops_HS                   0x2400013c   Data          20  usbd_cdc_if.o(.data)
    USBD_CDC                                 0x24000160   Data          56  usbd_cdc.o(.data)
    xQueueRegistry                           0x240001e0   Data          64  queue.o(.bss)
    motor                                    0x24004ab4   Data        1200  main.o(.bss)
    hdcmi                                    0x24004f64   Data          80  dcmi.o(.bss)
    hfdcan1                                  0x24004fb4   Data         160  fdcan.o(.bss)
    hfdcan2                                  0x24005054   Data         160  fdcan.o(.bss)
    hfdcan3                                  0x240050f4   Data         160  fdcan.o(.bss)
    hi2c1                                    0x24005194   Data          84  i2c.o(.bss)
    hospi1                                   0x240051e8   Data          92  octospi.o(.bss)
    hspi1                                    0x24005244   Data         136  spi.o(.bss)
    hspi2                                    0x240052cc   Data         136  spi.o(.bss)
    hdma_spi2_rx                             0x24005354   Data         120  spi.o(.bss)
    hdma_spi2_tx                             0x240053cc   Data         120  spi.o(.bss)
    htim1                                    0x24005444   Data          76  tim.o(.bss)
    htim2                                    0x24005490   Data          76  tim.o(.bss)
    htim3                                    0x240054dc   Data          76  tim.o(.bss)
    huart5                                   0x24005528   Data         148  usart.o(.bss)
    huart7                                   0x240055bc   Data         148  usart.o(.bss)
    huart9                                   0x24005650   Data         148  usart.o(.bss)
    huart1                                   0x240056e4   Data         148  usart.o(.bss)
    huart2                                   0x24005778   Data         148  usart.o(.bss)
    huart3                                   0x2400580c   Data         148  usart.o(.bss)
    huart10                                  0x240058a0   Data         148  usart.o(.bss)
    hdma_usart1_rx                           0x24005934   Data         120  usart.o(.bss)
    hdma_usart1_tx                           0x240059ac   Data         120  usart.o(.bss)
    RxHeader1                                0x24005a24   Data          40  can_bsp.o(.bss)
    g_Can1RxData                             0x24005a4c   Data          64  can_bsp.o(.bss)
    RxHeader2                                0x24005a8c   Data          40  can_bsp.o(.bss)
    g_Can2RxData                             0x24005ab4   Data          64  can_bsp.o(.bss)
    inBuffer                                 0x24005af4   Data          25  controller.o(.bss)
    sbus_data                                0x24005b0d   Data          25  controller.o(.bss)
    g_sbus_channels                          0x24005b26   Data          36  controller.o(.bss)
    controller                               0x24005b4c   Data          24  controller.o(.bss)
    dm_motor_info                            0x24005b64   Data         320  main_control.o(.bss)
    main_control                             0x24005ca4   Data          84  main_control.o(.bss)
    tx_msg                                   0x24005cf8   Data          24  board_com.o(.bss)
    new_msg                                  0x24005d10   Data          24  board_com.o(.bss)
    hUsbDeviceHS                             0x24005d28   Data         732  usb_device.o(.bss)
    USBD_StrDesc                             0x24006004   Data         512  usbd_desc.o(.bss)
    UserRxBufferHS                           0x24006204   Data        2048  usbd_cdc_if.o(.bss)
    UserTxBufferHS                           0x24006a04   Data        2048  usbd_cdc_if.o(.bss)
    hpcd_USB_OTG_HS                          0x24007204   Data        1292  usbd_conf.o(.bss)
    __initial_sp                             0x24007d30   Data           0  startup_stm32h723xx.o(STACK)



==============================================================================

Memory Map of the image

  Image Entry point : 0x080002cd

  Load Region LR_IROM1 (Base: 0x08000000, Size: 0x00011cdc, Max: 0x00100000, ABSOLUTE, COMPRESSED[0x00011bcc])

    Execution Region ER_IROM1 (Exec base: 0x08000000, Load base: 0x08000000, Size: 0x00011afc, Max: 0x00100000, ABSOLUTE)

    Exec Addr    Load Addr    Size         Type   Attr      Idx    E Section Name        Object

    0x08000000   0x08000000   0x000002cc   Data   RO         1965    RESET               startup_stm32h723xx.o
    0x080002cc   0x080002cc   0x00000000   Code   RO        10688  * .ARM.Collect$$$$00000000  mc_w.l(entry.o)
    0x080002cc   0x080002cc   0x00000004   Code   RO        10703    .ARM.Collect$$$$00000001  mc_w.l(entry2.o)
    0x080002d0   0x080002d0   0x00000004   Code   RO        10706    .ARM.Collect$$$$00000004  mc_w.l(entry5.o)
    0x080002d4   0x080002d4   0x00000000   Code   RO        10708    .ARM.Collect$$$$00000008  mc_w.l(entry7b.o)
    0x080002d4   0x080002d4   0x00000000   Code   RO        10710    .ARM.Collect$$$$0000000A  mc_w.l(entry8b.o)
    0x080002d4   0x080002d4   0x00000008   Code   RO        10711    .ARM.Collect$$$$0000000B  mc_w.l(entry9a.o)
    0x080002dc   0x080002dc   0x00000004   Code   RO        10718    .ARM.Collect$$$$0000000E  mc_w.l(entry12b.o)
    0x080002e0   0x080002e0   0x00000000   Code   RO        10713    .ARM.Collect$$$$0000000F  mc_w.l(entry10a.o)
    0x080002e0   0x080002e0   0x00000000   Code   RO        10715    .ARM.Collect$$$$00000011  mc_w.l(entry11a.o)
    0x080002e0   0x080002e0   0x00000004   Code   RO        10704    .ARM.Collect$$$$00002712  mc_w.l(entry2.o)
    0x080002e4   0x080002e4   0x000000be   Code   RO         1886    .emb_text           port.o
    0x080003a2   0x080003a2   0x00000002   PAD
    0x080003a4   0x080003a4   0x00000024   Code   RO         1966    .text               startup_stm32h723xx.o
    0x080003c8   0x080003c8   0x00000062   Code   RO        10691    .text               mc_w.l(uldiv.o)
    0x0800042a   0x0800042a   0x00000024   Code   RO        10693    .text               mc_w.l(memcpya.o)
    0x0800044e   0x0800044e   0x00000024   Code   RO        10697    .text               mc_w.l(memseta.o)
    0x08000472   0x08000472   0x0000001a   Code   RO        10699    .text               mc_w.l(memcmp.o)
    0x0800048c   0x0800048c   0x0000001e   Code   RO        10719    .text               mc_w.l(llshl.o)
    0x080004aa   0x080004aa   0x00000020   Code   RO        10721    .text               mc_w.l(llushr.o)
    0x080004ca   0x080004ca   0x00000002   PAD
    0x080004cc   0x080004cc   0x00000024   Code   RO        10723    .text               mc_w.l(init.o)
    0x080004f0   0x080004f0   0x00000056   Code   RO        10733    .text               mc_w.l(__dczerorl2.o)
    0x08000546   0x08000546   0x00000004   Code   RO         2581    i.BusFault_Handler  stm32h7xx_it.o
    0x0800054a   0x0800054a   0x00000044   Code   RO         9973    i.CDC_Control_HS    usbd_cdc_if.o
    0x0800058e   0x0800058e   0x00000004   Code   RO         9974    i.CDC_DeInit_HS     usbd_cdc_if.o
    0x08000592   0x08000592   0x00000002   PAD
    0x08000594   0x08000594   0x00000024   Code   RO         9975    i.CDC_Init_HS       usbd_cdc_if.o
    0x080005b8   0x080005b8   0x00000028   Code   RO         9976    i.CDC_Receive_HS    usbd_cdc_if.o
    0x080005e0   0x080005e0   0x0000000c   Code   RO         9977    i.CDC_TransmitCplt_HS  usbd_cdc_if.o
    0x080005ec   0x080005ec   0x00000038   Code   RO         9978    i.CDC_Transmit_HS   usbd_cdc_if.o
    0x08000624   0x08000624   0x00000010   Code   RO         2582    i.DMA1_Stream0_IRQHandler  stm32h7xx_it.o
    0x08000634   0x08000634   0x00000010   Code   RO         2583    i.DMA1_Stream1_IRQHandler  stm32h7xx_it.o
    0x08000644   0x08000644   0x00000010   Code   RO         2584    i.DMA1_Stream2_IRQHandler  stm32h7xx_it.o
    0x08000654   0x08000654   0x00000010   Code   RO         2585    i.DMA1_Stream3_IRQHandler  stm32h7xx_it.o
    0x08000664   0x08000664   0x000000ec   Code   RO         4090    i.DMA_CalcBaseAndBitshift  stm32h7xx_hal_dma.o
    0x08000750   0x08000750   0x000000c4   Code   RO         4091    i.DMA_CalcDMAMUXChannelBaseAndMask  stm32h7xx_hal_dma.o
    0x08000814   0x08000814   0x00000098   Code   RO         4092    i.DMA_CalcDMAMUXRequestGenBaseAndMask  stm32h7xx_hal_dma.o
    0x080008ac   0x080008ac   0x000000ae   Code   RO         4093    i.DMA_CheckFifoParam  stm32h7xx_hal_dma.o
    0x0800095a   0x0800095a   0x00000002   PAD
    0x0800095c   0x0800095c   0x00000274   Code   RO         4094    i.DMA_SetConfig     stm32h7xx_hal_dma.o
    0x08000bd0   0x08000bd0   0x00000002   Code   RO         2586    i.DebugMon_Handler  stm32h7xx_it.o
    0x08000bd2   0x08000bd2   0x0000001c   Code   RO         2587    i.EXTI15_10_IRQHandler  stm32h7xx_it.o
    0x08000bee   0x08000bee   0x00000006   Code   RO         1973    i.Error_Handler     main.o
    0x08000bf4   0x08000bf4   0x00000060   Code   RO         8850    i.FDCAN1_Config     can_bsp.o
    0x08000c54   0x08000c54   0x00000010   Code   RO         2588    i.FDCAN1_IT0_IRQHandler  stm32h7xx_it.o
    0x08000c64   0x08000c64   0x00000064   Code   RO         8851    i.FDCAN2_Config     can_bsp.o
    0x08000cc8   0x08000cc8   0x00000010   Code   RO         2589    i.FDCAN2_IT0_IRQHandler  stm32h7xx_it.o
    0x08000cd8   0x08000cd8   0x00000220   Code   RO         6019    i.FDCAN_CalcultateRamBlockAddresses  stm32h7xx_hal_fdcan.o
    0x08000ef8   0x08000ef8   0x000000d4   Code   RO         6020    i.FDCAN_CopyMessageToRAM  stm32h7xx_hal_fdcan.o
    0x08000fcc   0x08000fcc   0x00000034   Code   RO         9877    i.Get_SerialNum     usbd_desc.o
    0x08001000   0x08001000   0x000000a0   Code   RO         5889    i.HAL_DCMI_Init     stm32h7xx_hal_dcmi.o
    0x080010a0   0x080010a0   0x00000160   Code   RO         2179    i.HAL_DCMI_MspInit  dcmi.o
    0x08001200   0x08001200   0x000004dc   Code   RO         4095    i.HAL_DMA_Abort     stm32h7xx_hal_dma.o
    0x080016dc   0x080016dc   0x00000398   Code   RO         4096    i.HAL_DMA_Abort_IT  stm32h7xx_hal_dma.o
    0x08001a74   0x08001a74   0x00000af8   Code   RO         4100    i.HAL_DMA_IRQHandler  stm32h7xx_hal_dma.o
    0x0800256c   0x0800256c   0x00000514   Code   RO         4101    i.HAL_DMA_Init      stm32h7xx_hal_dma.o
    0x08002a80   0x08002a80   0x000003e0   Code   RO         4105    i.HAL_DMA_Start_IT  stm32h7xx_hal_dma.o
    0x08002e60   0x08002e60   0x00000028   Code   RO         4938    i.HAL_Delay         stm32h7xx_hal.o
    0x08002e88   0x08002e88   0x000000a8   Code   RO         6022    i.HAL_FDCAN_ActivateNotification  stm32h7xx_hal_fdcan.o
    0x08002f30   0x08002f30   0x00000090   Code   RO         6024    i.HAL_FDCAN_AddMessageToTxFifoQ  stm32h7xx_hal_fdcan.o
    0x08002fc0   0x08002fc0   0x00000002   Code   RO         6025    i.HAL_FDCAN_ClockCalibrationCallback  stm32h7xx_hal_fdcan.o
    0x08002fc2   0x08002fc2   0x000000a8   Code   RO         6029    i.HAL_FDCAN_ConfigFilter  stm32h7xx_hal_fdcan.o
    0x0800306a   0x0800306a   0x00000034   Code   RO         6030    i.HAL_FDCAN_ConfigGlobalFilter  stm32h7xx_hal_fdcan.o
    0x0800309e   0x0800309e   0x00000002   Code   RO         6051    i.HAL_FDCAN_ErrorCallback  stm32h7xx_hal_fdcan.o
    0x080030a0   0x080030a0   0x00000002   Code   RO         6052    i.HAL_FDCAN_ErrorStatusCallback  stm32h7xx_hal_fdcan.o
    0x080030a2   0x080030a2   0x00000002   PAD
    0x080030a4   0x080030a4   0x000001f4   Code   RO         6063    i.HAL_FDCAN_GetRxMessage  stm32h7xx_hal_fdcan.o
    0x08003298   0x08003298   0x00000002   Code   RO         6069    i.HAL_FDCAN_HighPriorityMessageCallback  stm32h7xx_hal_fdcan.o
    0x0800329a   0x0800329a   0x00000002   PAD
    0x0800329c   0x0800329c   0x000003d4   Code   RO         6070    i.HAL_FDCAN_IRQHandler  stm32h7xx_hal_fdcan.o
    0x08003670   0x08003670   0x000002e0   Code   RO         6071    i.HAL_FDCAN_Init    stm32h7xx_hal_fdcan.o
    0x08003950   0x08003950   0x000001fc   Code   RO         2245    i.HAL_FDCAN_MspInit  fdcan.o
    0x08003b4c   0x08003b4c   0x00000002   Code   RO         6080    i.HAL_FDCAN_RxBufferNewMessageCallback  stm32h7xx_hal_fdcan.o
    0x08003b4e   0x08003b4e   0x00000002   PAD
    0x08003b50   0x08003b50   0x0000008c   Code   RO         8852    i.HAL_FDCAN_RxFifo0Callback  can_bsp.o
    0x08003bdc   0x08003bdc   0x00000098   Code   RO         8853    i.HAL_FDCAN_RxFifo1Callback  can_bsp.o
    0x08003c74   0x08003c74   0x00000034   Code   RO         6083    i.HAL_FDCAN_Start   stm32h7xx_hal_fdcan.o
    0x08003ca8   0x08003ca8   0x00000002   Code   RO         6105    i.HAL_FDCAN_TT_GlobalTimeCallback  stm32h7xx_hal_fdcan.o
    0x08003caa   0x08003caa   0x00000002   Code   RO         6106    i.HAL_FDCAN_TT_ScheduleSyncCallback  stm32h7xx_hal_fdcan.o
    0x08003cac   0x08003cac   0x00000002   Code   RO         6111    i.HAL_FDCAN_TT_StopWatchCallback  stm32h7xx_hal_fdcan.o
    0x08003cae   0x08003cae   0x00000002   Code   RO         6112    i.HAL_FDCAN_TT_TimeMarkCallback  stm32h7xx_hal_fdcan.o
    0x08003cb0   0x08003cb0   0x00000002   Code   RO         6113    i.HAL_FDCAN_TimeoutOccurredCallback  stm32h7xx_hal_fdcan.o
    0x08003cb2   0x08003cb2   0x00000002   Code   RO         6114    i.HAL_FDCAN_TimestampWraparoundCallback  stm32h7xx_hal_fdcan.o
    0x08003cb4   0x08003cb4   0x00000002   Code   RO         6115    i.HAL_FDCAN_TxBufferAbortCallback  stm32h7xx_hal_fdcan.o
    0x08003cb6   0x08003cb6   0x00000002   Code   RO         6116    i.HAL_FDCAN_TxBufferCompleteCallback  stm32h7xx_hal_fdcan.o
    0x08003cb8   0x08003cb8   0x00000002   Code   RO         6117    i.HAL_FDCAN_TxEventFifoCallback  stm32h7xx_hal_fdcan.o
    0x08003cba   0x08003cba   0x00000002   Code   RO         6118    i.HAL_FDCAN_TxFifoEmptyCallback  stm32h7xx_hal_fdcan.o
    0x08003cbc   0x08003cbc   0x00000044   Code   RO         9331    i.HAL_GPIO_EXTI_Callback  main_control.o
    0x08003d00   0x08003d00   0x0000001c   Code   RO         3942    i.HAL_GPIO_EXTI_IRQHandler  stm32h7xx_hal_gpio.o
    0x08003d1c   0x08003d1c   0x000001f0   Code   RO         3943    i.HAL_GPIO_Init     stm32h7xx_hal_gpio.o
    0x08003f0c   0x08003f0c   0x0000000c   Code   RO         3947    i.HAL_GPIO_WritePin  stm32h7xx_hal_gpio.o
    0x08003f18   0x08003f18   0x0000000c   Code   RO         4954    i.HAL_GetTick       stm32h7xx_hal.o
    0x08003f24   0x08003f24   0x0000006a   Code   RO         5751    i.HAL_I2CEx_ConfigAnalogFilter  stm32h7xx_hal_i2c_ex.o
    0x08003f8e   0x08003f8e   0x00000068   Code   RO         5752    i.HAL_I2CEx_ConfigDigitalFilter  stm32h7xx_hal_i2c_ex.o
    0x08003ff6   0x08003ff6   0x00000002   PAD
    0x08003ff8   0x08003ff8   0x000000c4   Code   RO         5290    i.HAL_I2C_Init      stm32h7xx_hal_i2c.o
    0x080040bc   0x080040bc   0x000000a0   Code   RO         2300    i.HAL_I2C_MspInit   i2c.o
    0x0800415c   0x0800415c   0x00000018   Code   RO         4960    i.HAL_IncTick       stm32h7xx_hal.o
    0x08004174   0x08004174   0x00000060   Code   RO         4961    i.HAL_Init          stm32h7xx_hal.o
    0x080041d4   0x080041d4   0x00000058   Code   RO         4962    i.HAL_InitTick      stm32h7xx_hal.o
    0x0800422c   0x0800422c   0x00000030   Code   RO         2726    i.HAL_MspInit       stm32h7xx_hal_msp.o
    0x0800425c   0x0800425c   0x00000028   Code   RO         4791    i.HAL_NVIC_EnableIRQ  stm32h7xx_hal_cortex.o
    0x08004284   0x08004284   0x0000007a   Code   RO         4797    i.HAL_NVIC_SetPriority  stm32h7xx_hal_cortex.o
    0x080042fe   0x080042fe   0x00000002   PAD
    0x08004300   0x08004300   0x00000028   Code   RO         4798    i.HAL_NVIC_SetPriorityGrouping  stm32h7xx_hal_cortex.o
    0x08004328   0x08004328   0x000006f8   Code   RO         6637    i.HAL_OSPIM_Config  stm32h7xx_hal_ospi.o
    0x08004a20   0x08004a20   0x00000110   Code   RO         6655    i.HAL_OSPI_Init     stm32h7xx_hal_ospi.o
    0x08004b30   0x08004b30   0x000001a4   Code   RO         2342    i.HAL_OSPI_MspInit  octospi.o
    0x08004cd4   0x08004cd4   0x00000008   Code   RO         6665    i.HAL_OSPI_SetTimeout  stm32h7xx_hal_ospi.o
    0x08004cdc   0x08004cdc   0x00000028   Code   RO         2988    i.HAL_PCDEx_ActivateLPM  stm32h7xx_hal_pcd_ex.o
    0x08004d04   0x08004d04   0x00000002   Code   RO         2993    i.HAL_PCDEx_LPM_Callback  stm32h7xx_hal_pcd_ex.o
    0x08004d06   0x08004d06   0x0000000a   Code   RO         2994    i.HAL_PCDEx_SetRxFiFo  stm32h7xx_hal_pcd_ex.o
    0x08004d10   0x08004d10   0x0000004e   Code   RO         2995    i.HAL_PCDEx_SetTxFiFo  stm32h7xx_hal_pcd_ex.o
    0x08004d5e   0x08004d5e   0x0000000e   Code   RO        10034    i.HAL_PCD_ConnectCallback  usbd_conf.o
    0x08004d6c   0x08004d6c   0x00000020   Code   RO        10035    i.HAL_PCD_DataInStageCallback  usbd_conf.o
    0x08004d8c   0x08004d8c   0x00000020   Code   RO        10036    i.HAL_PCD_DataOutStageCallback  usbd_conf.o
    0x08004dac   0x08004dac   0x0000000e   Code   RO        10037    i.HAL_PCD_DisconnectCallback  usbd_conf.o
    0x08004dba   0x08004dba   0x00000042   Code   RO         2759    i.HAL_PCD_EP_Abort  stm32h7xx_hal_pcd.o
    0x08004dfc   0x08004dfc   0x0000006a   Code   RO         2760    i.HAL_PCD_EP_Close  stm32h7xx_hal_pcd.o
    0x08004e66   0x08004e66   0x0000007c   Code   RO         2761    i.HAL_PCD_EP_ClrStall  stm32h7xx_hal_pcd.o
    0x08004ee2   0x08004ee2   0x00000016   Code   RO         2763    i.HAL_PCD_EP_GetRxCount  stm32h7xx_hal_pcd.o
    0x08004ef8   0x08004ef8   0x0000008c   Code   RO         2764    i.HAL_PCD_EP_Open   stm32h7xx_hal_pcd.o
    0x08004f84   0x08004f84   0x00000046   Code   RO         2765    i.HAL_PCD_EP_Receive  stm32h7xx_hal_pcd.o
    0x08004fca   0x08004fca   0x0000008a   Code   RO         2766    i.HAL_PCD_EP_SetStall  stm32h7xx_hal_pcd.o
    0x08005054   0x08005054   0x00000048   Code   RO         2767    i.HAL_PCD_EP_Transmit  stm32h7xx_hal_pcd.o
    0x0800509c   0x0800509c   0x0000070e   Code   RO         2769    i.HAL_PCD_IRQHandler  stm32h7xx_hal_pcd.o
    0x080057aa   0x080057aa   0x00000012   Code   RO        10038    i.HAL_PCD_ISOINIncompleteCallback  usbd_conf.o
    0x080057bc   0x080057bc   0x00000012   Code   RO        10039    i.HAL_PCD_ISOOUTIncompleteCallback  usbd_conf.o
    0x080057ce   0x080057ce   0x00000172   Code   RO         2772    i.HAL_PCD_Init      stm32h7xx_hal_pcd.o
    0x08005940   0x08005940   0x00000070   Code   RO        10041    i.HAL_PCD_MspInit   usbd_conf.o
    0x080059b0   0x080059b0   0x00000030   Code   RO        10042    i.HAL_PCD_ResetCallback  usbd_conf.o
    0x080059e0   0x080059e0   0x0000000e   Code   RO        10043    i.HAL_PCD_ResumeCallback  usbd_conf.o
    0x080059ee   0x080059ee   0x0000000e   Code   RO        10044    i.HAL_PCD_SOFCallback  usbd_conf.o
    0x080059fc   0x080059fc   0x00000036   Code   RO         2778    i.HAL_PCD_SetAddress  stm32h7xx_hal_pcd.o
    0x08005a32   0x08005a32   0x00000012   Code   RO        10045    i.HAL_PCD_SetupStageCallback  usbd_conf.o
    0x08005a44   0x08005a44   0x0000004c   Code   RO         2781    i.HAL_PCD_Start     stm32h7xx_hal_pcd.o
    0x08005a90   0x08005a90   0x00000034   Code   RO        10046    i.HAL_PCD_SuspendCallback  usbd_conf.o
    0x08005ac4   0x08005ac4   0x00000060   Code   RO         4544    i.HAL_PWREx_ConfigSupply  stm32h7xx_hal_pwr_ex.o
    0x08005b24   0x08005b24   0x00000014   Code   RO         4561    i.HAL_PWREx_EnableUSBVoltageDetector  stm32h7xx_hal_pwr_ex.o
    0x08005b38   0x08005b38   0x00000024   Code   RO         3486    i.HAL_RCCEx_GetD3PCLK1Freq  stm32h7xx_hal_rcc_ex.o
    0x08005b5c   0x08005b5c   0x00000230   Code   RO         3488    i.HAL_RCCEx_GetPLL2ClockFreq  stm32h7xx_hal_rcc_ex.o
    0x08005d8c   0x08005d8c   0x00000230   Code   RO         3489    i.HAL_RCCEx_GetPLL3ClockFreq  stm32h7xx_hal_rcc_ex.o
    0x08005fbc   0x08005fbc   0x00000cc8   Code   RO         3495    i.HAL_RCCEx_PeriphCLKConfig  stm32h7xx_hal_rcc_ex.o
    0x08006c84   0x08006c84   0x00000320   Code   RO         3371    i.HAL_RCC_ClockConfig  stm32h7xx_hal_rcc.o
    0x08006fa4   0x08006fa4   0x0000004c   Code   RO         3376    i.HAL_RCC_GetHCLKFreq  stm32h7xx_hal_rcc.o
    0x08006ff0   0x08006ff0   0x00000024   Code   RO         3378    i.HAL_RCC_GetPCLK1Freq  stm32h7xx_hal_rcc.o
    0x08007014   0x08007014   0x00000024   Code   RO         3379    i.HAL_RCC_GetPCLK2Freq  stm32h7xx_hal_rcc.o
    0x08007038   0x08007038   0x0000022c   Code   RO         3380    i.HAL_RCC_GetSysClockFreq  stm32h7xx_hal_rcc.o
    0x08007264   0x08007264   0x000000bc   Code   RO         3381    i.HAL_RCC_MCOConfig  stm32h7xx_hal_rcc.o
    0x08007320   0x08007320   0x0000075c   Code   RO         3383    i.HAL_RCC_OscConfig  stm32h7xx_hal_rcc.o
    0x08007a7c   0x08007a7c   0x00000098   Code   RO         8689    i.HAL_RS485Ex_Init  stm32h7xx_hal_uart_ex.o
    0x08007b14   0x08007b14   0x00000002   Code   RO         6908    i.HAL_SPI_ErrorCallback  stm32h7xx_hal_spi.o
    0x08007b16   0x08007b16   0x00000002   PAD
    0x08007b18   0x08007b18   0x00000294   Code   RO         6911    i.HAL_SPI_IRQHandler  stm32h7xx_hal_spi.o
    0x08007dac   0x08007dac   0x000001b0   Code   RO         6912    i.HAL_SPI_Init      stm32h7xx_hal_spi.o
    0x08007f5c   0x08007f5c   0x00000228   Code   RO         2384    i.HAL_SPI_MspInit   spi.o
    0x08008184   0x08008184   0x00000002   Code   RO         6918    i.HAL_SPI_RxCpltCallback  stm32h7xx_hal_spi.o
    0x08008186   0x08008186   0x00000002   Code   RO         6920    i.HAL_SPI_SuspendCallback  stm32h7xx_hal_spi.o
    0x08008188   0x08008188   0x00000002   Code   RO         6927    i.HAL_SPI_TxCpltCallback  stm32h7xx_hal_spi.o
    0x0800818a   0x0800818a   0x00000002   Code   RO         6929    i.HAL_SPI_TxRxCpltCallback  stm32h7xx_hal_spi.o
    0x0800818c   0x0800818c   0x00000034   Code   RO         4802    i.HAL_SYSTICK_Config  stm32h7xx_hal_cortex.o
    0x080081c0   0x080081c0   0x00000002   Code   RO         7962    i.HAL_TIMEx_Break2Callback  stm32h7xx_hal_tim_ex.o
    0x080081c2   0x080081c2   0x00000002   Code   RO         7963    i.HAL_TIMEx_BreakCallback  stm32h7xx_hal_tim_ex.o
    0x080081c4   0x080081c4   0x00000002   Code   RO         7964    i.HAL_TIMEx_CommutCallback  stm32h7xx_hal_tim_ex.o
    0x080081c6   0x080081c6   0x00000002   PAD
    0x080081c8   0x080081c8   0x000000e8   Code   RO         7966    i.HAL_TIMEx_ConfigBreakDeadTime  stm32h7xx_hal_tim_ex.o
    0x080082b0   0x080082b0   0x000000e4   Code   RO         7985    i.HAL_TIMEx_MasterConfigSynchronization  stm32h7xx_hal_tim_ex.o
    0x08008394   0x08008394   0x0000006e   Code   RO         7237    i.HAL_TIM_Base_Init  stm32h7xx_hal_tim.o
    0x08008402   0x08008402   0x00000002   PAD
    0x08008404   0x08008404   0x00000088   Code   RO         2432    i.HAL_TIM_Base_MspInit  tim.o
    0x0800848c   0x0800848c   0x000000cc   Code   RO         7242    i.HAL_TIM_Base_Start_IT  stm32h7xx_hal_tim.o
    0x08008558   0x08008558   0x00000134   Code   RO         7246    i.HAL_TIM_ConfigClockSource  stm32h7xx_hal_tim.o
    0x0800868c   0x0800868c   0x00000002   Code   RO         7271    i.HAL_TIM_IC_CaptureCallback  stm32h7xx_hal_tim.o
    0x0800868e   0x0800868e   0x000001b8   Code   RO         7285    i.HAL_TIM_IRQHandler  stm32h7xx_hal_tim.o
    0x08008846   0x08008846   0x00000002   PAD
    0x08008848   0x08008848   0x000000a4   Code   RO         2433    i.HAL_TIM_MspPostInit  tim.o
    0x080088ec   0x080088ec   0x00000002   Code   RO         7288    i.HAL_TIM_OC_DelayElapsedCallback  stm32h7xx_hal_tim.o
    0x080088ee   0x080088ee   0x00000170   Code   RO         7309    i.HAL_TIM_PWM_ConfigChannel  stm32h7xx_hal_tim.o
    0x08008a5e   0x08008a5e   0x0000006e   Code   RO         7312    i.HAL_TIM_PWM_Init  stm32h7xx_hal_tim.o
    0x08008acc   0x08008acc   0x000000ac   Code   RO         2435    i.HAL_TIM_PWM_MspInit  tim.o
    0x08008b78   0x08008b78   0x00000002   Code   RO         7315    i.HAL_TIM_PWM_PulseFinishedCallback  stm32h7xx_hal_tim.o
    0x08008b7a   0x08008b7a   0x00000002   Code   RO         7323    i.HAL_TIM_PeriodElapsedCallback  stm32h7xx_hal_tim.o
    0x08008b7c   0x08008b7c   0x00000002   Code   RO         7328    i.HAL_TIM_TriggerCallback  stm32h7xx_hal_tim.o
    0x08008b7e   0x08008b7e   0x0000004e   Code   RO         8690    i.HAL_UARTEx_DisableFifoMode  stm32h7xx_hal_uart_ex.o
    0x08008bcc   0x08008bcc   0x00000002   Code   RO         8274    i.HAL_UARTEx_RxEventCallback  stm32h7xx_hal_uart.o
    0x08008bce   0x08008bce   0x00000002   Code   RO         8698    i.HAL_UARTEx_RxFifoFullCallback  stm32h7xx_hal_uart_ex.o
    0x08008bd0   0x08008bd0   0x0000005e   Code   RO         8699    i.HAL_UARTEx_SetRxFifoThreshold  stm32h7xx_hal_uart_ex.o
    0x08008c2e   0x08008c2e   0x0000005e   Code   RO         8700    i.HAL_UARTEx_SetTxFifoThreshold  stm32h7xx_hal_uart_ex.o
    0x08008c8c   0x08008c8c   0x00000002   Code   RO         8702    i.HAL_UARTEx_TxFifoEmptyCallback  stm32h7xx_hal_uart_ex.o
    0x08008c8e   0x08008c8e   0x00000002   Code   RO         8703    i.HAL_UARTEx_WakeupCallback  stm32h7xx_hal_uart_ex.o
    0x08008c90   0x08008c90   0x00000002   Code   RO         8290    i.HAL_UART_ErrorCallback  stm32h7xx_hal_uart.o
    0x08008c92   0x08008c92   0x00000002   PAD
    0x08008c94   0x08008c94   0x00000494   Code   RO         8293    i.HAL_UART_IRQHandler  stm32h7xx_hal_uart.o
    0x08009128   0x08009128   0x00000078   Code   RO         8294    i.HAL_UART_Init     stm32h7xx_hal_uart.o
    0x080091a0   0x080091a0   0x000004e0   Code   RO         2504    i.HAL_UART_MspInit  usart.o
    0x08009680   0x08009680   0x0000005c   Code   RO         8299    i.HAL_UART_Receive_IT  stm32h7xx_hal_uart.o
    0x080096dc   0x080096dc   0x00000034   Code   RO         9218    i.HAL_UART_RxCpltCallback  controller.o
    0x08009710   0x08009710   0x000000a0   Code   RO         8304    i.HAL_UART_Transmit_DMA  stm32h7xx_hal_uart.o
    0x080097b0   0x080097b0   0x00000002   Code   RO         8306    i.HAL_UART_TxCpltCallback  stm32h7xx_hal_uart.o
    0x080097b2   0x080097b2   0x00000002   Code   RO         8307    i.HAL_UART_TxHalfCpltCallback  stm32h7xx_hal_uart.o
    0x080097b4   0x080097b4   0x00000004   Code   RO         2590    i.HardFault_Handler  stm32h7xx_it.o
    0x080097b8   0x080097b8   0x0000003e   Code   RO         9878    i.IntToUnicode      usbd_desc.o
    0x080097f6   0x080097f6   0x00000002   PAD
    0x080097f8   0x080097f8   0x00000038   Code   RO         2180    i.MX_DCMI_Init      dcmi.o
    0x08009830   0x08009830   0x00000064   Code   RO         2220    i.MX_DMA_Init       dma.o
    0x08009894   0x08009894   0x00000084   Code   RO         2246    i.MX_FDCAN1_Init    fdcan.o
    0x08009918   0x08009918   0x00000080   Code   RO         2247    i.MX_FDCAN2_Init    fdcan.o
    0x08009998   0x08009998   0x00000070   Code   RO         2248    i.MX_FDCAN3_Init    fdcan.o
    0x08009a08   0x08009a08   0x00000088   Code   RO         2128    i.MX_FREERTOS_Init  freertos.o
    0x08009a90   0x08009a90   0x00000260   Code   RO         2104    i.MX_GPIO_Init      gpio.o
    0x08009cf0   0x08009cf0   0x00000058   Code   RO         2301    i.MX_I2C1_Init      i2c.o
    0x08009d48   0x08009d48   0x00000078   Code   RO         2343    i.MX_OCTOSPI1_Init  octospi.o
    0x08009dc0   0x08009dc0   0x00000060   Code   RO         2385    i.MX_SPI1_Init      spi.o
    0x08009e20   0x08009e20   0x00000064   Code   RO         2386    i.MX_SPI2_Init      spi.o
    0x08009e84   0x08009e84   0x000000c0   Code   RO         2436    i.MX_TIM1_Init      tim.o
    0x08009f44   0x08009f44   0x0000006c   Code   RO         2437    i.MX_TIM2_Init      tim.o
    0x08009fb0   0x08009fb0   0x0000007c   Code   RO         2438    i.MX_TIM3_Init      tim.o
    0x0800a02c   0x0800a02c   0x00000074   Code   RO         2505    i.MX_UART5_Init     usart.o
    0x0800a0a0   0x0800a0a0   0x0000006c   Code   RO         2506    i.MX_UART7_Init     usart.o
    0x0800a10c   0x0800a10c   0x0000006c   Code   RO         2507    i.MX_UART9_Init     usart.o
    0x0800a178   0x0800a178   0x0000006c   Code   RO         2508    i.MX_USART10_UART_Init  usart.o
    0x0800a1e4   0x0800a1e4   0x0000006c   Code   RO         2509    i.MX_USART1_UART_Init  usart.o
    0x0800a250   0x0800a250   0x00000070   Code   RO         2510    i.MX_USART2_UART_Init  usart.o
    0x0800a2c0   0x0800a2c0   0x00000070   Code   RO         2511    i.MX_USART3_UART_Init  usart.o
    0x0800a330   0x0800a330   0x00000050   Code   RO         9825    i.MX_USB_DEVICE_Init  usb_device.o
    0x0800a380   0x0800a380   0x00000004   Code   RO         2591    i.MemManage_Handler  stm32h7xx_it.o
    0x0800a384   0x0800a384   0x00000004   Code   RO         2592    i.NMI_Handler       stm32h7xx_it.o
    0x0800a388   0x0800a388   0x000000e8   Code   RO         6673    i.OSPIM_GetConfig   stm32h7xx_hal_ospi.o
    0x0800a470   0x0800a470   0x0000004c   Code   RO         6678    i.OSPI_WaitFlagStateUntilTimeout  stm32h7xx_hal_ospi.o
    0x0800a4bc   0x0800a4bc   0x00000010   Code   RO         2593    i.OTG_HS_IRQHandler  stm32h7xx_it.o
    0x0800a4cc   0x0800a4cc   0x00000064   Code   RO         2784    i.PCD_EP_OutSetupPacket_int  stm32h7xx_hal_pcd.o
    0x0800a530   0x0800a530   0x00000144   Code   RO         2785    i.PCD_EP_OutXfrComplete_int  stm32h7xx_hal_pcd.o
    0x0800a674   0x0800a674   0x000000b6   Code   RO         2786    i.PCD_WriteEmptyTxFifo  stm32h7xx_hal_pcd.o
    0x0800a72a   0x0800a72a   0x00000002   PAD
    0x0800a72c   0x0800a72c   0x00000164   Code   RO         3498    i.RCCEx_PLL2_Config  stm32h7xx_hal_rcc_ex.o
    0x0800a890   0x0800a890   0x00000164   Code   RO         3499    i.RCCEx_PLL3_Config  stm32h7xx_hal_rcc_ex.o
    0x0800a9f4   0x0800a9f4   0x00000010   Code   RO         2594    i.SPI2_IRQHandler   stm32h7xx_it.o
    0x0800aa04   0x0800aa04   0x000000d6   Code   RO         6932    i.SPI_CloseTransfer  stm32h7xx_hal_spi.o
    0x0800aada   0x0800aada   0x0000001c   Code   RO         6933    i.SPI_DMAAbortOnError  stm32h7xx_hal_spi.o
    0x0800aaf6   0x0800aaf6   0x0000001a   Code   RO         6943    i.SPI_GetPacketSize  stm32h7xx_hal_spi.o
    0x0800ab10   0x0800ab10   0x00000012   Code   RO        10411    i.SWAPBYTE          usbd_ctlreq.o
    0x0800ab22   0x0800ab22   0x0000000e   Code   RO         2129    i.StartDefaultTask  freertos.o
    0x0800ab30   0x0800ab30   0x00000014   Code   RO         2595    i.SysTick_Handler   stm32h7xx_it.o
    0x0800ab44   0x0800ab44   0x000000cc   Code   RO         1974    i.SystemClock_Config  main.o
    0x0800ac10   0x0800ac10   0x000000e0   Code   RO         8814    i.SystemInit        system_stm32h7xx.o
    0x0800acf0   0x0800acf0   0x00000010   Code   RO         2596    i.TIM2_IRQHandler   stm32h7xx_it.o
    0x0800ad00   0x0800ad00   0x000000e0   Code   RO         7330    i.TIM_Base_SetConfig  stm32h7xx_hal_tim.o
    0x0800ade0   0x0800ade0   0x00000016   Code   RO         7341    i.TIM_ETR_SetConfig  stm32h7xx_hal_tim.o
    0x0800adf6   0x0800adf6   0x00000002   PAD
    0x0800adf8   0x0800adf8   0x00000018   Code   RO         7342    i.TIM_ITRx_SetConfig  stm32h7xx_hal_tim.o
    0x0800ae10   0x0800ae10   0x000000ac   Code   RO         7343    i.TIM_OC1_SetConfig  stm32h7xx_hal_tim.o
    0x0800aebc   0x0800aebc   0x000000b4   Code   RO         7344    i.TIM_OC2_SetConfig  stm32h7xx_hal_tim.o
    0x0800af70   0x0800af70   0x000000b4   Code   RO         7345    i.TIM_OC3_SetConfig  stm32h7xx_hal_tim.o
    0x0800b024   0x0800b024   0x00000074   Code   RO         7346    i.TIM_OC4_SetConfig  stm32h7xx_hal_tim.o
    0x0800b098   0x0800b098   0x00000070   Code   RO         7347    i.TIM_OC5_SetConfig  stm32h7xx_hal_tim.o
    0x0800b108   0x0800b108   0x00000070   Code   RO         7348    i.TIM_OC6_SetConfig  stm32h7xx_hal_tim.o
    0x0800b178   0x0800b178   0x00000026   Code   RO         7350    i.TIM_TI1_ConfigInputStage  stm32h7xx_hal_tim.o
    0x0800b19e   0x0800b19e   0x00000028   Code   RO         7352    i.TIM_TI2_ConfigInputStage  stm32h7xx_hal_tim.o
    0x0800b1c6   0x0800b1c6   0x00000002   PAD
    0x0800b1c8   0x0800b1c8   0x00000010   Code   RO         2597    i.UART5_IRQHandler  stm32h7xx_it.o
    0x0800b1d8   0x0800b1d8   0x00000058   Code   RO         8704    i.UARTEx_SetNbDataToProcess  stm32h7xx_hal_uart_ex.o
    0x0800b230   0x0800b230   0x000000f8   Code   RO         8308    i.UART_AdvFeatureConfig  stm32h7xx_hal_uart.o
    0x0800b328   0x0800b328   0x000000ea   Code   RO         8309    i.UART_CheckIdleState  stm32h7xx_hal_uart.o
    0x0800b412   0x0800b412   0x00000018   Code   RO         8310    i.UART_DMAAbortOnError  stm32h7xx_hal_uart.o
    0x0800b42a   0x0800b42a   0x0000005e   Code   RO         8311    i.UART_DMAError     stm32h7xx_hal_uart.o
    0x0800b488   0x0800b488   0x00000054   Code   RO         8316    i.UART_DMATransmitCplt  stm32h7xx_hal_uart.o
    0x0800b4dc   0x0800b4dc   0x0000000e   Code   RO         8318    i.UART_DMATxHalfCplt  stm32h7xx_hal_uart.o
    0x0800b4ea   0x0800b4ea   0x00000002   PAD
    0x0800b4ec   0x0800b4ec   0x0000006c   Code   RO         8320    i.UART_EndRxTransfer  stm32h7xx_hal_uart.o
    0x0800b558   0x0800b558   0x00000030   Code   RO         8321    i.UART_EndTransmit_IT  stm32h7xx_hal_uart.o
    0x0800b588   0x0800b588   0x00000040   Code   RO         8322    i.UART_EndTxTransfer  stm32h7xx_hal_uart.o
    0x0800b5c8   0x0800b5c8   0x00000104   Code   RO         8323    i.UART_RxISR_16BIT  stm32h7xx_hal_uart.o
    0x0800b6cc   0x0800b6cc   0x000001fc   Code   RO         8324    i.UART_RxISR_16BIT_FIFOEN  stm32h7xx_hal_uart.o
    0x0800b8c8   0x0800b8c8   0x00000104   Code   RO         8325    i.UART_RxISR_8BIT   stm32h7xx_hal_uart.o
    0x0800b9cc   0x0800b9cc   0x000001f8   Code   RO         8326    i.UART_RxISR_8BIT_FIFOEN  stm32h7xx_hal_uart.o
    0x0800bbc4   0x0800bbc4   0x00000628   Code   RO         8327    i.UART_SetConfig    stm32h7xx_hal_uart.o
    0x0800c1ec   0x0800c1ec   0x0000015c   Code   RO         8329    i.UART_Start_Receive_IT  stm32h7xx_hal_uart.o
    0x0800c348   0x0800c348   0x000000a2   Code   RO         8334    i.UART_WaitOnFlagUntilTimeout  stm32h7xx_hal_uart.o
    0x0800c3ea   0x0800c3ea   0x00000002   PAD
    0x0800c3ec   0x0800c3ec   0x00000010   Code   RO         2598    i.USART1_IRQHandler  stm32h7xx_it.o
    0x0800c3fc   0x0800c3fc   0x00000010   Code   RO         2599    i.USART2_IRQHandler  stm32h7xx_it.o
    0x0800c40c   0x0800c40c   0x00000018   Code   RO         9219    i.USART_Init        controller.o
    0x0800c424   0x0800c424   0x000000c4   Code   RO        10582    i.USBD_CDC_DataIn   usbd_cdc.o
    0x0800c4e8   0x0800c4e8   0x00000048   Code   RO        10583    i.USBD_CDC_DataOut  usbd_cdc.o
    0x0800c530   0x0800c530   0x000000d4   Code   RO        10584    i.USBD_CDC_DeInit   usbd_cdc.o
    0x0800c604   0x0800c604   0x00000050   Code   RO        10585    i.USBD_CDC_EP0_RxReady  usbd_cdc.o
    0x0800c654   0x0800c654   0x00000010   Code   RO        10586    i.USBD_CDC_GetDeviceQualifierDescriptor  usbd_cdc.o
    0x0800c664   0x0800c664   0x00000044   Code   RO        10587    i.USBD_CDC_GetFSCfgDesc  usbd_cdc.o
    0x0800c6a8   0x0800c6a8   0x00000048   Code   RO        10588    i.USBD_CDC_GetHSCfgDesc  usbd_cdc.o
    0x0800c6f0   0x0800c6f0   0x00000044   Code   RO        10589    i.USBD_CDC_GetOtherSpeedCfgDesc  usbd_cdc.o
    0x0800c734   0x0800c734   0x000001a0   Code   RO        10590    i.USBD_CDC_Init     usbd_cdc.o
    0x0800c8d4   0x0800c8d4   0x00000050   Code   RO        10591    i.USBD_CDC_ReceivePacket  usbd_cdc.o
    0x0800c924   0x0800c924   0x00000018   Code   RO        10592    i.USBD_CDC_RegisterInterface  usbd_cdc.o
    0x0800c93c   0x0800c93c   0x0000001e   Code   RO        10593    i.USBD_CDC_SetRxBuffer  usbd_cdc.o
    0x0800c95a   0x0800c95a   0x00000024   Code   RO        10594    i.USBD_CDC_SetTxBuffer  usbd_cdc.o
    0x0800c97e   0x0800c97e   0x00000140   Code   RO        10595    i.USBD_CDC_Setup    usbd_cdc.o
    0x0800cabe   0x0800cabe   0x00000002   PAD
    0x0800cac0   0x0800cac0   0x0000005c   Code   RO        10596    i.USBD_CDC_TransmitPacket  usbd_cdc.o
    0x0800cb1c   0x0800cb1c   0x0000001c   Code   RO        10245    i.USBD_ClrClassConfig  usbd_core.o
    0x0800cb38   0x0800cb38   0x0000003e   Code   RO        10412    i.USBD_ClrFeature   usbd_ctlreq.o
    0x0800cb76   0x0800cb76   0x00000006   Code   RO        10246    i.USBD_CoreFindEP   usbd_core.o
    0x0800cb7c   0x0800cb7c   0x00000006   Code   RO        10247    i.USBD_CoreFindIF   usbd_core.o
    0x0800cb82   0x0800cb82   0x00000018   Code   RO        10518    i.USBD_CtlContinueRx  usbd_ioreq.o
    0x0800cb9a   0x0800cb9a   0x00000018   Code   RO        10519    i.USBD_CtlContinueSendData  usbd_ioreq.o
    0x0800cbb2   0x0800cbb2   0x00000018   Code   RO        10413    i.USBD_CtlError     usbd_ctlreq.o
    0x0800cbca   0x0800cbca   0x00000028   Code   RO        10520    i.USBD_CtlPrepareRx  usbd_ioreq.o
    0x0800cbf2   0x0800cbf2   0x0000001a   Code   RO        10521    i.USBD_CtlReceiveStatus  usbd_ioreq.o
    0x0800cc0c   0x0800cc0c   0x00000022   Code   RO        10522    i.USBD_CtlSendData  usbd_ioreq.o
    0x0800cc2e   0x0800cc2e   0x0000001a   Code   RO        10523    i.USBD_CtlSendStatus  usbd_ioreq.o
    0x0800cc48   0x0800cc48   0x00000056   Code   RO        10414    i.USBD_GetConfig    usbd_ctlreq.o
    0x0800cc9e   0x0800cc9e   0x00000232   Code   RO        10415    i.USBD_GetDescriptor  usbd_ctlreq.o
    0x0800ced0   0x0800ced0   0x00000050   Code   RO        10249    i.USBD_GetEpDesc    usbd_core.o
    0x0800cf20   0x0800cf20   0x00000016   Code   RO        10416    i.USBD_GetLen       usbd_ctlreq.o
    0x0800cf36   0x0800cf36   0x00000014   Code   RO        10250    i.USBD_GetNextDesc  usbd_core.o
    0x0800cf4a   0x0800cf4a   0x0000005a   Code   RO        10417    i.USBD_GetStatus    usbd_ctlreq.o
    0x0800cfa4   0x0800cfa4   0x00000054   Code   RO        10418    i.USBD_GetString    usbd_ctlreq.o
    0x0800cff8   0x0800cff8   0x0000002c   Code   RO        10047    i.USBD_Get_USB_Status  usbd_conf.o
    0x0800d024   0x0800d024   0x00000034   Code   RO         9879    i.USBD_HS_ConfigStrDescriptor  usbd_desc.o
    0x0800d058   0x0800d058   0x00000010   Code   RO         9880    i.USBD_HS_DeviceDescriptor  usbd_desc.o
    0x0800d068   0x0800d068   0x00000038   Code   RO         9881    i.USBD_HS_InterfaceStrDescriptor  usbd_desc.o
    0x0800d0a0   0x0800d0a0   0x00000010   Code   RO         9882    i.USBD_HS_LangIDStrDescriptor  usbd_desc.o
    0x0800d0b0   0x0800d0b0   0x0000002c   Code   RO         9883    i.USBD_HS_ManufacturerStrDescriptor  usbd_desc.o
    0x0800d0dc   0x0800d0dc   0x00000040   Code   RO         9884    i.USBD_HS_ProductStrDescriptor  usbd_desc.o
    0x0800d11c   0x0800d11c   0x00000018   Code   RO         9885    i.USBD_HS_SerialStrDescriptor  usbd_desc.o
    0x0800d134   0x0800d134   0x0000003a   Code   RO        10251    i.USBD_Init         usbd_core.o
    0x0800d16e   0x0800d16e   0x00000026   Code   RO        10048    i.USBD_LL_ClearStallEP  usbd_conf.o
    0x0800d194   0x0800d194   0x00000026   Code   RO        10049    i.USBD_LL_CloseEP   usbd_conf.o
    0x0800d1ba   0x0800d1ba   0x00000108   Code   RO        10252    i.USBD_LL_DataInStage  usbd_core.o
    0x0800d2c2   0x0800d2c2   0x00000102   Code   RO        10253    i.USBD_LL_DataOutStage  usbd_core.o
    0x0800d3c4   0x0800d3c4   0x00000006   Code   RO        10254    i.USBD_LL_DevConnected  usbd_core.o
    0x0800d3ca   0x0800d3ca   0x00000026   Code   RO        10255    i.USBD_LL_DevDisconnected  usbd_core.o
    0x0800d3f0   0x0800d3f0   0x00000012   Code   RO        10053    i.USBD_LL_GetRxDataSize  usbd_conf.o
    0x0800d402   0x0800d402   0x00000002   PAD
    0x0800d404   0x0800d404   0x00000070   Code   RO        10054    i.USBD_LL_Init      usbd_conf.o
    0x0800d474   0x0800d474   0x00000038   Code   RO        10055    i.USBD_LL_IsStallEP  usbd_conf.o
    0x0800d4ac   0x0800d4ac   0x00000048   Code   RO        10256    i.USBD_LL_IsoINIncomplete  usbd_core.o
    0x0800d4f4   0x0800d4f4   0x00000048   Code   RO        10257    i.USBD_LL_IsoOUTIncomplete  usbd_core.o
    0x0800d53c   0x0800d53c   0x00000030   Code   RO        10056    i.USBD_LL_OpenEP    usbd_conf.o
    0x0800d56c   0x0800d56c   0x00000030   Code   RO        10057    i.USBD_LL_PrepareReceive  usbd_conf.o
    0x0800d59c   0x0800d59c   0x0000006c   Code   RO        10258    i.USBD_LL_Reset     usbd_core.o
    0x0800d608   0x0800d608   0x00000016   Code   RO        10259    i.USBD_LL_Resume    usbd_core.o
    0x0800d61e   0x0800d61e   0x00000028   Code   RO        10260    i.USBD_LL_SOF       usbd_core.o
    0x0800d646   0x0800d646   0x00000008   Code   RO        10261    i.USBD_LL_SetSpeed  usbd_core.o
    0x0800d64e   0x0800d64e   0x00000026   Code   RO        10058    i.USBD_LL_SetUSBAddress  usbd_conf.o
    0x0800d674   0x0800d674   0x00000076   Code   RO        10262    i.USBD_LL_SetupStage  usbd_core.o
    0x0800d6ea   0x0800d6ea   0x00000026   Code   RO        10059    i.USBD_LL_StallEP   usbd_conf.o
    0x0800d710   0x0800d710   0x0000001e   Code   RO        10060    i.USBD_LL_Start     usbd_conf.o
    0x0800d72e   0x0800d72e   0x0000001c   Code   RO        10263    i.USBD_LL_Suspend   usbd_core.o
    0x0800d74a   0x0800d74a   0x00000030   Code   RO        10062    i.USBD_LL_Transmit  usbd_conf.o
    0x0800d77a   0x0800d77a   0x00000036   Code   RO        10419    i.USBD_ParseSetupRequest  usbd_ctlreq.o
    0x0800d7b0   0x0800d7b0   0x00000048   Code   RO        10264    i.USBD_RegisterClass  usbd_core.o
    0x0800d7f8   0x0800d7f8   0x00000006   Code   RO        10265    i.USBD_RunTestMode  usbd_core.o
    0x0800d7fe   0x0800d7fe   0x0000005a   Code   RO        10420    i.USBD_SetAddress   usbd_ctlreq.o
    0x0800d858   0x0800d858   0x00000020   Code   RO        10266    i.USBD_SetClassConfig  usbd_core.o
    0x0800d878   0x0800d878   0x00000104   Code   RO        10421    i.USBD_SetConfig    usbd_ctlreq.o
    0x0800d97c   0x0800d97c   0x00000038   Code   RO        10422    i.USBD_SetFeature   usbd_ctlreq.o
    0x0800d9b4   0x0800d9b4   0x0000000c   Code   RO        10267    i.USBD_Start        usbd_core.o
    0x0800d9c0   0x0800d9c0   0x000000ae   Code   RO        10423    i.USBD_StdDevReq    usbd_ctlreq.o
    0x0800da6e   0x0800da6e   0x00000280   Code   RO        10424    i.USBD_StdEPReq     usbd_ctlreq.o
    0x0800dcee   0x0800dcee   0x000000ae   Code   RO        10425    i.USBD_StdItfReq    usbd_ctlreq.o
    0x0800dd9c   0x0800dd9c   0x00000002   Code   RO        10063    i.USBD_static_free  usbd_conf.o
    0x0800dd9e   0x0800dd9e   0x00000002   PAD
    0x0800dda0   0x0800dda0   0x0000000c   Code   RO        10064    i.USBD_static_malloc  usbd_conf.o
    0x0800ddac   0x0800ddac   0x000000d0   Code   RO         3060    i.USB_ActivateEndpoint  stm32h7xx_ll_usb.o
    0x0800de7c   0x0800de7c   0x00000028   Code   RO         3062    i.USB_ActivateSetup  stm32h7xx_ll_usb.o
    0x0800dea4   0x0800dea4   0x00000098   Code   RO         3064    i.USB_CoreInit      stm32h7xx_ll_usb.o
    0x0800df3c   0x0800df3c   0x00000058   Code   RO         3065    i.USB_CoreReset     stm32h7xx_ll_usb.o
    0x0800df94   0x0800df94   0x0000014c   Code   RO         3068    i.USB_DeactivateEndpoint  stm32h7xx_ll_usb.o
    0x0800e0e0   0x0800e0e0   0x00000024   Code   RO         3069    i.USB_DevConnect    stm32h7xx_ll_usb.o
    0x0800e104   0x0800e104   0x00000024   Code   RO         3070    i.USB_DevDisconnect  stm32h7xx_ll_usb.o
    0x0800e128   0x0800e128   0x000001d8   Code   RO         3071    i.USB_DevInit       stm32h7xx_ll_usb.o
    0x0800e300   0x0800e300   0x0000000e   Code   RO         3072    i.USB_DisableGlobalInt  stm32h7xx_ll_usb.o
    0x0800e30e   0x0800e30e   0x00000002   PAD
    0x0800e310   0x0800e310   0x00000070   Code   RO         3075    i.USB_EP0_OutStart  stm32h7xx_ll_usb.o
    0x0800e380   0x0800e380   0x0000008e   Code   RO         3076    i.USB_EPClearStall  stm32h7xx_ll_usb.o
    0x0800e40e   0x0800e40e   0x0000009a   Code   RO         3077    i.USB_EPSetStall    stm32h7xx_ll_usb.o
    0x0800e4a8   0x0800e4a8   0x000003b4   Code   RO         3078    i.USB_EPStartXfer   stm32h7xx_ll_usb.o
    0x0800e85c   0x0800e85c   0x000000ec   Code   RO         3079    i.USB_EPStopXfer    stm32h7xx_ll_usb.o
    0x0800e948   0x0800e948   0x0000000e   Code   RO         3080    i.USB_EnableGlobalInt  stm32h7xx_ll_usb.o
    0x0800e956   0x0800e956   0x00000002   PAD
    0x0800e958   0x0800e958   0x00000054   Code   RO         3081    i.USB_FlushRxFifo   stm32h7xx_ll_usb.o
    0x0800e9ac   0x0800e9ac   0x00000058   Code   RO         3082    i.USB_FlushTxFifo   stm32h7xx_ll_usb.o
    0x0800ea04   0x0800ea04   0x00000026   Code   RO         3084    i.USB_GetDevSpeed   stm32h7xx_ll_usb.o
    0x0800ea2a   0x0800ea2a   0x0000000a   Code   RO         3086    i.USB_GetMode       stm32h7xx_ll_usb.o
    0x0800ea34   0x0800ea34   0x00000014   Code   RO         3094    i.USB_ReadDevAllInEpInterrupt  stm32h7xx_ll_usb.o
    0x0800ea48   0x0800ea48   0x00000014   Code   RO         3095    i.USB_ReadDevAllOutEpInterrupt  stm32h7xx_ll_usb.o
    0x0800ea5c   0x0800ea5c   0x00000032   Code   RO         3096    i.USB_ReadDevInEPInterrupt  stm32h7xx_ll_usb.o
    0x0800ea8e   0x0800ea8e   0x0000001a   Code   RO         3097    i.USB_ReadDevOutEPInterrupt  stm32h7xx_ll_usb.o
    0x0800eaa8   0x0800eaa8   0x0000000a   Code   RO         3098    i.USB_ReadInterrupts  stm32h7xx_ll_usb.o
    0x0800eab2   0x0800eab2   0x00000060   Code   RO         3099    i.USB_ReadPacket    stm32h7xx_ll_usb.o
    0x0800eb12   0x0800eb12   0x00000068   Code   RO         3101    i.USB_SetCurrentMode  stm32h7xx_ll_usb.o
    0x0800eb7a   0x0800eb7a   0x0000002a   Code   RO         3102    i.USB_SetDevAddress  stm32h7xx_ll_usb.o
    0x0800eba4   0x0800eba4   0x00000012   Code   RO         3103    i.USB_SetDevSpeed   stm32h7xx_ll_usb.o
    0x0800ebb6   0x0800ebb6   0x00000002   PAD
    0x0800ebb8   0x0800ebb8   0x000000e8   Code   RO         3104    i.USB_SetTurnaroundTime  stm32h7xx_ll_usb.o
    0x0800eca0   0x0800eca0   0x00000044   Code   RO         3107    i.USB_WritePacket   stm32h7xx_ll_usb.o
    0x0800ece4   0x0800ece4   0x00000004   Code   RO         2600    i.UsageFault_Handler  stm32h7xx_it.o
    0x0800ece8   0x0800ece8   0x00000034   Code   RO         9332    i.XoutTask_CAN1     main_control.o
    0x0800ed1c   0x0800ed1c   0x00000034   Code   RO         9333    i.XoutTask_CAN2     main_control.o
    0x0800ed50   0x0800ed50   0x00000010   Code   RO         4804    i.__NVIC_GetPriorityGrouping  stm32h7xx_hal_cortex.o
    0x0800ed60   0x0800ed60   0x00000028   Code   RO         4805    i.__NVIC_SetPriority  stm32h7xx_hal_cortex.o
    0x0800ed88   0x0800ed88   0x00000006   Code   RO         1185    i.__get_IPSR        cmsis_os2.o
    0x0800ed8e   0x0800ed8e   0x0000000e   Code   RO        10727    i.__scatterload_copy  mc_w.l(handlers.o)
    0x0800ed9c   0x0800ed9c   0x00000002   Code   RO        10728    i.__scatterload_null  mc_w.l(handlers.o)
    0x0800ed9e   0x0800ed9e   0x0000000e   Code   RO        10729    i.__scatterload_zeroinit  mc_w.l(handlers.o)
    0x0800edac   0x0800edac   0x0000001c   Code   RO         9419    i.calc_checksum     board_com.o
    0x0800edc8   0x0800edc8   0x00000084   Code   RO         8854    i.canx_send_data    can_bsp.o
    0x0800ee4c   0x0800ee4c   0x0000003c   Code   RO         9420    i.comTask           board_com.o
    0x0800ee88   0x0800ee88   0x00000038   Code   RO         9220    i.controller_Handle  controller.o
    0x0800eec0   0x0800eec0   0x000001ac   Code   RO         9221    i.controller_Parse_Data  controller.o
    0x0800f06c   0x0800f06c   0x00000084   Code   RO         9222    i.controller_Reveive  controller.o
    0x0800f0f0   0x0800f0f0   0x000000a0   Code   RO         9223    i.controller_solve  controller.o
    0x0800f190   0x0800f190   0x00000052   Code   RO         8909    i.dm_abs_to_mit_pos  dm_drv.o
    0x0800f1e2   0x0800f1e2   0x000000d2   Code   RO         8910    i.dm_fbdata         dm_drv.o
    0x0800f2b4   0x0800f2b4   0x0000002e   Code   RO         8911    i.dm_read_xout      dm_drv.o
    0x0800f2e2   0x0800f2e2   0x00000042   Code   RO         8913    i.enable_motor_mode  dm_drv.o
    0x0800f324   0x0800f324   0x00000032   Code   RO         8914    i.float_to_uint     dm_drv.o
    0x0800f356   0x0800f356   0x00000004   Code   RO         9279    i.imu_Task          imu.o
    0x0800f35a   0x0800f35a   0x00000006   Code   RO         8915    i.joint_motor_init  dm_drv.o
    0x0800f360   0x0800f360   0x000000a4   Code   RO         1975    i.main              main.o
    0x0800f404   0x0800f404   0x00000124   Code   RO         9334    i.mainTask          main_control.o
    0x0800f528   0x0800f528   0x000000ec   Code   RO         8916    i.mit_ctrl          dm_drv.o
    0x0800f614   0x0800f614   0x0000003e   Code   RO         8917    i.mit_ctrl_abs      dm_drv.o
    0x0800f652   0x0800f652   0x00000002   PAD
    0x0800f654   0x0800f654   0x00000044   Code   RO         8918    i.mit_free          dm_drv.o
    0x0800f698   0x0800f698   0x0000009c   Code   RO         9337    i.motor_enable      main_control.o
    0x0800f734   0x0800f734   0x00000104   Code   RO         9338    i.motor_info_init   main_control.o
    0x0800f838   0x0800f838   0x0000001e   Code   RO         1186    i.osDelay           cmsis_os2.o
    0x0800f856   0x0800f856   0x00000002   PAD
    0x0800f858   0x0800f858   0x0000002c   Code   RO         1200    i.osKernelInitialize  cmsis_os2.o
    0x0800f884   0x0800f884   0x00000060   Code   RO         1203    i.osKernelStart     cmsis_os2.o
    0x0800f8e4   0x0800f8e4   0x000000b8   Code   RO         1245    i.osThreadNew       cmsis_os2.o
    0x0800f99c   0x0800f99c   0x0000004c   Code   RO         9421    i.pack_controller_message  board_com.o
    0x0800f9e8   0x0800f9e8   0x0000007c   Code   RO          621    i.prvAddCurrentTaskToDelayedList  tasks.o
    0x0800fa64   0x0800fa64   0x000000b8   Code   RO          622    i.prvAddNewTaskToReadyList  tasks.o
    0x0800fb1c   0x0800fb1c   0x00000074   Code   RO          997    i.prvCheckForValidListAndQueue  timers.o
    0x0800fb90   0x0800fb90   0x00000048   Code   RO          623    i.prvCheckTasksWaitingTermination  tasks.o
    0x0800fbd8   0x0800fbd8   0x0000002a   Code   RO          208    i.prvCopyDataFromQueue  queue.o
    0x0800fc02   0x0800fc02   0x0000007e   Code   RO          209    i.prvCopyDataToQueue  queue.o
    0x0800fc80   0x0800fc80   0x00000050   Code   RO          624    i.prvDeleteTCB      tasks.o
    0x0800fcd0   0x0800fcd0   0x00000028   Code   RO          998    i.prvGetNextExpireTime  timers.o
    0x0800fcf8   0x0800fcf8   0x0000007c   Code   RO         1831    i.prvHeapInit       heap_4.o
    0x0800fd74   0x0800fd74   0x00000028   Code   RO          625    i.prvIdleTask       tasks.o
    0x0800fd9c   0x0800fd9c   0x0000002a   Code   RO          212    i.prvInitialiseNewQueue  queue.o
    0x0800fdc6   0x0800fdc6   0x000000be   Code   RO          626    i.prvInitialiseNewTask  tasks.o
    0x0800fe84   0x0800fe84   0x00000068   Code   RO          627    i.prvInitialiseTaskLists  tasks.o
    0x0800feec   0x0800feec   0x00000068   Code   RO         1832    i.prvInsertBlockIntoFreeList  heap_4.o
    0x0800ff54   0x0800ff54   0x00000058   Code   RO         1000    i.prvInsertTimerInActiveList  timers.o
    0x0800ffac   0x0800ffac   0x0000001a   Code   RO          213    i.prvIsQueueEmpty   queue.o
    0x0800ffc6   0x0800ffc6   0x0000001e   Code   RO          214    i.prvIsQueueFull    queue.o
    0x0800ffe4   0x0800ffe4   0x00000074   Code   RO         1001    i.prvProcessExpiredTimer  timers.o
    0x08010058   0x08010058   0x00000164   Code   RO         1002    i.prvProcessReceivedCommands  timers.o
    0x080101bc   0x080101bc   0x00000074   Code   RO         1003    i.prvProcessTimerOrBlockTask  timers.o
    0x08010230   0x08010230   0x00000034   Code   RO          629    i.prvResetNextTaskUnblockTime  tasks.o
    0x08010264   0x08010264   0x0000002c   Code   RO         1004    i.prvSampleTimeNow  timers.o
    0x08010290   0x08010290   0x000000a4   Code   RO         1005    i.prvSwitchTimerLists  timers.o
    0x08010334   0x08010334   0x00000040   Code   RO         1887    i.prvTaskExitError  port.o
    0x08010374   0x08010374   0x0000001a   Code   RO         1006    i.prvTimerTask      timers.o
    0x0801038e   0x0801038e   0x0000007e   Code   RO          215    i.prvUnlockQueue    queue.o
    0x0801040c   0x0801040c   0x0000014c   Code   RO         1833    i.pvPortMalloc      heap_4.o
    0x08010558   0x08010558   0x0000002c   Code   RO         1888    i.pxPortInitialiseStack  port.o
    0x08010584   0x08010584   0x00000050   Code   RO         9422    i.send_message      board_com.o
    0x080105d4   0x080105d4   0x00000034   Code   RO         8921    i.uint_to_float     dm_drv.o
    0x08010608   0x08010608   0x00000028   Code   RO          168    i.uxListRemove      list.o
    0x08010630   0x08010630   0x00000018   Code   RO         1257    i.vApplicationGetIdleTaskMemory  cmsis_os2.o
    0x08010648   0x08010648   0x00000018   Code   RO         1258    i.vApplicationGetTimerTaskMemory  cmsis_os2.o
    0x08010660   0x08010660   0x0000001a   Code   RO          169    i.vListInitialise   list.o
    0x0801067a   0x0801067a   0x00000006   Code   RO          170    i.vListInitialiseItem  list.o
    0x08010680   0x08010680   0x00000034   Code   RO          171    i.vListInsert       list.o
    0x080106b4   0x080106b4   0x00000018   Code   RO          172    i.vListInsertEnd    list.o
    0x080106cc   0x080106cc   0x00000054   Code   RO         1890    i.vPortEnterCritical  port.o
    0x08010720   0x08010720   0x0000003c   Code   RO         1891    i.vPortExitCritical  port.o
    0x0801075c   0x0801075c   0x000000a4   Code   RO         1834    i.vPortFree         heap_4.o
    0x08010800   0x08010800   0x00000028   Code   RO         1892    i.vPortSetupTimerInterrupt  port.o
    0x08010828   0x08010828   0x00000078   Code   RO         1893    i.vPortValidateInterruptPriority  port.o
    0x080108a0   0x080108a0   0x0000002c   Code   RO          221    i.vQueueAddToRegistry  queue.o
    0x080108cc   0x080108cc   0x0000004a   Code   RO          225    i.vQueueWaitForMessageRestricted  queue.o
    0x08010916   0x08010916   0x00000002   PAD
    0x08010918   0x08010918   0x0000005c   Code   RO          642    i.vTaskDelay        tasks.o
    0x08010974   0x08010974   0x00000018   Code   RO          647    i.vTaskInternalSetTimeOutState  tasks.o
    0x0801098c   0x0801098c   0x0000000c   Code   RO          648    i.vTaskMissedYield  tasks.o
    0x08010998   0x08010998   0x00000038   Code   RO          650    i.vTaskPlaceOnEventList  tasks.o
    0x080109d0   0x080109d0   0x00000040   Code   RO          651    i.vTaskPlaceOnEventListRestricted  tasks.o
    0x08010a10   0x08010a10   0x000000b8   Code   RO          659    i.vTaskStartScheduler  tasks.o
    0x08010ac8   0x08010ac8   0x00000010   Code   RO          661    i.vTaskSuspendAll   tasks.o
    0x08010ad8   0x08010ad8   0x00000090   Code   RO          662    i.vTaskSwitchContext  tasks.o
    0x08010b68   0x08010b68   0x00000168   Code   RO         1894    i.xPortStartScheduler  port.o
    0x08010cd0   0x08010cd0   0x00000034   Code   RO         1895    i.xPortSysTickHandler  port.o
    0x08010d04   0x08010d04   0x000000e0   Code   RO          231    i.xQueueGenericCreateStatic  queue.o
    0x08010de4   0x08010de4   0x00000098   Code   RO          232    i.xQueueGenericReset  queue.o
    0x08010e7c   0x08010e7c   0x000001a8   Code   RO          233    i.xQueueGenericSend  queue.o
    0x08011024   0x08011024   0x000000fc   Code   RO          234    i.xQueueGenericSendFromISR  queue.o
    0x08011120   0x08011120   0x00000168   Code   RO          243    i.xQueueReceive     queue.o
    0x08011288   0x08011288   0x0000008c   Code   RO          664    i.xTaskCheckForTimeOut  tasks.o
    0x08011314   0x08011314   0x00000064   Code   RO          665    i.xTaskCreate       tasks.o
    0x08011378   0x08011378   0x000000ba   Code   RO          666    i.xTaskCreateStatic  tasks.o
    0x08011432   0x08011432   0x00000002   PAD
    0x08011434   0x08011434   0x00000020   Code   RO          670    i.xTaskGetSchedulerState  tasks.o
    0x08011454   0x08011454   0x0000000c   Code   RO          671    i.xTaskGetTickCount  tasks.o
    0x08011460   0x08011460   0x00000144   Code   RO          673    i.xTaskIncrementTick  tasks.o
    0x080115a4   0x080115a4   0x000000a4   Code   RO          676    i.xTaskPriorityDisinherit  tasks.o
    0x08011648   0x08011648   0x00000098   Code   RO          678    i.xTaskRemoveFromEventList  tasks.o
    0x080116e0   0x080116e0   0x00000104   Code   RO          679    i.xTaskResumeAll    tasks.o
    0x080117e4   0x080117e4   0x00000078   Code   RO         1015    i.xTimerCreateTimerTask  timers.o
    0x0801185c   0x0801185c   0x00000084   Code   RO         1016    i.xTimerGenericCommand  timers.o
    0x080118e0   0x080118e0   0x000000fc   Data   RO         2130    .constdata          freertos.o
    0x080119dc   0x080119dc   0x00000008   Data   RO         4107    .constdata          stm32h7xx_hal_dma.o
    0x080119e4   0x080119e4   0x0000005c   Data   RO         6119    .constdata          stm32h7xx_hal_fdcan.o
    0x08011a40   0x08011a40   0x00000018   Data   RO         8335    .constdata          stm32h7xx_hal_uart.o
    0x08011a58   0x08011a58   0x00000010   Data   RO         8706    .constdata          stm32h7xx_hal_uart_ex.o
    0x08011a68   0x08011a68   0x00000010   Data   RO         8815    .constdata          system_stm32h7xx.o
    0x08011a78   0x08011a78   0x0000000c   Data   RO         9341    .constdata          main_control.o
    0x08011a84   0x08011a84   0x00000058   Data   RO         2131    .conststring        freertos.o
    0x08011adc   0x08011adc   0x00000020   Data   RO        10725    Region$$Table       anon$$obj.o


    Execution Region RW_IRAM1 (Exec base: 0x20000000, Load base: 0x08011afc, Size: 0x00000000, Max: 0x00020000, ABSOLUTE)

    **** No section assigned to this execution region ****


    Execution Region RW_IRAM2 (Exec base: 0x24000000, Load base: 0x08011afc, Size: 0x00007d30, Max: 0x00050000, ABSOLUTE, COMPRESSED[0x000000d0])

    Exec Addr    Load Addr    Size         Type   Attr      Idx    E Section Name        Object

    0x24000000   COMPRESSED   0x0000003c   Data   RW          682    .data               tasks.o
    0x2400003c   COMPRESSED   0x00000014   Data   RW         1024    .data               timers.o
    0x24000050   COMPRESSED   0x00000004   Data   RW         1260    .data               cmsis_os2.o
    0x24000054   COMPRESSED   0x00000020   Data   RW         1840    .data               heap_4.o
    0x24000074   COMPRESSED   0x0000000c   Data   RW         1896    .data               port.o
    0x24000080   COMPRESSED   0x0000001c   Data   RW         2132    .data               freertos.o
    0x2400009c   COMPRESSED   0x00000004   Data   RW         2250    .data               fdcan.o
    0x240000a0   COMPRESSED   0x00000009   Data   RW         4985    .data               stm32h7xx_hal.o
    0x240000a9   COMPRESSED   0x00000003   PAD
    0x240000ac   COMPRESSED   0x00000008   Data   RW         8816    .data               system_stm32h7xx.o
    0x240000b4   COMPRESSED   0x00000008   Data   RW         8856    .data               can_bsp.o
    0x240000bc   COMPRESSED   0x0000000c   Data   RW         9225    .data               controller.o
    0x240000c8   COMPRESSED   0x00000010   Data   RW         9342    .data               main_control.o
    0x240000d8   COMPRESSED   0x00000001   Data   RW         9424    .data               board_com.o
    0x240000d9   COMPRESSED   0x00000003   PAD
    0x240000dc   COMPRESSED   0x0000005e   Data   RW         9888    .data               usbd_desc.o
    0x2400013a   COMPRESSED   0x00000002   PAD
    0x2400013c   COMPRESSED   0x00000014   Data   RW         9980    .data               usbd_cdc_if.o
    0x24000150   COMPRESSED   0x00000001   Data   RW        10426    .data               usbd_ctlreq.o
    0x24000151   COMPRESSED   0x00000003   PAD
    0x24000154   COMPRESSED   0x0000008a   Data   RW        10597    .data               usbd_cdc.o
    0x240001de   COMPRESSED   0x00000002   PAD
    0x240001e0        -       0x00000040   Zero   RW          247    .bss                queue.o
    0x24000220        -       0x000004c4   Zero   RW          681    .bss                tasks.o
    0x240006e4        -       0x00000118   Zero   RW         1023    .bss                timers.o
    0x240007fc        -       0x000006b8   Zero   RW         1259    .bss                cmsis_os2.o
    0x24000eb4        -       0x00003c00   Zero   RW         1839    .bss                heap_4.o
    0x24004ab4        -       0x000004b0   Zero   RW         1976    .bss                main.o
    0x24004f64        -       0x00000050   Zero   RW         2181    .bss                dcmi.o
    0x24004fb4        -       0x000001e0   Zero   RW         2249    .bss                fdcan.o
    0x24005194        -       0x00000054   Zero   RW         2302    .bss                i2c.o
    0x240051e8        -       0x0000005c   Zero   RW         2344    .bss                octospi.o
    0x24005244        -       0x00000200   Zero   RW         2387    .bss                spi.o
    0x24005444        -       0x000000e4   Zero   RW         2439    .bss                tim.o
    0x24005528        -       0x000004fc   Zero   RW         2512    .bss                usart.o
    0x24005a24        -       0x000000d0   Zero   RW         8855    .bss                can_bsp.o
    0x24005af4        -       0x00000070   Zero   RW         9224    .bss                controller.o
    0x24005b64        -       0x00000194   Zero   RW         9340    .bss                main_control.o
    0x24005cf8        -       0x00000030   Zero   RW         9423    .bss                board_com.o
    0x24005d28        -       0x000002dc   Zero   RW         9826    .bss                usb_device.o
    0x24006004        -       0x00000200   Zero   RW         9887    .bss                usbd_desc.o
    0x24006204        -       0x00001000   Zero   RW         9979    .bss                usbd_cdc_if.o
    0x24007204        -       0x0000072c   Zero   RW        10065    .bss                usbd_conf.o
    0x24007930        -       0x00000400   Zero   RW         1963    STACK               startup_stm32h723xx.o


==============================================================================

Image component sizes


      Code (inc. data)   RO Data    RW Data    ZI Data      Debug   Object Name

       244         24          0          1         48       4425   board_com.o
       620         44          0          8        208       5007   can_bsp.o
       408         38          0          4       1720    1341041   cmsis_os2.o
       852         72          0         12        112       6045   controller.o
         0          0          0          0          0      11668   croutine.o
       408         38          0          0         80       2186   dcmi.o
       878         16          0          0          0       9215   dm_drv.o
       100          4          0          0          0        986   dma.o
         0          0          0          0          0      19604   event_groups.o
       880         56          0          4        480       3729   fdcan.o
       150         62        340         28          0       2758   freertos.o
       608         24          0          0          0       1495   gpio.o
       724         74          0         32      15360       5219   heap_4.o
       248         28          0          0         84       2013   i2c.o
         4          0          0          0          0        535   imu.o
       148          0          0          0          0       3922   list.o
       374         12          0          0       1200      14830   main.o
       880        116         12         16        404       6341   main_control.o
       540         32          0          0         92       2419   octospi.o
      1014         92          0         12          0      12281   port.o
      1922         20          0          0         64      18156   queue.o
       748         58          0          0        512       3052   spi.o
        36          8        716          0       1024        844   startup_stm32h723xx.o
       260         48          0          9          0      23997   stm32h7xx_hal.o
       310         22          0          0          0      40327   stm32h7xx_hal_cortex.o
       160          4          0          0          0       1340   stm32h7xx_hal_dcmi.o
      8650        164          8          0          0      13874   stm32h7xx_hal_dma.o
      3586         52         92          0          0      23760   stm32h7xx_hal_fdcan.o
       536         54          0          0          0       3023   stm32h7xx_hal_gpio.o
       196          4          0          0          0       2955   stm32h7xx_hal_i2c.o
       210          0          0          0          0       2191   stm32h7xx_hal_i2c_ex.o
        48          6          0          0          0       1022   stm32h7xx_hal_msp.o
      2372         38          0          0          0       6025   stm32h7xx_hal_ospi.o
      3650         16          0          0          0      14624   stm32h7xx_hal_pcd.o
       130          4          0          0          0       3413   stm32h7xx_hal_pcd_ex.o
       116         12          0          0          0       1422   stm32h7xx_hal_pwr_ex.o
      3576        124          0          0          0       8164   stm32h7xx_hal_rcc.o
      5140        112          0          0          0       7625   stm32h7xx_hal_rcc_ex.o
      1370         18          0          0          0       8083   stm32h7xx_hal_spi.o
      2770        252          0          0          0      17550   stm32h7xx_hal_tim.o
       466         46          0          0          0       4444   stm32h7xx_hal_tim_ex.o
      6088        222         24          0          0      42680   stm32h7xx_hal_uart.o
       512         14         16          0          0       6849   stm32h7xx_hal_uart_ex.o
       262         72          0          0          0      10649   stm32h7xx_it.o
      3890        100          0          0          0      24172   stm32h7xx_ll_usb.o
         0          0          0          0          0        384   stream_buffer.o
       224         32         16          8          0       1514   system_stm32h7xx.o
      2808        346          0         60       1220      28686   tasks.o
       896         64          0          0        228       5124   tim.o
      1318        124          0         20        280      33735   timers.o
      2020        142          0          0       1276       6954   usart.o
        80         16          0          0        732       2715   usb_device.o
      1782         54          0        138          0      15109   usbd_cdc.o
       216         24          0         20       4096       4716   usbd_cdc_if.o
       956         30          0          0       1836      18828   usbd_conf.o
      1354          0          0          0          0      17593   usbd_core.o
      2396         22          0          1          0      18788   usbd_ctlreq.o
       386        122          0         94        512       7521   usbd_desc.o
       174          0          0          0          0       5124   usbd_ioreq.o

    ----------------------------------------------------------------------
     70752       3178       1256        480      31568    1912751   Object Totals
         0          0         32          0          0          0   (incl. Generated)
        58          0          0         13          0          0   (incl. Padding)

    ----------------------------------------------------------------------

      Code (inc. data)   RO Data    RW Data    ZI Data      Debug   Library Member Name

        86          0          0          0          0          0   __dczerorl2.o
         0          0          0          0          0          0   entry.o
         0          0          0          0          0          0   entry10a.o
         0          0          0          0          0          0   entry11a.o
         4          0          0          0          0          0   entry12b.o
         8          4          0          0          0          0   entry2.o
         4          0          0          0          0          0   entry5.o
         0          0          0          0          0          0   entry7b.o
         0          0          0          0          0          0   entry8b.o
         8          4          0          0          0          0   entry9a.o
        30          0          0          0          0          0   handlers.o
        36          8          0          0          0         68   init.o
        30          0          0          0          0         68   llshl.o
        32          0          0          0          0         68   llushr.o
        26          0          0          0          0         80   memcmp.o
        36          0          0          0          0         68   memcpya.o
        36          0          0          0          0        108   memseta.o
        98          0          0          0          0         92   uldiv.o

    ----------------------------------------------------------------------
       436         16          0          0          0        552   Library Totals
         2          0          0          0          0          0   (incl. Padding)

    ----------------------------------------------------------------------

      Code (inc. data)   RO Data    RW Data    ZI Data      Debug   Library Name

       434         16          0          0          0        552   mc_w.l

    ----------------------------------------------------------------------
       436         16          0          0          0        552   Library Totals

    ----------------------------------------------------------------------

==============================================================================


      Code (inc. data)   RO Data    RW Data    ZI Data      Debug   

     71188       3194       1256        480      31568    1869279   Grand Totals
     71188       3194       1256        208      31568    1869279   ELF Image Totals (compressed)
     71188       3194       1256        208          0          0   ROM Totals

==============================================================================

    Total RO  Size (Code + RO Data)                72444 (  70.75kB)
    Total RW  Size (RW Data + ZI Data)             32048 (  31.30kB)
    Total ROM Size (Code + RO Data + RW Data)      72652 (  70.95kB)

==============================================================================

